Archive member included to satisfy reference by file (symbol)

c:/vsarm/armcc/1142da~1.3re/bin/../lib/gcc/arm-none-eabi/11.3.1/thumb/v6-m/nofp\libgcc.a(_dvmd_tls.o)
                              CMakeFiles/src.dir/C_/VSARM/sdk/pico/pico-sdk/src/rp2_common/pico_divider/divider.S.obj (__aeabi_idiv0)
c:/vsarm/armcc/1142da~1.3re/bin/../lib/gcc/arm-none-eabi/11.3.1/thumb/v6-m/nofp\libg.a(libc_a-calloc.o)
                              CMakeFiles/src.dir/C_/VSARM/sdk/pico/pico-sdk/src/rp2_common/pico_malloc/pico_malloc.c.obj (calloc)
c:/vsarm/armcc/1142da~1.3re/bin/../lib/gcc/arm-none-eabi/11.3.1/thumb/v6-m/nofp\libg.a(libc_a-callocr.o)
                              c:/vsarm/armcc/1142da~1.3re/bin/../lib/gcc/arm-none-eabi/11.3.1/thumb/v6-m/nofp\libg.a(libc_a-calloc.o) (_calloc_r)
c:/vsarm/armcc/1142da~1.3re/bin/../lib/gcc/arm-none-eabi/11.3.1/thumb/v6-m/nofp\libg.a(libc_a-malloc.o)
                              CMakeFiles/src.dir/C_/VSARM/sdk/pico/pico-sdk/src/rp2_common/pico_malloc/pico_malloc.c.obj (malloc)
c:/vsarm/armcc/1142da~1.3re/bin/../lib/gcc/arm-none-eabi/11.3.1/thumb/v6-m/nofp\libg.a(libc_a-mallocr.o)
                              c:/vsarm/armcc/1142da~1.3re/bin/../lib/gcc/arm-none-eabi/11.3.1/thumb/v6-m/nofp\libg.a(libc_a-callocr.o) (_malloc_r)
c:/vsarm/armcc/1142da~1.3re/bin/../lib/gcc/arm-none-eabi/11.3.1/thumb/v6-m/nofp\libg.a(libc_a-mlock.o)
                              c:/vsarm/armcc/1142da~1.3re/bin/../lib/gcc/arm-none-eabi/11.3.1/thumb/v6-m/nofp\libg.a(libc_a-mallocr.o) (__malloc_lock)
c:/vsarm/armcc/1142da~1.3re/bin/../lib/gcc/arm-none-eabi/11.3.1/thumb/v6-m/nofp\libg.a(libc_a-realloc.o)
                              CMakeFiles/src.dir/C_/VSARM/sdk/pico/pico-sdk/src/rp2_common/pico_malloc/pico_malloc.c.obj (realloc)
c:/vsarm/armcc/1142da~1.3re/bin/../lib/gcc/arm-none-eabi/11.3.1/thumb/v6-m/nofp\libg.a(libc_a-reallocr.o)
                              c:/vsarm/armcc/1142da~1.3re/bin/../lib/gcc/arm-none-eabi/11.3.1/thumb/v6-m/nofp\libg.a(libc_a-realloc.o) (_realloc_r)
c:/vsarm/armcc/1142da~1.3re/bin/../lib/gcc/arm-none-eabi/11.3.1/thumb/v6-m/nofp\libg.a(libc_a-memmove.o)
                              c:/vsarm/armcc/1142da~1.3re/bin/../lib/gcc/arm-none-eabi/11.3.1/thumb/v6-m/nofp\libg.a(libc_a-reallocr.o) (memmove)
c:/vsarm/armcc/1142da~1.3re/bin/../lib/gcc/arm-none-eabi/11.3.1/thumb/v6-m/nofp\libg.a(libc_a-impure.o)
                              c:/vsarm/armcc/1142da~1.3re/bin/../lib/gcc/arm-none-eabi/11.3.1/thumb/v6-m/nofp\libg.a(libc_a-calloc.o) (_impure_ptr)
c:/vsarm/armcc/1142da~1.3re/bin/../lib/gcc/arm-none-eabi/11.3.1/thumb/v6-m/nofp\libg.a(libc_a-sbrkr.o)
                              c:/vsarm/armcc/1142da~1.3re/bin/../lib/gcc/arm-none-eabi/11.3.1/thumb/v6-m/nofp\libg.a(libc_a-mallocr.o) (_sbrk_r)
c:/vsarm/armcc/1142da~1.3re/bin/../lib/gcc/arm-none-eabi/11.3.1/thumb/v6-m/nofp\libg.a(libc_a-errno.o)
                              c:/vsarm/armcc/1142da~1.3re/bin/../lib/gcc/arm-none-eabi/11.3.1/thumb/v6-m/nofp\libg.a(libc_a-callocr.o) (__errno)
c:/vsarm/armcc/1142da~1.3re/bin/../lib/gcc/arm-none-eabi/11.3.1/thumb/v6-m/nofp\libg.a(libc_a-init.o)
                              c:/vsarm/armcc/1142da~1.3re/bin/../lib/gcc/arm-none-eabi/11.3.1/thumb/v6-m/nofp/crt0.o (__libc_init_array)
c:/vsarm/armcc/1142da~1.3re/bin/../lib/gcc/arm-none-eabi/11.3.1/thumb/v6-m/nofp\libg.a(libc_a-lock.o)
                              c:/vsarm/armcc/1142da~1.3re/bin/../lib/gcc/arm-none-eabi/11.3.1/thumb/v6-m/nofp\libg.a(libc_a-mlock.o) (__retarget_lock_acquire_recursive)
c:/vsarm/armcc/1142da~1.3re/bin/../lib/gcc/arm-none-eabi/11.3.1/thumb/v6-m/nofp\libg.a(libc_a-strlen-stub.o)
                              CMakeFiles/src.dir/C_/VSARM/sdk/pico/pico-sdk/src/rp2_common/pico_stdio/stdio.c.obj (strlen)
c:/vsarm/armcc/1142da~1.3re/bin/../lib/gcc/arm-none-eabi/11.3.1/thumb/v6-m/nofp\libg.a(libc_a-freer.o)
                              c:/vsarm/armcc/1142da~1.3re/bin/../lib/gcc/arm-none-eabi/11.3.1/thumb/v6-m/nofp\libg.a(libc_a-malloc.o) (_free_r)
c:/vsarm/armcc/1142da~1.3re/bin/../lib/gcc/arm-none-eabi/11.3.1/thumb/v6-m/nofp\libg.a(libc_a-findfp.o)
                              c:/vsarm/armcc/1142da~1.3re/bin/../lib/gcc/arm-none-eabi/11.3.1/thumb/v6-m/nofp\libg.a(libc_a-impure.o) (__sf)
c:/vsarm/armcc/1142da~1.3re/bin/../lib/gcc/arm-none-eabi/11.3.1/thumb/v6-m/nofp\libg.a(libc_a-fwalk.o)
                              c:/vsarm/armcc/1142da~1.3re/bin/../lib/gcc/arm-none-eabi/11.3.1/thumb/v6-m/nofp\libg.a(libc_a-findfp.o) (_fwalk_sglue)
c:/vsarm/armcc/1142da~1.3re/bin/../lib/gcc/arm-none-eabi/11.3.1/thumb/v6-m/nofp\libg.a(libc_a-stdio.o)
                              c:/vsarm/armcc/1142da~1.3re/bin/../lib/gcc/arm-none-eabi/11.3.1/thumb/v6-m/nofp\libg.a(libc_a-findfp.o) (__sread)
c:/vsarm/armcc/1142da~1.3re/bin/../lib/gcc/arm-none-eabi/11.3.1/thumb/v6-m/nofp\libg.a(libc_a-closer.o)
                              c:/vsarm/armcc/1142da~1.3re/bin/../lib/gcc/arm-none-eabi/11.3.1/thumb/v6-m/nofp\libg.a(libc_a-stdio.o) (_close_r)
[...]
Memory Configuration

Name             Origin             Length             Attributes
FLASH            0x10000000         0x00200000         xr
RAM              0x20000000         0x00040000         xrw
SCRATCH_X        0x20040000         0x00001000         xrw
SCRATCH_Y        0x20041000         0x00001000         xrw
*default*        0x00000000         0xffffffff

Linker script and memory map

LOAD c:/vsarm/armcc/1142da~1.3re/bin/../lib/gcc/arm-none-eabi/11.3.1/thumb/v6-m/nofp/crti.o
LOAD c:/vsarm/armcc/1142da~1.3re/bin/../lib/gcc/arm-none-eabi/11.3.1/thumb/v6-m/nofp/crtbegin.o
LOAD c:/vsarm/armcc/1142da~1.3re/bin/../lib/gcc/arm-none-eabi/11.3.1/thumb/v6-m/nofp/crt0.o

.flash_begin    0x10000000        0x0
                0x10000000                __flash_binary_start = .

.boot2          0x10000000      0x100
                0x10000000                __boot2_start__ = .
 *(.boot2)
 .boot2         0x10000000      0x100 C:\Users\CRAIG~1.HEM\AppData\Local\Temp\cckatJTG.o
                0x10000100                __boot2_end__ = .
                0x00000001                ASSERT (((__boot2_end__ - __boot2_start__) == 0x100), ERROR: Pico second stage bootloader must be 256 bytes in size)

.text           0x10000100     0x5090
                0x10000100                __logical_binary_start = .
 *(.vectors)
 .vectors       0x10000100       0xd4 CMakeFiles/src.dir/C_/VSARM/sdk/pico/pico-sdk/src/rp2_common/pico_standard_link/crt0.S.obj
                0x10000100                __VECTOR_TABLE
                0x10000100                __vectors
                0x100001c0                isr_invalid
                0x100001c0                __default_isrs_start
                0x100001c2                isr_nmi
                0x100001c4                isr_hardfault
                0x100001c6                isr_svcall
                0x100001c8                isr_pendsv
                0x100001ca                isr_systick
                0x100001cc                isr_irq23
                0x100001cc                isr_irq18
                0x100001cc                isr_irq11
                0x100001cc                isr_irq28
                0x100001cc                isr_irq19
                0x100001cc                isr_irq0
                0x100001cc                isr_irq6
                0x100001cc                isr_irq5
                0x100001cc                isr_irq12
                0x100001cc                isr_irq22
                0x100001cc                isr_irq31
                0x100001cc                isr_irq17
                0x100001cc                isr_irq27
                0x100001cc                isr_irq30
                0x100001cc                isr_irq2
                0x100001cc                isr_irq10
                0x100001cc                isr_irq8
                0x100001cc                isr_irq24
                0x100001cc                isr_irq1
                0x100001cc                isr_irq7
                0x100001cc                isr_irq21
                0x100001cc                isr_irq20
                0x100001cc                isr_irq15
                0x100001cc                isr_irq25
                0x100001cc                isr_irq13
                0x100001cc                __unhandled_user_irq
                0x100001cc                isr_irq4
                0x100001cc                isr_irq16
                0x100001cc                isr_irq29
                0x100001cc                isr_irq26
                0x100001cc                __default_isrs_end
                0x100001cc                isr_irq3
                0x100001cc                isr_irq14
                0x100001cc                isr_irq9
                0x100001d2                unhandled_user_irq_num_in_r0
 *(.binary_info_header)
 .binary_info_header
                0x100001d4       0x14 CMakeFiles/src.dir/C_/VSARM/sdk/pico/pico-sdk/src/rp2_common/pico_standard_link/crt0.S.obj
                0x100001e8                __binary_info_header_end = .
 *(.reset)
 .reset         0x100001e8       0xa0 CMakeFiles/src.dir/C_/VSARM/sdk/pico/pico-sdk/src/rp2_common/pico_standard_link/crt0.S.obj
                0x100001e8                _entry_point
 .reset         0x10000288       0x30 CMakeFiles/src.dir/C_/VSARM/sdk/pico/pico-sdk/src/rp2_common/pico_standard_link/binary_info.c.obj
 *(.init)
 .init          0x100002b8        0x4 c:/vsarm/armcc/1142da~1.3re/bin/../lib/gcc/arm-none-eabi/11.3.1/thumb/v6-m/nofp/crti.o
                0x100002b8                _init
 *(EXCLUDE_FILE(*libm.a: *libc.a:*lib_a-mem*.o *libgcc.a:) .text*)
 .text.register_tm_clones
                0x100002bc       0x28 c:/vsarm/armcc/1142da~1.3re/bin/../lib/gcc/arm-none-eabi/11.3.1/thumb/v6-m/nofp/crtbegin.o
 .text.frame_dummy
                0x100002e4       0x24 c:/vsarm/armcc/1142da~1.3re/bin/../lib/gcc/arm-none-eabi/11.3.1/thumb/v6-m/nofp/crtbegin.o
 .text.timer_heartbeat_isr
                0x10000308       0x22 CMakeFiles/src.dir/main.c.obj
 *fill*         0x1000032a        0x2 
 .text.timer_millisec_isr
                0x1000032c       0x14 CMakeFiles/src.dir/main.c.obj
 .text.add_repeating_timer_ms
                0x10000340       0x3c CMakeFiles/src.dir/main.c.obj
 .text.LED_OnTime
                0x1000037c        0xe CMakeFiles/src.dir/main.c.obj
                0x1000037c                LED_OnTime
 .text.LED_SetCurrent
                0x1000038a        0xe CMakeFiles/src.dir/main.c.obj
                0x1000038a                LED_SetCurrent
 .text.Sensor_DataReady
                0x10000398       0x7c CMakeFiles/src.dir/main.c.obj
                0x10000398                Sensor_DataReady
 .text.Sensor_GetData
                0x10000414       0xd8 CMakeFiles/src.dir/main.c.obj
                0x10000414                Sensor_GetData
 .text.Sensor_GetLED_Voltage
                0x100004ec       0x8c CMakeFiles/src.dir/main.c.obj
                0x100004ec                Sensor_GetLED_Voltage
 .text.Sensor_GetTemperature
                0x10000578       0x8c CMakeFiles/src.dir/main.c.obj
                0x10000578                Sensor_GetTemperature
 .text.Sensor_Init
                0x10000604       0xd4 CMakeFiles/src.dir/main.c.obj
                0x10000604                Sensor_Init
 .text.Sensor_SoftReset
                0x100006d8       0x38 CMakeFiles/src.dir/main.c.obj
                0x100006d8                Sensor_SoftReset
 .text.Sensor_StartMeasurement
                0x10000710       0x38 CMakeFiles/src.dir/main.c.obj
                0x10000710                Sensor_StartMeasurement
 .text.main     0x10000748      0x2a8 CMakeFiles/src.dir/main.c.obj
                0x10000748                main
 .text.running_on_fpga
                0x100009f0       0x14 CMakeFiles/src.dir/C_/VSARM/sdk/pico/pico-sdk/src/rp2_common/pico_platform/platform.c.obj
                0x100009f0                running_on_fpga
 .text.hw_claim_lock
                0x10000a04       0x18 CMakeFiles/src.dir/C_/VSARM/sdk/pico/pico-sdk/src/rp2_common/hardware_claim/claim.c.obj
                0x10000a04                hw_claim_lock
 .text.hw_claim_unlock
                0x10000a1c       0x14 CMakeFiles/src.dir/C_/VSARM/sdk/pico/pico-sdk/src/rp2_common/hardware_claim/claim.c.obj
                0x10000a1c                hw_claim_unlock
 .text.hw_claim_or_assert
                0x10000a30       0x32 CMakeFiles/src.dir/C_/VSARM/sdk/pico/pico-sdk/src/rp2_common/hardware_claim/claim.c.obj
                0x10000a30                hw_claim_or_assert
 *fill*         0x10000a62        0x2 
 .text.spin_locks_reset
                0x10000a64       0x20 CMakeFiles/src.dir/C_/VSARM/sdk/pico/pico-sdk/src/rp2_common/hardware_sync/sync.c.obj
                0x10000a64                spin_locks_reset
 .text.next_striped_spin_lock_num
                0x10000a84       0x1c CMakeFiles/src.dir/C_/VSARM/sdk/pico/pico-sdk/src/rp2_common/hardware_sync/sync.c.obj
                0x10000a84                next_striped_spin_lock_num
 .text.gpio_set_function
                0x10000aa0       0x30 CMakeFiles/src.dir/C_/VSARM/sdk/pico/pico-sdk/src/rp2_common/hardware_gpio/gpio.c.obj
                0x10000aa0                gpio_set_function
 .text.gpio_set_pulls
                0x10000ad0       0x34 CMakeFiles/src.dir/C_/VSARM/sdk/pico/pico-sdk/src/rp2_common/hardware_gpio/gpio.c.obj
                0x10000ad0                gpio_set_pulls
 .text.gpio_init
                0x10000b04       0x16 CMakeFiles/src.dir/C_/VSARM/sdk/pico/pico-sdk/src/rp2_common/hardware_gpio/gpio.c.obj
                0x10000b04                gpio_init
 *fill*         0x10000b1a        0x2 
 .text.set_raw_irq_handler_and_unlock
                0x10000b1c       0x28 CMakeFiles/src.dir/C_/VSARM/sdk/pico/pico-sdk/src/rp2_common/hardware_irq/irq.c.obj
 .text.make_branch
                0x10000b44       0x48 CMakeFiles/src.dir/C_/VSARM/sdk/pico/pico-sdk/src/rp2_common/hardware_irq/irq.c.obj
 .text.insert_branch_and_link
                0x10000b8c       0x40 CMakeFiles/src.dir/C_/VSARM/sdk/pico/pico-sdk/src/rp2_common/hardware_irq/irq.c.obj
 .text.irq_is_enabled
                0x10000bcc       0x18 CMakeFiles/src.dir/C_/VSARM/sdk/pico/pico-sdk/src/rp2_common/hardware_irq/irq.c.obj
                0x10000bcc                irq_is_enabled
 .text.irq_set_mask_enabled
                0x10000be4       0x20 CMakeFiles/src.dir/C_/VSARM/sdk/pico/pico-sdk/src/rp2_common/hardware_irq/irq.c.obj
                0x10000be4                irq_set_mask_enabled
 .text.irq_set_enabled
                0x10000c04        0xe CMakeFiles/src.dir/C_/VSARM/sdk/pico/pico-sdk/src/rp2_common/hardware_irq/irq.c.obj
                0x10000c04                irq_set_enabled
 *fill*         0x10000c12        0x2 
 .text.irq_get_vtable_handler
                0x10000c14       0x10 CMakeFiles/src.dir/C_/VSARM/sdk/pico/pico-sdk/src/rp2_common/hardware_irq/irq.c.obj
                0x10000c14                irq_get_vtable_handler
 .text.irq_set_exclusive_handler
                0x10000c24       0x54 CMakeFiles/src.dir/C_/VSARM/sdk/pico/pico-sdk/src/rp2_common/hardware_irq/irq.c.obj
                0x10000c24                irq_set_exclusive_handler
 .text.irq_remove_handler
                0x10000c78      0x1a8 CMakeFiles/src.dir/C_/VSARM/sdk/pico/pico-sdk/src/rp2_common/hardware_irq/irq.c.obj
                0x10000c78                irq_remove_handler
 .text.irq_add_tail_to_free_list
                0x10000e20       0xf0 CMakeFiles/src.dir/C_/VSARM/sdk/pico/pico-sdk/src/rp2_common/hardware_irq/irq.c.obj
                0x10000e20                irq_add_tail_to_free_list
 .text.irq_init_priorities
                0x10000f10       0x1c CMakeFiles/src.dir/C_/VSARM/sdk/pico/pico-sdk/src/rp2_common/hardware_irq/irq.c.obj
                0x10000f10                irq_init_priorities
 .text.lock_init
                0x10000f2c       0x10 CMakeFiles/src.dir/C_/VSARM/sdk/pico/pico-sdk/src/common/pico_sync/lock_core.c.obj
                0x10000f2c                lock_init
 .text.mutex_init
                0x10000f3c       0x1a CMakeFiles/src.dir/C_/VSARM/sdk/pico/pico-sdk/src/common/pico_sync/mutex.c.obj
                0x10000f3c                mutex_init
 .text.recursive_mutex_init
                0x10000f56       0x1e CMakeFiles/src.dir/C_/VSARM/sdk/pico/pico-sdk/src/common/pico_sync/mutex.c.obj
                0x10000f56                recursive_mutex_init
 .text.repeating_timer_callback
                0x10000f74       0x40 CMakeFiles/src.dir/C_/VSARM/sdk/pico/pico-sdk/src/common/pico_time/time.c.obj
 .text.alarm_pool_post_alloc_init
                0x10000fb4       0x40 CMakeFiles/src.dir/C_/VSARM/sdk/pico/pico-sdk/src/common/pico_time/time.c.obj
 .text.sleep_until_callback
                0x10000ff4       0x30 CMakeFiles/src.dir/C_/VSARM/sdk/pico/pico-sdk/src/common/pico_time/time.c.obj
 .text.timer_pool_entry_comparator
                0x10001024       0x78 CMakeFiles/src.dir/C_/VSARM/sdk/pico/pico-sdk/src/common/pico_time/time.c.obj
                0x10001024                timer_pool_entry_comparator
 .text.ph_add_child_node
                0x1000109c       0xa0 CMakeFiles/src.dir/C_/VSARM/sdk/pico/pico-sdk/src/common/pico_time/time.c.obj
 .text.ph_merge_nodes
                0x1000113c       0x3e CMakeFiles/src.dir/C_/VSARM/sdk/pico/pico-sdk/src/common/pico_time/time.c.obj
 *fill*         0x1000117a        0x2 
 .text.add_alarm_under_lock
                0x1000117c      0x16c CMakeFiles/src.dir/C_/VSARM/sdk/pico/pico-sdk/src/common/pico_time/time.c.obj
 .text.alarm_pool_alarm_callback
                0x100012e8      0x33c CMakeFiles/src.dir/C_/VSARM/sdk/pico/pico-sdk/src/common/pico_time/time.c.obj
 .text.alarm_pool_init_default
                0x10001624       0x40 CMakeFiles/src.dir/C_/VSARM/sdk/pico/pico-sdk/src/common/pico_time/time.c.obj
                0x10001624                alarm_pool_init_default
 .text.alarm_pool_get_default
                0x10001664       0x2c CMakeFiles/src.dir/C_/VSARM/sdk/pico/pico-sdk/src/common/pico_time/time.c.obj
                0x10001664                alarm_pool_get_default
 .text.alarm_pool_add_alarm_at
                0x10001690      0x16c CMakeFiles/src.dir/C_/VSARM/sdk/pico/pico-sdk/src/common/pico_time/time.c.obj
                0x10001690                alarm_pool_add_alarm_at
 .text.alarm_pool_cancel_alarm
                0x100017fc       0xec CMakeFiles/src.dir/C_/VSARM/sdk/pico/pico-sdk/src/common/pico_time/time.c.obj
                0x100017fc                alarm_pool_cancel_alarm
 .text.alarm_pool_add_repeating_timer_us
                0x100018e8       0x94 CMakeFiles/src.dir/C_/VSARM/sdk/pico/pico-sdk/src/common/pico_time/time.c.obj
                0x100018e8                alarm_pool_add_repeating_timer_us
 .text.sleep_until
                0x1000197c       0xfc CMakeFiles/src.dir/C_/VSARM/sdk/pico/pico-sdk/src/common/pico_time/time.c.obj
                0x1000197c                sleep_until
 .text.sleep_us
                0x10001a78       0x58 CMakeFiles/src.dir/C_/VSARM/sdk/pico/pico-sdk/src/common/pico_time/time.c.obj
                0x10001a78                sleep_us
 .text.sleep_ms
                0x10001ad0       0x14 CMakeFiles/src.dir/C_/VSARM/sdk/pico/pico-sdk/src/common/pico_time/time.c.obj
                0x10001ad0                sleep_ms
 .text.best_effort_wfe_or_timeout
                0x10001ae4       0xac CMakeFiles/src.dir/C_/VSARM/sdk/pico/pico-sdk/src/common/pico_time/time.c.obj
                0x10001ae4                best_effort_wfe_or_timeout
 .text.hardware_alarm_irq_handler
                0x10001b90       0x8c CMakeFiles/src.dir/C_/VSARM/sdk/pico/pico-sdk/src/rp2_common/hardware_timer/timer.c.obj
 .text.hardware_alarm_claim
                0x10001c1c       0x18 CMakeFiles/src.dir/C_/VSARM/sdk/pico/pico-sdk/src/rp2_common/hardware_timer/timer.c.obj
                0x10001c1c                hardware_alarm_claim
 .text.time_us_64
                0x10001c34       0x18 CMakeFiles/src.dir/C_/VSARM/sdk/pico/pico-sdk/src/rp2_common/hardware_timer/timer.c.obj
                0x10001c34                time_us_64
 .text.busy_wait_until
                0x10001c4c       0x28 CMakeFiles/src.dir/C_/VSARM/sdk/pico/pico-sdk/src/rp2_common/hardware_timer/timer.c.obj
                0x10001c4c                busy_wait_until
 .text.hardware_alarm_set_callback
                0x10001c74       0x90 CMakeFiles/src.dir/C_/VSARM/sdk/pico/pico-sdk/src/rp2_common/hardware_timer/timer.c.obj
                0x10001c74                hardware_alarm_set_callback
 .text.hardware_alarm_set_target
                0x10001d04       0xe8 CMakeFiles/src.dir/C_/VSARM/sdk/pico/pico-sdk/src/rp2_common/hardware_timer/timer.c.obj
                0x10001d04                hardware_alarm_set_target
 .text.hardware_alarm_cancel
                0x10001dec       0x40 CMakeFiles/src.dir/C_/VSARM/sdk/pico/pico-sdk/src/rp2_common/hardware_timer/timer.c.obj
                0x10001dec                hardware_alarm_cancel
 .text.ph_add_child_node
                0x10001e2c       0xa0 CMakeFiles/src.dir/C_/VSARM/sdk/pico/pico-sdk/src/common/pico_util/pheap.c.obj
 .text.ph_merge_nodes
                0x10001ecc       0x3e CMakeFiles/src.dir/C_/VSARM/sdk/pico/pico-sdk/src/common/pico_util/pheap.c.obj
 *fill*         0x10001f0a        0x2 
 .text.ph_clear
                0x10001f0c       0x70 CMakeFiles/src.dir/C_/VSARM/sdk/pico/pico-sdk/src/common/pico_util/pheap.c.obj
                0x10001f0c                ph_clear
 .text.ph_post_alloc_init
                0x10001f7c        0xe CMakeFiles/src.dir/C_/VSARM/sdk/pico/pico-sdk/src/common/pico_util/pheap.c.obj
                0x10001f7c                ph_post_alloc_init
 *fill*         0x10001f8a        0x2 
 .text.ph_merge_two_pass
                0x10001f8c       0xa4 CMakeFiles/src.dir/C_/VSARM/sdk/pico/pico-sdk/src/common/pico_util/pheap.c.obj
                0x10001f8c                ph_merge_two_pass
 .text.ph_remove_any_head
                0x10002030      0x120 CMakeFiles/src.dir/C_/VSARM/sdk/pico/pico-sdk/src/common/pico_util/pheap.c.obj
 .text.ph_remove_head
                0x10002150       0x14 CMakeFiles/src.dir/C_/VSARM/sdk/pico/pico-sdk/src/common/pico_util/pheap.c.obj
                0x10002150                ph_remove_head
 .text.ph_remove_and_free_node
                0x10002164       0xf8 CMakeFiles/src.dir/C_/VSARM/sdk/pico/pico-sdk/src/common/pico_util/pheap.c.obj
                0x10002164                ph_remove_and_free_node
 .text.i2c_write_blocking_internal
                0x1000225c      0x140 CMakeFiles/src.dir/C_/VSARM/sdk/pico/pico-sdk/src/rp2_common/hardware_i2c/i2c.c.obj
 .text.i2c_read_blocking_internal
                0x1000239c       0xea CMakeFiles/src.dir/C_/VSARM/sdk/pico/pico-sdk/src/rp2_common/hardware_i2c/i2c.c.obj
 *fill*         0x10002486        0x2 
 .text.i2c_set_baudrate
                0x10002488       0xf0 CMakeFiles/src.dir/C_/VSARM/sdk/pico/pico-sdk/src/rp2_common/hardware_i2c/i2c.c.obj
                0x10002488                i2c_set_baudrate
 .text.i2c_init
                0x10002578       0x58 CMakeFiles/src.dir/C_/VSARM/sdk/pico/pico-sdk/src/rp2_common/hardware_i2c/i2c.c.obj
                0x10002578                i2c_init
 .text.i2c_write_blocking
                0x100025d0       0x18 CMakeFiles/src.dir/C_/VSARM/sdk/pico/pico-sdk/src/rp2_common/hardware_i2c/i2c.c.obj
                0x100025d0                i2c_write_blocking
 .text.i2c_read_blocking
                0x100025e8       0x18 CMakeFiles/src.dir/C_/VSARM/sdk/pico/pico-sdk/src/rp2_common/hardware_i2c/i2c.c.obj
                0x100025e8                i2c_read_blocking
 .text.clock_configure
                0x10002600      0x104 CMakeFiles/src.dir/C_/VSARM/sdk/pico/pico-sdk/src/rp2_common/hardware_clocks/clocks.c.obj
                0x10002600                clock_configure
 .text.clocks_init
                0x10002704      0x100 CMakeFiles/src.dir/C_/VSARM/sdk/pico/pico-sdk/src/rp2_common/hardware_clocks/clocks.c.obj
                0x10002704                clocks_init
 .text.clock_get_hz
                0x10002804        0xc CMakeFiles/src.dir/C_/VSARM/sdk/pico/pico-sdk/src/rp2_common/hardware_clocks/clocks.c.obj
                0x10002804                clock_get_hz
 .text.pll_init
                0x10002810      0x12c CMakeFiles/src.dir/C_/VSARM/sdk/pico/pico-sdk/src/rp2_common/hardware_pll/pll.c.obj
                0x10002810                pll_init
 .text.watchdog_start_tick
                0x1000293c       0x10 CMakeFiles/src.dir/C_/VSARM/sdk/pico/pico-sdk/src/rp2_common/hardware_watchdog/watchdog.c.obj
                0x1000293c                watchdog_start_tick
 .text.xosc_init
                0x1000294c       0x28 CMakeFiles/src.dir/C_/VSARM/sdk/pico/pico-sdk/src/rp2_common/hardware_xosc/xosc.c.obj
                0x1000294c                xosc_init
 .text.uart_set_baudrate
                0x10002974       0x5c CMakeFiles/src.dir/C_/VSARM/sdk/pico/pico-sdk/src/rp2_common/hardware_uart/uart.c.obj
                0x10002974                uart_set_baudrate
 .text.uart_set_translate_crlf
                0x100029d0       0x28 CMakeFiles/src.dir/C_/VSARM/sdk/pico/pico-sdk/src/rp2_common/hardware_uart/uart.c.obj
                0x100029d0                uart_set_translate_crlf
 .text.uart_init
                0x100029f8       0x80 CMakeFiles/src.dir/C_/VSARM/sdk/pico/pico-sdk/src/rp2_common/hardware_uart/uart.c.obj
                0x100029f8                uart_init
 .text._exit    0x10002a78        0x4 CMakeFiles/src.dir/C_/VSARM/sdk/pico/pico-sdk/src/rp2_common/pico_runtime/runtime.c.obj
                0x10002a78                _exit
 .text.exit     0x10002a7c        0x6 CMakeFiles/src.dir/C_/VSARM/sdk/pico/pico-sdk/src/rp2_common/pico_runtime/runtime.c.obj
                0x10002a7c                exit
 *fill*         0x10002a82        0x2 
 .text.__assert_func
                0x10002a84       0x3c CMakeFiles/src.dir/C_/VSARM/sdk/pico/pico-sdk/src/rp2_common/pico_runtime/runtime.c.obj
                0x10002a84                __assert_func
 .text.runtime_init
                0x10002ac0       0xf8 CMakeFiles/src.dir/C_/VSARM/sdk/pico/pico-sdk/src/rp2_common/pico_runtime/runtime.c.obj
                0x10002ac0                runtime_init
 .text.panic    0x10002bb8       0x30 CMakeFiles/src.dir/C_/VSARM/sdk/pico/pico-sdk/src/rp2_common/pico_runtime/runtime.c.obj
                0x10002bb8                panic
 .text._out_null
                0x10002be8        0x2 CMakeFiles/src.dir/C_/VSARM/sdk/pico/pico-sdk/src/rp2_common/pico_printf/printf.c.obj
 .text._out_fct
                0x10002bea        0xe CMakeFiles/src.dir/C_/VSARM/sdk/pico/pico-sdk/src/rp2_common/pico_printf/printf.c.obj
 .text._atoi    0x10002bf8       0x24 CMakeFiles/src.dir/C_/VSARM/sdk/pico/pico-sdk/src/rp2_common/pico_printf/printf.c.obj
 .text._out_rev
                0x10002c1c       0xae CMakeFiles/src.dir/C_/VSARM/sdk/pico/pico-sdk/src/rp2_common/pico_printf/printf.c.obj
 .text._ntoa_format
                0x10002cca      0x112 CMakeFiles/src.dir/C_/VSARM/sdk/pico/pico-sdk/src/rp2_common/pico_printf/printf.c.obj
 .text._ntoa_long
                0x10002ddc       0xbc CMakeFiles/src.dir/C_/VSARM/sdk/pico/pico-sdk/src/rp2_common/pico_printf/printf.c.obj
 .text._ntoa_long_long
                0x10002e98       0xe2 CMakeFiles/src.dir/C_/VSARM/sdk/pico/pico-sdk/src/rp2_common/pico_printf/printf.c.obj
 *fill*         0x10002f7a        0x2 
 .text._etoa    0x10002f7c      0x414 CMakeFiles/src.dir/C_/VSARM/sdk/pico/pico-sdk/src/rp2_common/pico_printf/printf.c.obj
 .text._ftoa    0x10003390      0x354 CMakeFiles/src.dir/C_/VSARM/sdk/pico/pico-sdk/src/rp2_common/pico_printf/printf.c.obj
 .text._vsnprintf
                0x100036e4      0x650 CMakeFiles/src.dir/C_/VSARM/sdk/pico/pico-sdk/src/rp2_common/pico_printf/printf.c.obj
 .text.vfctprintf
                0x10003d34       0x20 CMakeFiles/src.dir/C_/VSARM/sdk/pico/pico-sdk/src/rp2_common/pico_printf/printf.c.obj
                0x10003d34                vfctprintf
 .text          0x10003d54       0x10 CMakeFiles/src.dir/C_/VSARM/sdk/pico/pico-sdk/src/rp2_common/pico_bit_ops/bit_ops_aeabi.S.obj
 .text.rom_func_lookup
                0x10003d64       0x10 CMakeFiles/src.dir/C_/VSARM/sdk/pico/pico-sdk/src/rp2_common/pico_bootrom/bootrom.c.obj
                0x10003d64                rom_func_lookup
 .text.rom_data_lookup
                0x10003d74       0x10 CMakeFiles/src.dir/C_/VSARM/sdk/pico/pico-sdk/src/rp2_common/pico_bootrom/bootrom.c.obj
                0x10003d74                rom_data_lookup
 .text.rom_funcs_lookup
                0x10003d84       0x36 CMakeFiles/src.dir/C_/VSARM/sdk/pico/pico-sdk/src/rp2_common/pico_bootrom/bootrom.c.obj
                0x10003d84                rom_funcs_lookup
 *fill*         0x10003dba        0x2 
 .text.__wrap___aeabi_idiv
                0x10003dbc       0x50 CMakeFiles/src.dir/C_/VSARM/sdk/pico/pico-sdk/src/rp2_common/pico_divider/divider.S.obj
                0x10003dbc                __wrap___aeabi_idivmod
                0x10003dbc                divmod_s32s32
                0x10003dbc                div_s32s32
                0x10003dbc                __wrap___aeabi_idiv
                0x10003dc4                divmod_s32s32_unsafe
                0x10003df0                divmod_s32s32_savestate
 .text.__wrap___aeabi_uidiv
                0x10003e0c       0x4c CMakeFiles/src.dir/C_/VSARM/sdk/pico/pico-sdk/src/rp2_common/pico_divider/divider.S.obj
                0x10003e0c                __wrap___aeabi_uidiv
                0x10003e0c                __wrap___aeabi_uidivmod
                0x10003e0c                div_u32u32
                0x10003e0c                divmod_u32u32
                0x10003e14                divmod_u32u32_unsafe
                0x10003e3c                divmod_u32u32_savestate
 .text.__wrap___aeabi_ldiv
                0x10003e58      0x424 CMakeFiles/src.dir/C_/VSARM/sdk/pico/pico-sdk/src/rp2_common/pico_divider/divider.S.obj
                0x10003e58                div_s64s64
                0x10003e58                divmod_s64s64
                0x10003e58                __wrap___aeabi_ldivmod
                0x10003e88                divmod_u64u64
                0x10003e88                div_u64u64
                0x10003e88                __wrap___aeabi_uldivmod
                0x10003e98                divmod_u64u64_savestate
                0x10003eb8                divmod_s64s64_unsafe
                0x10003f40                divmod_u64u64_unsafe
 .text.__wrap___aeabi_darithmetic
                0x1000427c       0x80 CMakeFiles/src.dir/C_/VSARM/sdk/pico/pico-sdk/src/rp2_common/pico_double/double_aeabi.S.obj
                0x1000427c                __wrap___aeabi_drsub
                0x10004282                __wrap___aeabi_dsub
                0x10004294                __wrap___aeabi_dadd
                0x100042a6                __wrap___aeabi_ddiv
                0x100042e2                __wrap___aeabi_dmul
 .text.__wrap___aeabi_cdcmple
                0x100042fc       0x6c CMakeFiles/src.dir/C_/VSARM/sdk/pico/pico-sdk/src/rp2_common/pico_double/double_aeabi.S.obj
                0x100042fc                __wrap___aeabi_cdrcmple
                0x1000430c                __wrap___aeabi_cdcmpeq
                0x1000430c                __wrap___aeabi_cdcmple
 .text.__wrap___aeabi_dcmplt
                0x10004368        0xc CMakeFiles/src.dir/C_/VSARM/sdk/pico/pico-sdk/src/rp2_common/pico_double/double_aeabi.S.obj
                0x10004368                __wrap___aeabi_dcmplt
 .text.__wrap___aeabi_dcmple
                0x10004374       0x10 CMakeFiles/src.dir/C_/VSARM/sdk/pico/pico-sdk/src/rp2_common/pico_double/double_aeabi.S.obj
                0x10004374                __wrap___aeabi_dcmple
 .text.__wrap___aeabi_dcmpge
                0x10004384       0x10 CMakeFiles/src.dir/C_/VSARM/sdk/pico/pico-sdk/src/rp2_common/pico_double/double_aeabi.S.obj
                0x10004384                __wrap___aeabi_dcmpge
 .text.__wrap___aeabi_dcmpgt
                0x10004394        0xa CMakeFiles/src.dir/C_/VSARM/sdk/pico/pico-sdk/src/rp2_common/pico_double/double_aeabi.S.obj
                0x10004394                __wrap___aeabi_dcmpgt
 .text.__wrap___aeabi_dcmpun
                0x1000439e       0x1c CMakeFiles/src.dir/C_/VSARM/sdk/pico/pico-sdk/src/rp2_common/pico_double/double_aeabi.S.obj
                0x1000439e                __wrap___aeabi_dcmpun
 *fill*         0x100043ba        0x2 
 .text.__wrap___aeabi_i2d
                0x100043bc       0x38 CMakeFiles/src.dir/C_/VSARM/sdk/pico/pico-sdk/src/rp2_common/pico_double/double_aeabi.S.obj
                0x100043bc                __wrap___aeabi_ui2d
                0x100043c4                __wrap___aeabi_i2d
 .text.__wrap___aeabi_d2iz
                0x100043f4       0x48 CMakeFiles/src.dir/C_/VSARM/sdk/pico/pico-sdk/src/rp2_common/pico_double/double_aeabi.S.obj
                0x100043f4                double2int_z
                0x100043f4                __wrap___aeabi_d2iz
 .text.__wrap___aeabi_d2uiz
                0x1000443c       0x18 CMakeFiles/src.dir/C_/VSARM/sdk/pico/pico-sdk/src/rp2_common/pico_double/double_aeabi.S.obj
                0x1000443c                __wrap___aeabi_d2uiz
                0x1000443c                double2uint
 .text.__aeabi_double_init
                0x10004454       0xc8 CMakeFiles/src.dir/C_/VSARM/sdk/pico/pico-sdk/src/rp2_common/pico_double/double_init_rom.c.obj
                0x10004454                __aeabi_double_init
 .text.double_table_shim_on_use_helper
                0x1000451c       0x34 CMakeFiles/src.dir/C_/VSARM/sdk/pico/pico-sdk/src/rp2_common/pico_double/double_v1_rom_shim.S.obj
                0x1000451c                double_table_shim_on_use_helper
 .text.__wrap___aeabi_dsub
                0x10004550       0x10 CMakeFiles/src.dir/C_/VSARM/sdk/pico/pico-sdk/src/rp2_common/pico_double/double_v1_rom_shim.S.obj
                0x10004550                drsub_shim
                0x10004556                dsub_shim
 .text.dadd_shim
                0x10004560      0x15c CMakeFiles/src.dir/C_/VSARM/sdk/pico/pico-sdk/src/rp2_common/pico_double/double_v1_rom_shim.S.obj
                0x10004560                dadd_shim
 .text.dmul_shim
                0x100046bc      0x15c CMakeFiles/src.dir/C_/VSARM/sdk/pico/pico-sdk/src/rp2_common/pico_double/double_v1_rom_shim.S.obj
                0x100046bc                dmul_shim
 .text.ddiv_shim
                0x10004818      0x1b0 CMakeFiles/src.dir/C_/VSARM/sdk/pico/pico-sdk/src/rp2_common/pico_double/double_v1_rom_shim.S.obj
                0x10004818                ddiv_shim
 .text.double2uint_shim
                0x100049c8        0xe CMakeFiles/src.dir/C_/VSARM/sdk/pico/pico-sdk/src/rp2_common/pico_double/double_v1_rom_shim.S.obj
                0x100049c8                double2uint_shim
                0x100049ca                double2ufix_shim
 *fill*         0x100049d6        0x2 
 .text.double2uint64_shim
                0x100049d8       0x70 CMakeFiles/src.dir/C_/VSARM/sdk/pico/pico-sdk/src/rp2_common/pico_double/double_v1_rom_shim.S.obj
                0x100049d8                double2uint64_shim
                0x100049da                double2ufix64_shim
                0x100049fa                d2fix_a
 .text.dunpacks
                0x10004a48       0x3c CMakeFiles/src.dir/C_/VSARM/sdk/pico/pico-sdk/src/rp2_common/pico_double/double_v1_rom_shim.S.obj
                0x10004a48                dunpacks
 .text.__aeabi_lmul
                0x10004a84       0x32 CMakeFiles/src.dir/C_/VSARM/sdk/pico/pico-sdk/src/rp2_common/pico_int64_ops/pico_int64_ops_aeabi.S.obj
                0x10004a84                __wrap___aeabi_lmul
 *fill*         0x10004ab6        0x2 
 .text.__aeabi_float_init
                0x10004ab8       0xfc CMakeFiles/src.dir/C_/VSARM/sdk/pico/pico-sdk/src/rp2_common/pico_float/float_init_rom.c.obj
                0x10004ab8                __aeabi_float_init
 .text.float_table_shim_on_use_helper
                0x10004bb4       0x34 CMakeFiles/src.dir/C_/VSARM/sdk/pico/pico-sdk/src/rp2_common/pico_float/float_v1_rom_shim.S.obj
                0x10004bb4                float_table_shim_on_use_helper
 .text          0x10004be8       0x10 CMakeFiles/src.dir/C_/VSARM/sdk/pico/pico-sdk/src/rp2_common/pico_mem_ops/mem_ops_aeabi.S.obj
                0x10004be8                __aeabi_mem_init
 .text.memset   0x10004bf8        0xc CMakeFiles/src.dir/C_/VSARM/sdk/pico/pico-sdk/src/rp2_common/pico_mem_ops/mem_ops_aeabi.S.obj
                0x10004bf8                __wrap_memset
 .text.memcpy   0x10004c04        0xc CMakeFiles/src.dir/C_/VSARM/sdk/pico/pico-sdk/src/rp2_common/pico_mem_ops/mem_ops_aeabi.S.obj
                0x10004c04                __wrap_memcpy
                0x10004c04                __wrap___aeabi_memcpy
 .text.stdio_out_chars_no_crlf
                0x10004c10        0xe CMakeFiles/src.dir/C_/VSARM/sdk/pico/pico-sdk/src/rp2_common/pico_stdio/stdio.c.obj
 *fill*         0x10004c1e        0x2 
 .text.stdio_out_chars_crlf
                0x10004c20       0x80 CMakeFiles/src.dir/C_/VSARM/sdk/pico/pico-sdk/src/rp2_common/pico_stdio/stdio.c.obj
 .text.stdio_stack_buffer_flush
                0x10004ca0       0x44 CMakeFiles/src.dir/C_/VSARM/sdk/pico/pico-sdk/src/rp2_common/pico_stdio/stdio.c.obj
 .text.stdio_buffered_printer
                0x10004ce4       0x20 CMakeFiles/src.dir/C_/VSARM/sdk/pico/pico-sdk/src/rp2_common/pico_stdio/stdio.c.obj
 .text.stdout_serialize_begin
                0x10004d04       0x5c CMakeFiles/src.dir/C_/VSARM/sdk/pico/pico-sdk/src/rp2_common/pico_stdio/stdio.c.obj
                0x10004d04                stdout_serialize_begin
 .text.stdout_serialize_end
                0x10004d60       0x10 CMakeFiles/src.dir/C_/VSARM/sdk/pico/pico-sdk/src/rp2_common/pico_stdio/stdio.c.obj
                0x10004d60                stdout_serialize_end
 .text.stdio_put_string
                0x10004d70       0x98 CMakeFiles/src.dir/C_/VSARM/sdk/pico/pico-sdk/src/rp2_common/pico_stdio/stdio.c.obj
 .text.stdio_set_driver_enabled
                0x10004e08       0x2c CMakeFiles/src.dir/C_/VSARM/sdk/pico/pico-sdk/src/rp2_common/pico_stdio/stdio.c.obj
                0x10004e08                stdio_set_driver_enabled
 .text.stdio_flush
                0x10004e34       0x20 CMakeFiles/src.dir/C_/VSARM/sdk/pico/pico-sdk/src/rp2_common/pico_stdio/stdio.c.obj
                0x10004e34                stdio_flush
 .text.__wrap_puts
                0x10004e54       0x1e CMakeFiles/src.dir/C_/VSARM/sdk/pico/pico-sdk/src/rp2_common/pico_stdio/stdio.c.obj
                0x10004e54                __wrap_puts
 *fill*         0x10004e72        0x2 
 .text.__wrap_vprintf
                0x10004e74       0x40 CMakeFiles/src.dir/C_/VSARM/sdk/pico/pico-sdk/src/rp2_common/pico_stdio/stdio.c.obj
                0x10004e74                __wrap_vprintf
 .text.__wrap_printf
                0x10004eb4       0x18 CMakeFiles/src.dir/C_/VSARM/sdk/pico/pico-sdk/src/rp2_common/pico_stdio/stdio.c.obj
                0x10004eb4                __wrap_printf
 .text.stdio_init_all
                0x10004ecc        0xa CMakeFiles/src.dir/C_/VSARM/sdk/pico/pico-sdk/src/rp2_common/pico_stdio/stdio.c.obj
                0x10004ecc                stdio_init_all
 *fill*         0x10004ed6        0x2 
 .text.stdio_uart_out_chars
                0x10004ed8       0x74 CMakeFiles/src.dir/C_/VSARM/sdk/pico/pico-sdk/src/rp2_common/pico_stdio_uart/stdio_uart.c.obj
 .text.stdio_uart_in_chars
                0x10004f4c       0x80 CMakeFiles/src.dir/C_/VSARM/sdk/pico/pico-sdk/src/rp2_common/pico_stdio_uart/stdio_uart.c.obj
                0x10004f4c                stdio_uart_in_chars
 .text.on_uart_rx
                0x10004fcc       0x28 CMakeFiles/src.dir/C_/VSARM/sdk/pico/pico-sdk/src/rp2_common/pico_stdio_uart/stdio_uart.c.obj
 .text.stdio_uart_set_chars_available_callback
                0x10004ff4       0x8c CMakeFiles/src.dir/C_/VSARM/sdk/pico/pico-sdk/src/rp2_common/pico_stdio_uart/stdio_uart.c.obj
 .text.stdio_uart_init_full
                0x10005080       0x44 CMakeFiles/src.dir/C_/VSARM/sdk/pico/pico-sdk/src/rp2_common/pico_stdio_uart/stdio_uart.c.obj
                0x10005080                stdio_uart_init_full
 .text.stdio_uart_init
                0x100050c4       0x28 CMakeFiles/src.dir/C_/VSARM/sdk/pico/pico-sdk/src/rp2_common/pico_stdio_uart/stdio_uart.c.obj
                0x100050c4                stdio_uart_init
 .text.strlen   0x100050ec       0x5c c:/vsarm/armcc/1142da~1.3re/bin/../lib/gcc/arm-none-eabi/11.3.1/thumb/v6-m/nofp\libg.a(libc_a-strlen-stub.o)
                0x100050ec                strlen
 *(.fini)
 .fini          0x10005148        0x4 c:/vsarm/armcc/1142da~1.3re/bin/../lib/gcc/arm-none-eabi/11.3.1/thumb/v6-m/nofp/crti.o
                0x10005148                _fini
 *fill*         0x1000514c        0x4 
 .fini.__stub   0x10005150       0x40 linker stubs
 *crtbegin.o(.ctors)
 *crtbegin?.o(.ctors)
 *(EXCLUDE_FILE(*crtend.o *crtend?.o) .ctors)
 *(SORT_BY_NAME(.ctors.*))
 *(.ctors)
 *crtbegin.o(.dtors)
 *crtbegin?.o(.dtors)
 *(EXCLUDE_FILE(*crtend.o *crtend?.o) .dtors)
 *(SORT_BY_NAME(.dtors.*))
 *(.dtors)
 *(.eh_frame*)
 .eh_frame      0x10005190        0x0 c:/vsarm/armcc/1142da~1.3re/bin/../lib/gcc/arm-none-eabi/11.3.1/thumb/v6-m/nofp/crtbegin.o
                0x10005190                . = ALIGN (0x4)

.glue_7         0x10005190        0x0
 .glue_7        0x10005190        0x0 linker stubs

.glue_7t        0x10005190        0x0
 .glue_7t       0x10005190        0x0 linker stubs

.vfp11_veneer   0x10005190        0x0
 .vfp11_veneer  0x10005190        0x0 linker stubs

.v4_bx          0x10005190        0x0
 .v4_bx         0x10005190        0x0 linker stubs

.iplt           0x10005190        0x0
 .iplt          0x10005190        0x0 c:/vsarm/armcc/1142da~1.3re/bin/../lib/gcc/arm-none-eabi/11.3.1/thumb/v6-m/nofp/crtbegin.o

.rodata         0x10005190     0x10cc
 *(EXCLUDE_FILE(*libm.a: *libc.a:*lib_a-mem*.o *libgcc.a:) .rodata*)
 .rodata.main.str1.4
                0x10005190      0x12c CMakeFiles/src.dir/main.c.obj
 .rodata.str1.4
                0x100052bc        0xf CMakeFiles/src.dir/main.c.obj
 *fill*         0x100052cb        0x1 
 .rodata        0x100052cc        0x6 CMakeFiles/src.dir/main.c.obj
 .rodata.IR1L   0x100052d2        0x1 CMakeFiles/src.dir/main.c.obj
                0x100052d2                IR1L
 .rodata.STATUS
                0x100052d3        0x1 CMakeFiles/src.dir/main.c.obj
                0x100052d3                STATUS
 .rodata.TMPL   0x100052d4        0x1 CMakeFiles/src.dir/main.c.obj
                0x100052d4                TMPL
 .rodata.VFL    0x100052d5        0x1 CMakeFiles/src.dir/main.c.obj
                0x100052d5                VFL
 *fill*         0x100052d6        0x2 
 .rodata.__bi_73.0
                0x100052d8        0xc CMakeFiles/src.dir/main.c.obj
 .rodata.make_branch.str1.4
                0x100052e4       0x6d CMakeFiles/src.dir/C_/VSARM/sdk/pico/pico-sdk/src/rp2_common/hardware_irq/irq.c.obj
 *fill*         0x10005351        0x3 
 .rodata.insert_branch_and_link.str1.4
                0x10005354       0x10 CMakeFiles/src.dir/C_/VSARM/sdk/pico/pico-sdk/src/rp2_common/hardware_irq/irq.c.obj
 .rodata.irq_set_exclusive_handler.str1.4
                0x10005364       0x36 CMakeFiles/src.dir/C_/VSARM/sdk/pico/pico-sdk/src/rp2_common/hardware_irq/irq.c.obj
 *fill*         0x1000539a        0x2 
 .rodata.irq_add_shared_handler.str1.4
                0x1000539c       0xd9 CMakeFiles/src.dir/C_/VSARM/sdk/pico/pico-sdk/src/rp2_common/hardware_irq/irq.c.obj
 *fill*         0x10005475        0x3 
 .rodata.irq_remove_handler.str1.4
                0x10005478       0x3a CMakeFiles/src.dir/C_/VSARM/sdk/pico/pico-sdk/src/rp2_common/hardware_irq/irq.c.obj
 *fill*         0x100054b2        0x2 
 .rodata.irq_add_tail_to_free_list.str1.4
                0x100054b4       0x3a CMakeFiles/src.dir/C_/VSARM/sdk/pico/pico-sdk/src/rp2_common/hardware_irq/irq.c.obj
 *fill*         0x100054ee        0x2 
 .rodata.__func__.0
                0x100054f0       0x1a CMakeFiles/src.dir/C_/VSARM/sdk/pico/pico-sdk/src/rp2_common/hardware_irq/irq.c.obj
 *fill*         0x1000550a        0x2 
 .rodata.__func__.1
                0x1000550c       0x17 CMakeFiles/src.dir/C_/VSARM/sdk/pico/pico-sdk/src/rp2_common/hardware_irq/irq.c.obj
 *fill*         0x10005523        0x1 
 .rodata.__func__.2
                0x10005524       0x13 CMakeFiles/src.dir/C_/VSARM/sdk/pico/pico-sdk/src/rp2_common/hardware_irq/irq.c.obj
 *fill*         0x10005537        0x1 
 .rodata.__func__.3
                0x10005538        0xc CMakeFiles/src.dir/C_/VSARM/sdk/pico/pico-sdk/src/rp2_common/hardware_irq/irq.c.obj
 .rodata.__func__.4
                0x10005544        0xf CMakeFiles/src.dir/C_/VSARM/sdk/pico/pico-sdk/src/rp2_common/hardware_irq/irq.c.obj
 *fill*         0x10005553        0x1 
 .rodata.__func__.6
                0x10005554       0x1a CMakeFiles/src.dir/C_/VSARM/sdk/pico/pico-sdk/src/rp2_common/hardware_irq/irq.c.obj
 *fill*         0x1000556e        0x2 
 .rodata.str1.4
                0x10005570       0xed CMakeFiles/src.dir/C_/VSARM/sdk/pico/pico-sdk/src/common/pico_sync/mutex.c.obj
 *fill*         0x1000565d        0x3 
 .rodata.__func__.1
                0x10005660        0xb CMakeFiles/src.dir/C_/VSARM/sdk/pico/pico-sdk/src/common/pico_sync/mutex.c.obj
 *fill*         0x1000566b        0x1 
 .rodata.__func__.3
                0x1000566c       0x18 CMakeFiles/src.dir/C_/VSARM/sdk/pico/pico-sdk/src/common/pico_sync/mutex.c.obj
 .rodata.repeating_timer_callback.str1.4
                0x10005684       0x4b CMakeFiles/src.dir/C_/VSARM/sdk/pico/pico-sdk/src/common/pico_time/time.c.obj
 *fill*         0x100056cf        0x1 
 .rodata.timer_pool_entry_comparator.str1.4
                0x100056d0       0x22 CMakeFiles/src.dir/C_/VSARM/sdk/pico/pico-sdk/src/common/pico_time/time.c.obj
 *fill*         0x100056f2        0x2 
 .rodata.ph_add_child_node.str1.4
                0x100056f4       0x96 CMakeFiles/src.dir/C_/VSARM/sdk/pico/pico-sdk/src/common/pico_time/time.c.obj
 *fill*         0x1000578a        0x2 
 .rodata.add_alarm_under_lock.str1.4
                0x1000578c       0x28 CMakeFiles/src.dir/C_/VSARM/sdk/pico/pico-sdk/src/common/pico_time/time.c.obj
                                 0x2b (size before relaxing)
 .rodata.alarm_pool_alarm_callback.str1.4
                0x100057b4       0x98 CMakeFiles/src.dir/C_/VSARM/sdk/pico/pico-sdk/src/common/pico_time/time.c.obj
                                 0xfc (size before relaxing)
 .rodata.alarm_pool_get_default.str1.4
                0x1000584c       0x21 CMakeFiles/src.dir/C_/VSARM/sdk/pico/pico-sdk/src/common/pico_time/time.c.obj
 *fill*         0x1000586d        0x3 
 .rodata.alarm_pool_cancel_alarm.str1.4
                0x10005870       0x27 CMakeFiles/src.dir/C_/VSARM/sdk/pico/pico-sdk/src/common/pico_time/time.c.obj
 *fill*         0x10005897        0x1 
 .rodata.sleep_until.str1.4
                0x10005898       0x4d CMakeFiles/src.dir/C_/VSARM/sdk/pico/pico-sdk/src/common/pico_time/time.c.obj
 *fill*         0x100058e5        0x3 
 .rodata.__func__.0
                0x100058e8       0x19 CMakeFiles/src.dir/C_/VSARM/sdk/pico/pico-sdk/src/common/pico_time/time.c.obj
 *fill*         0x10005901        0x3 
 .rodata.__func__.1
                0x10005904       0x18 CMakeFiles/src.dir/C_/VSARM/sdk/pico/pico-sdk/src/common/pico_time/time.c.obj
 .rodata.__func__.10
                0x1000591c       0x15 CMakeFiles/src.dir/C_/VSARM/sdk/pico/pico-sdk/src/common/pico_time/time.c.obj
 *fill*         0x10005931        0x3 
 .rodata.__func__.11
                0x10005934       0x1a CMakeFiles/src.dir/C_/VSARM/sdk/pico/pico-sdk/src/common/pico_time/time.c.obj
 *fill*         0x1000594e        0x2 
 .rodata.__func__.12
                0x10005950        0xa CMakeFiles/src.dir/C_/VSARM/sdk/pico/pico-sdk/src/common/pico_time/time.c.obj
 *fill*         0x1000595a        0x2 
 .rodata.__func__.3
                0x1000595c       0x17 CMakeFiles/src.dir/C_/VSARM/sdk/pico/pico-sdk/src/common/pico_time/time.c.obj
 *fill*         0x10005973        0x1 
 .rodata.__func__.4
                0x10005974       0x12 CMakeFiles/src.dir/C_/VSARM/sdk/pico/pico-sdk/src/common/pico_time/time.c.obj
 *fill*         0x10005986        0x2 
 .rodata.__func__.5
                0x10005988        0xd CMakeFiles/src.dir/C_/VSARM/sdk/pico/pico-sdk/src/common/pico_time/time.c.obj
 *fill*         0x10005995        0x3 
 .rodata.__func__.6
                0x10005998       0x12 CMakeFiles/src.dir/C_/VSARM/sdk/pico/pico-sdk/src/common/pico_time/time.c.obj
 *fill*         0x100059aa        0x2 
 .rodata.__func__.7
                0x100059ac        0xf CMakeFiles/src.dir/C_/VSARM/sdk/pico/pico-sdk/src/common/pico_time/time.c.obj
 *fill*         0x100059bb        0x1 
 .rodata.__func__.8
                0x100059bc        0xc CMakeFiles/src.dir/C_/VSARM/sdk/pico/pico-sdk/src/common/pico_time/time.c.obj
 .rodata.__func__.9
                0x100059c8       0x15 CMakeFiles/src.dir/C_/VSARM/sdk/pico/pico-sdk/src/common/pico_time/time.c.obj
 *fill*         0x100059dd        0x3 
 .rodata.hardware_alarm_claim.str1.4
                0x100059e0       0x22 CMakeFiles/src.dir/C_/VSARM/sdk/pico/pico-sdk/src/rp2_common/hardware_timer/timer.c.obj
 *fill*         0x10005a02        0x2 
 .rodata.hardware_alarm_set_target.str1.4
                0x10005a04       0x65 CMakeFiles/src.dir/C_/VSARM/sdk/pico/pico-sdk/src/rp2_common/hardware_timer/timer.c.obj
 *fill*         0x10005a69        0x3 
 .rodata.__func__.0
                0x10005a6c       0x1a CMakeFiles/src.dir/C_/VSARM/sdk/pico/pico-sdk/src/rp2_common/hardware_timer/timer.c.obj
 .rodata.ph_add_child_node.str1.4
                0x10005a86       0x96 CMakeFiles/src.dir/C_/VSARM/sdk/pico/pico-sdk/src/common/pico_util/pheap.c.obj
 *fill*         0x10005a86        0x2 
 .rodata.ph_remove_any_head.str1.4
                0x10005a88       0x8c CMakeFiles/src.dir/C_/VSARM/sdk/pico/pico-sdk/src/common/pico_util/pheap.c.obj
                                 0xa0 (size before relaxing)
 .rodata.ph_remove_and_free_node.str1.4
                0x10005b14       0x1e CMakeFiles/src.dir/C_/VSARM/sdk/pico/pico-sdk/src/common/pico_util/pheap.c.obj
                                 0x26 (size before relaxing)
 *fill*         0x10005b32        0x2 
 .rodata.__func__.0
                0x10005b34       0x18 CMakeFiles/src.dir/C_/VSARM/sdk/pico/pico-sdk/src/common/pico_util/pheap.c.obj
 .rodata.__func__.1
                0x10005b4c       0x13 CMakeFiles/src.dir/C_/VSARM/sdk/pico/pico-sdk/src/common/pico_util/pheap.c.obj
 *fill*         0x10005b5f        0x1 
 .rodata.__func__.2
                0x10005b60       0x12 CMakeFiles/src.dir/C_/VSARM/sdk/pico/pico-sdk/src/common/pico_util/pheap.c.obj
 *fill*         0x10005b72        0x2 
 .rodata.__func__.3
                0x10005b74        0xc CMakeFiles/src.dir/C_/VSARM/sdk/pico/pico-sdk/src/common/pico_util/pheap.c.obj
 .rodata.i2c_set_baudrate.str1.4
                0x10005b80       0x5d CMakeFiles/src.dir/C_/VSARM/sdk/pico/pico-sdk/src/rp2_common/hardware_i2c/i2c.c.obj
 *fill*         0x10005bdd        0x3 
 .rodata.__func__.0
                0x10005be0       0x11 CMakeFiles/src.dir/C_/VSARM/sdk/pico/pico-sdk/src/rp2_common/hardware_i2c/i2c.c.obj
 *fill*         0x10005bf1        0x3 
 .rodata.clock_configure.str1.4
                0x10005bf4       0x57 CMakeFiles/src.dir/C_/VSARM/sdk/pico/pico-sdk/src/rp2_common/hardware_clocks/clocks.c.obj
 *fill*         0x10005c4b        0x1 
 .rodata.__func__.1
                0x10005c4c       0x10 CMakeFiles/src.dir/C_/VSARM/sdk/pico/pico-sdk/src/rp2_common/hardware_clocks/clocks.c.obj
 .rodata.pll_init.str1.4
                0x10005c5c      0x123 CMakeFiles/src.dir/C_/VSARM/sdk/pico/pico-sdk/src/rp2_common/hardware_pll/pll.c.obj
 *fill*         0x10005d7f        0x1 
 .rodata.__func__.0
                0x10005d80        0x9 CMakeFiles/src.dir/C_/VSARM/sdk/pico/pico-sdk/src/rp2_common/hardware_pll/pll.c.obj
 *fill*         0x10005d89        0x3 
 .rodata.__assert_func.str1.4
                0x10005d8c       0x3f CMakeFiles/src.dir/C_/VSARM/sdk/pico/pico-sdk/src/rp2_common/pico_runtime/runtime.c.obj
                                 0x43 (size before relaxing)
 *fill*         0x10005dcb        0x1 
 .rodata.runtime_init.str1.4
                0x10005dcc       0x61 CMakeFiles/src.dir/C_/VSARM/sdk/pico/pico-sdk/src/rp2_common/pico_runtime/runtime.c.obj
 *fill*         0x10005e2d        0x3 
 .rodata.panic.str1.4
                0x10005e30       0x12 CMakeFiles/src.dir/C_/VSARM/sdk/pico/pico-sdk/src/rp2_common/pico_runtime/runtime.c.obj
 *fill*         0x10005e42        0x2 
 .rodata.__func__.2
                0x10005e44        0xd CMakeFiles/src.dir/C_/VSARM/sdk/pico/pico-sdk/src/rp2_common/pico_runtime/runtime.c.obj
 *fill*         0x10005e51        0x3 
 .rodata._ftoa.str1.4
                0x10005e54       0x15 CMakeFiles/src.dir/C_/VSARM/sdk/pico/pico-sdk/src/rp2_common/pico_printf/printf.c.obj
 *fill*         0x10005e69        0x3 
 .rodata._vsnprintf
                0x10005e6c      0x19c CMakeFiles/src.dir/C_/VSARM/sdk/pico/pico-sdk/src/rp2_common/pico_printf/printf.c.obj
 .rodata.pow10.0
                0x10006008       0x50 CMakeFiles/src.dir/C_/VSARM/sdk/pico/pico-sdk/src/rp2_common/pico_printf/printf.c.obj
 .rodata.__aeabi_double_init.str1.4
                0x10006058       0xa8 CMakeFiles/src.dir/C_/VSARM/sdk/pico/pico-sdk/src/rp2_common/pico_double/double_init_rom.c.obj
 .rodata.__func__.0
                0x10006100       0x14 CMakeFiles/src.dir/C_/VSARM/sdk/pico/pico-sdk/src/rp2_common/pico_double/double_init_rom.c.obj
 .rodata.__aeabi_float_init.str1.4
                0x10006114       0x7a CMakeFiles/src.dir/C_/VSARM/sdk/pico/pico-sdk/src/rp2_common/pico_float/float_init_rom.c.obj
                                 0x7e (size before relaxing)
 *fill*         0x1000618e        0x2 
 .rodata.__func__.0
                0x10006190       0x13 CMakeFiles/src.dir/C_/VSARM/sdk/pico/pico-sdk/src/rp2_common/pico_float/float_init_rom.c.obj
 *fill*         0x100061a3        0x1 
 .rodata.str1.4
                0x100061a4       0x38 CMakeFiles/src.dir/C_/VSARM/sdk/pico/pico-sdk/src/rp2_common/pico_standard_link/binary_info.c.obj
 .rodata.__bi_44
                0x100061dc        0xc CMakeFiles/src.dir/C_/VSARM/sdk/pico/pico-sdk/src/rp2_common/pico_standard_link/binary_info.c.obj
 .rodata.__bi_75
                0x100061e8        0xc CMakeFiles/src.dir/C_/VSARM/sdk/pico/pico-sdk/src/rp2_common/pico_standard_link/binary_info.c.obj
 .rodata.__bi_81
                0x100061f4        0xc CMakeFiles/src.dir/C_/VSARM/sdk/pico/pico-sdk/src/rp2_common/pico_standard_link/binary_info.c.obj
 .rodata.stdout_serialize_begin.str1.4
                0x10006200       0x61 CMakeFiles/src.dir/C_/VSARM/sdk/pico/pico-sdk/src/rp2_common/pico_stdio/stdio.c.obj
 .rodata.__func__.3
                0x10006200       0x15 CMakeFiles/src.dir/C_/VSARM/sdk/pico/pico-sdk/src/rp2_common/pico_stdio/stdio.c.obj
 *fill*         0x10006215        0x3 
 .rodata.crlf_str.2
                0x10006218        0x2 CMakeFiles/src.dir/C_/VSARM/sdk/pico/pico-sdk/src/rp2_common/pico_stdio/stdio.c.obj
 *fill*         0x1000621a        0x2 
 .rodata.str1.4
                0x1000621c       0x2c CMakeFiles/src.dir/C_/VSARM/sdk/pico/pico-sdk/src/rp2_common/pico_stdio_uart/stdio_uart.c.obj
 .rodata.__bi_33.4
                0x10006248        0xc CMakeFiles/src.dir/C_/VSARM/sdk/pico/pico-sdk/src/rp2_common/pico_stdio_uart/stdio_uart.c.obj
 .rodata.__bi_34.5
                0x10006254        0x8 CMakeFiles/src.dir/C_/VSARM/sdk/pico/pico-sdk/src/rp2_common/pico_stdio_uart/stdio_uart.c.obj
                0x1000625c                . = ALIGN (0x4)
 *(SORT_BY_ALIGNMENT(SORT_BY_NAME(.flashdata*)))
                0x1000625c                . = ALIGN (0x4)

.rel.dyn        0x1000625c        0x0
 .rel.iplt      0x1000625c        0x0 c:/vsarm/armcc/1142da~1.3re/bin/../lib/gcc/arm-none-eabi/11.3.1/thumb/v6-m/nofp/crtbegin.o

.ARM.extab
 *(.ARM.extab* .gnu.linkonce.armextab.*)
                0x1000625c                __exidx_start = .

.ARM.exidx
 *(.ARM.exidx* .gnu.linkonce.armexidx.*)
                0x1000625c                __exidx_end = .
                0x1000625c                . = ALIGN (0x4)
                0x1000625c                __binary_info_start = .

.binary_info    0x1000625c       0x28
 *(.binary_info.keep.*)
 .binary_info.keep.__bi_ptr73
                0x1000625c        0x4 CMakeFiles/src.dir/main.c.obj
 .binary_info.keep.__bi_ptr22
                0x10006260        0x4 CMakeFiles/src.dir/C_/VSARM/sdk/pico/pico-sdk/src/rp2_common/pico_standard_link/binary_info.c.obj
 .binary_info.keep.__bi_ptr30
                0x10006264        0x4 CMakeFiles/src.dir/C_/VSARM/sdk/pico/pico-sdk/src/rp2_common/pico_standard_link/binary_info.c.obj
 .binary_info.keep.__bi_ptr38
                0x10006268        0x4 CMakeFiles/src.dir/C_/VSARM/sdk/pico/pico-sdk/src/rp2_common/pico_standard_link/binary_info.c.obj
 .binary_info.keep.__bi_ptr44
                0x1000626c        0x4 CMakeFiles/src.dir/C_/VSARM/sdk/pico/pico-sdk/src/rp2_common/pico_standard_link/binary_info.c.obj
 .binary_info.keep.__bi_ptr50
                0x10006270        0x4 CMakeFiles/src.dir/C_/VSARM/sdk/pico/pico-sdk/src/rp2_common/pico_standard_link/binary_info.c.obj
 .binary_info.keep.__bi_ptr75
                0x10006274        0x4 CMakeFiles/src.dir/C_/VSARM/sdk/pico/pico-sdk/src/rp2_common/pico_standard_link/binary_info.c.obj
 .binary_info.keep.__bi_ptr81
                0x10006278        0x4 CMakeFiles/src.dir/C_/VSARM/sdk/pico/pico-sdk/src/rp2_common/pico_standard_link/binary_info.c.obj
 *(.binary_info.*)
 .binary_info.__bi_ptr33
                0x1000627c        0x4 CMakeFiles/src.dir/C_/VSARM/sdk/pico/pico-sdk/src/rp2_common/pico_stdio_uart/stdio_uart.c.obj
 .binary_info.__bi_ptr34
                0x10006280        0x4 CMakeFiles/src.dir/C_/VSARM/sdk/pico/pico-sdk/src/rp2_common/pico_stdio_uart/stdio_uart.c.obj
                0x10006284                __binary_info_end = .
                0x10006284                . = ALIGN (0x4)
                0x10006284                __etext = .

.ram_vector_table
                0x20000000       0xc0
 *(.ram_vector_table)
 .ram_vector_table
                0x20000000       0xc0 CMakeFiles/src.dir/C_/VSARM/sdk/pico/pico-sdk/src/rp2_common/pico_runtime/runtime.c.obj
                0x20000000                ram_vector_table

.data           0x200000c0      0x254 load address 0x10006284
                0x200000c0                __data_start__ = .
 *(vtable)
 *(.time_critical*)
 .time_critical.mutex_try_enter
                0x200000c0       0x46 CMakeFiles/src.dir/C_/VSARM/sdk/pico/pico-sdk/src/common/pico_sync/mutex.c.obj
                0x200000c0                mutex_try_enter
 *fill*         0x20000106        0x2 
 .time_critical.mutex_enter_block_until
                0x20000108       0x8c CMakeFiles/src.dir/C_/VSARM/sdk/pico/pico-sdk/src/common/pico_sync/mutex.c.obj
                0x20000108                mutex_enter_block_until
 .time_critical.mutex_try_enter_block_until
                0x20000194       0x34 CMakeFiles/src.dir/C_/VSARM/sdk/pico/pico-sdk/src/common/pico_sync/mutex.c.obj
                0x20000194                mutex_try_enter_block_until
 .time_critical.mutex_exit
                0x200001c8       0x4c CMakeFiles/src.dir/C_/VSARM/sdk/pico/pico-sdk/src/common/pico_sync/mutex.c.obj
                0x200001c8                mutex_exit
 *(.text*)
 .text          0x20000214        0x4 c:/vsarm/armcc/1142da~1.3re/bin/../lib/gcc/arm-none-eabi/11.3.1/thumb/v6-m/nofp\libgcc.a(_dvmd_tls.o)
                0x20000214                __aeabi_idiv0
                0x20000214                __aeabi_ldiv0
 .text.__stub   0x20000218       0x20 linker stubs
                0x20000238                . = ALIGN (0x4)
 *(.rodata*)
                0x20000238                . = ALIGN (0x4)
 *(.data*)
 .data.striped_spin_lock_num
                0x20000238        0x1 CMakeFiles/src.dir/C_/VSARM/sdk/pico/pico-sdk/src/rp2_common/hardware_sync/sync.c.obj
 *fill*         0x20000239        0x3 
 .data          0x2000023c       0x48 CMakeFiles/src.dir/C_/VSARM/sdk/pico/pico-sdk/src/rp2_common/hardware_irq/irq_handler_chain.S.obj
                0x2000023c                irq_handler_chain_slots
                0x2000026c                irq_handler_chain_first_slot
                0x20000276                irq_handler_chain_remove_tail
 .data.default_alarm_pool
                0x20000284       0x18 CMakeFiles/src.dir/C_/VSARM/sdk/pico/pico-sdk/src/common/pico_time/time.c.obj
 .data.default_alarm_pool_heap
                0x2000029c       0x10 CMakeFiles/src.dir/C_/VSARM/sdk/pico/pico-sdk/src/common/pico_time/time.c.obj
 .data.i2c0_inst
                0x200002ac        0x8 CMakeFiles/src.dir/C_/VSARM/sdk/pico/pico-sdk/src/rp2_common/hardware_i2c/i2c.c.obj
                0x200002ac                i2c0_inst
 .data.i2c1_inst
                0x200002b4        0x8 CMakeFiles/src.dir/C_/VSARM/sdk/pico/pico-sdk/src/rp2_common/hardware_i2c/i2c.c.obj
                0x200002b4                i2c1_inst
 *fill*         0x200002bc        0x4 
 .data.aeabi_bits_funcs
                0x200002c0       0x10 CMakeFiles/src.dir/C_/VSARM/sdk/pico/pico-sdk/src/rp2_common/pico_bit_ops/bit_ops_aeabi.S.obj
                0x200002c0                aeabi_bits_funcs
                0x200002d0                aeabi_bits_funcs_end
 .data.aeabi_mem_funcs
                0x200002d0       0x10 CMakeFiles/src.dir/C_/VSARM/sdk/pico/pico-sdk/src/rp2_common/pico_mem_ops/mem_ops_aeabi.S.obj
                0x200002d0                aeabi_mem_funcs
                0x200002e0                aeabi_mem_funcs_end
 .data.stdio_uart
                0x200002e0       0x18 CMakeFiles/src.dir/C_/VSARM/sdk/pico/pico-sdk/src/rp2_common/pico_stdio_uart/stdio_uart.c.obj
                0x200002e0                stdio_uart
                0x200002f8                . = ALIGN (0x4)
 *(.after_data.*)
                0x200002f8                . = ALIGN (0x4)
                0x200002f8                PROVIDE (__mutex_array_start = .)
 *(SORT_BY_NAME(.mutex_array.*))
 *(.mutex_array)
 .mutex_array   0x200002f8        0x8 CMakeFiles/src.dir/C_/VSARM/sdk/pico/pico-sdk/src/rp2_common/pico_stdio/stdio.c.obj
                0x20000300                PROVIDE (__mutex_array_end = .)
                0x20000300                . = ALIGN (0x4)
                0x20000300                PROVIDE (__preinit_array_start = .)
 *(SORT_BY_NAME(.preinit_array.*))
 .preinit_array.00001
                0x20000300        0x4 CMakeFiles/src.dir/C_/VSARM/sdk/pico/pico-sdk/src/rp2_common/pico_mem_ops/mem_ops_aeabi.S.obj
 .preinit_array.00010
                0x20000304        0x4 CMakeFiles/src.dir/C_/VSARM/sdk/pico/pico-sdk/src/rp2_common/pico_bit_ops/bit_ops_aeabi.S.obj
 .preinit_array.00020
                0x20000308        0x4 CMakeFiles/src.dir/C_/VSARM/sdk/pico/pico-sdk/src/rp2_common/pico_double/double_aeabi.S.obj
 .preinit_array.00020
                0x2000030c        0x4 CMakeFiles/src.dir/C_/VSARM/sdk/pico/pico-sdk/src/rp2_common/pico_float/float_aeabi.S.obj
 *(.preinit_array)
                0x20000310                PROVIDE (__preinit_array_end = .)
                0x20000310                . = ALIGN (0x4)
                0x20000310                PROVIDE (__init_array_start = .)
 *(SORT_BY_NAME(.init_array.*))
 *(.init_array)
 .init_array    0x20000310        0x4 c:/vsarm/armcc/1142da~1.3re/bin/../lib/gcc/arm-none-eabi/11.3.1/thumb/v6-m/nofp/crtbegin.o
                0x20000314                PROVIDE (__init_array_end = .)
                0x20000314                . = ALIGN (0x4)
                [!provide]                PROVIDE (__fini_array_start = .)
 *(SORT_BY_NAME(.fini_array.*))
 *(.fini_array)
                [!provide]                PROVIDE (__fini_array_end = .)
 *(.jcr)
                0x20000314                . = ALIGN (0x4)
                0x20000314                __data_end__ = .

.tm_clone_table
                0x20000314        0x0 load address 0x100064d8
 .tm_clone_table
                0x20000314        0x0 c:/vsarm/armcc/1142da~1.3re/bin/../lib/gcc/arm-none-eabi/11.3.1/thumb/v6-m/nofp/crtbegin.o
 .tm_clone_table
                0x20000314        0x0 c:/vsarm/armcc/1142da~1.3re/bin/../lib/gcc/arm-none-eabi/11.3.1/thumb/v6-m/nofp/crtend.o

.igot.plt       0x20000314        0x0 load address 0x100064d8
 .igot.plt      0x20000314        0x0 c:/vsarm/armcc/1142da~1.3re/bin/../lib/gcc/arm-none-eabi/11.3.1/thumb/v6-m/nofp/crtbegin.o

.uninitialized_data
                0x20000314        0x0 load address 0x100064d8
                0x20000314                . = ALIGN (0x4)
 *(.uninitialized_data*)

.scratch_x      0x20040000        0x0 load address 0x100064d8
                0x20040000                __scratch_x_start__ = .
 *(.scratch_x.*)
                0x20040000                . = ALIGN (0x4)
                0x20040000                __scratch_x_end__ = .
                0x100064d8                __scratch_x_source__ = LOADADDR (.scratch_x)

.scratch_y      0x20041000        0x0 load address 0x100064d8
                0x20041000                __scratch_y_start__ = .
 *(.scratch_y.*)
                0x20041000                . = ALIGN (0x4)
                0x20041000                __scratch_y_end__ = .
                0x100064d8                __scratch_y_source__ = LOADADDR (.scratch_y)

.bss            0x20000318      0x420
                0x20000318                . = ALIGN (0x4)
                0x20000318                __bss_start__ = .
 *(SORT_BY_ALIGNMENT(SORT_BY_NAME(.bss*)))
 .bss.default_alarm_pool_entries
                0x20000318      0x100 CMakeFiles/src.dir/C_/VSARM/sdk/pico/pico-sdk/src/common/pico_time/time.c.obj
 .bss.timer_heartbeat
                0x20000418       0x18 CMakeFiles/src.dir/main.c.obj
                0x20000418                timer_heartbeat
 .bss.timer_millisec
                0x20000430       0x18 CMakeFiles/src.dir/main.c.obj
                0x20000430                timer_millisec
 .bss.CO2_DET_Reading
                0x20000448        0x4 CMakeFiles/src.dir/main.c.obj
                0x20000448                CO2_DET_Reading
 .bss.CO2_REF_Reading
                0x2000044c        0x4 CMakeFiles/src.dir/main.c.obj
                0x2000044c                CO2_REF_Reading
 .bss.HC_DET_Reading
                0x20000450        0x4 CMakeFiles/src.dir/main.c.obj
                0x20000450                HC_DET_Reading
 .bss.HC_REF_Reading
                0x20000454        0x4 CMakeFiles/src.dir/main.c.obj
                0x20000454                HC_REF_Reading
 .bss.alarm_callbacks
                0x20000458       0x10 CMakeFiles/src.dir/C_/VSARM/sdk/pico/pico-sdk/src/rp2_common/hardware_timer/timer.c.obj
 .bss.chars_available_callback
                0x20000468        0x4 CMakeFiles/src.dir/C_/VSARM/sdk/pico/pico-sdk/src/rp2_common/pico_stdio_uart/stdio_uart.c.obj
 .bss.chars_available_param
                0x2000046c        0x4 CMakeFiles/src.dir/C_/VSARM/sdk/pico/pico-sdk/src/rp2_common/pico_stdio_uart/stdio_uart.c.obj
 .bss.configured_freq
                0x20000470       0x28 CMakeFiles/src.dir/C_/VSARM/sdk/pico/pico-sdk/src/rp2_common/hardware_clocks/clocks.c.obj
 .bss.default_alarm_pool_entry_ids_high
                0x20000498       0x10 CMakeFiles/src.dir/C_/VSARM/sdk/pico/pico-sdk/src/common/pico_time/time.c.obj
 .bss.default_alarm_pool_heap_nodes
                0x200004a8       0x30 CMakeFiles/src.dir/C_/VSARM/sdk/pico/pico-sdk/src/common/pico_time/time.c.obj
 .bss.drivers   0x200004d8        0x4 CMakeFiles/src.dir/C_/VSARM/sdk/pico/pico-sdk/src/rp2_common/pico_stdio/stdio.c.obj
 .bss.filter    0x200004dc        0x4 CMakeFiles/src.dir/C_/VSARM/sdk/pico/pico-sdk/src/rp2_common/pico_stdio/stdio.c.obj
 .bss.object.0  0x200004e0       0x18 c:/vsarm/armcc/1142da~1.3re/bin/../lib/gcc/arm-none-eabi/11.3.1/thumb/v6-m/nofp/crtbegin.o
 .bss.pools     0x200004f8       0x10 CMakeFiles/src.dir/C_/VSARM/sdk/pico/pico-sdk/src/common/pico_time/time.c.obj
 .bss.sd_table  0x20000508      0x100 CMakeFiles/src.dir/C_/VSARM/sdk/pico/pico-sdk/src/rp2_common/pico_double/double_init_rom.c.obj
                0x20000508                sd_table
 .bss.sf_clz_func
                0x20000608        0x4 CMakeFiles/src.dir/C_/VSARM/sdk/pico/pico-sdk/src/rp2_common/pico_double/double_init_rom.c.obj
                0x20000608                sf_clz_func
 .bss.sf_table  0x2000060c      0x100 CMakeFiles/src.dir/C_/VSARM/sdk/pico/pico-sdk/src/rp2_common/pico_float/float_init_rom.c.obj
                0x2000060c                sf_table
 .bss.sleep_notifier
                0x2000070c        0x4 CMakeFiles/src.dir/C_/VSARM/sdk/pico/pico-sdk/src/common/pico_time/time.c.obj
 .bss.target_hi
                0x20000710       0x10 CMakeFiles/src.dir/C_/VSARM/sdk/pico/pico-sdk/src/rp2_common/hardware_timer/timer.c.obj
 .bss.uart_char_to_line_feed
                0x20000720        0x4 CMakeFiles/src.dir/C_/VSARM/sdk/pico/pico-sdk/src/rp2_common/hardware_uart/uart.c.obj
                0x20000720                uart_char_to_line_feed
 .bss.uart_instance
                0x20000724        0x4 CMakeFiles/src.dir/C_/VSARM/sdk/pico/pico-sdk/src/rp2_common/pico_stdio_uart/stdio_uart.c.obj
 .bss.CO2_LED_Voltage
                0x20000728        0x2 CMakeFiles/src.dir/main.c.obj
                0x20000728                CO2_LED_Voltage
 .bss.CO2_Temperature
                0x2000072a        0x2 CMakeFiles/src.dir/main.c.obj
                0x2000072a                CO2_Temperature
 .bss.HC_LED_Voltage
                0x2000072c        0x2 CMakeFiles/src.dir/main.c.obj
                0x2000072c                HC_LED_Voltage
 .bss.HC_Temperature
                0x2000072e        0x2 CMakeFiles/src.dir/main.c.obj
                0x2000072e                HC_Temperature
 .bss.Timeout   0x20000730        0x2 CMakeFiles/src.dir/main.c.obj
                0x20000730                Timeout
 .bss.claimed   0x20000732        0x1 CMakeFiles/src.dir/C_/VSARM/sdk/pico/pico-sdk/src/rp2_common/hardware_timer/timer.c.obj
 .bss.irq_hander_chain_free_slot_head
                0x20000733        0x1 CMakeFiles/src.dir/C_/VSARM/sdk/pico/pico-sdk/src/rp2_common/hardware_irq/irq.c.obj
 .bss.timer_callbacks_pending
                0x20000734        0x1 CMakeFiles/src.dir/C_/VSARM/sdk/pico/pico-sdk/src/rp2_common/hardware_timer/timer.c.obj
 *(COMMON)
                0x20000738                . = ALIGN (0x4)
 *fill*         0x20000735        0x3 
                0x20000738                __bss_end__ = .

.heap           0x20000738      0x800
                0x20000738                __end__ = .
                0x20000738                end = __end__
 *(.heap*)
 .heap          0x20000738      0x800 CMakeFiles/src.dir/C_/VSARM/sdk/pico/pico-sdk/src/rp2_common/pico_standard_link/crt0.S.obj
                0x20000f38                __HeapLimit = .

.stack1_dummy   0x20040000        0x0
 *(.stack1*)

.stack_dummy    0x20041000      0x800
 *(.stack*)
 .stack         0x20041000      0x800 CMakeFiles/src.dir/C_/VSARM/sdk/pico/pico-sdk/src/rp2_common/pico_standard_link/crt0.S.obj

.flash_end      0x100064d8        0x0
                0x100064d8                __flash_binary_end = .
                0x20040000                __StackLimit = (ORIGIN (RAM) + LENGTH (RAM))
                0x20041000                __StackOneTop = (ORIGIN (SCRATCH_X) + LENGTH (SCRATCH_X))
                0x20042000                __StackTop = (ORIGIN (SCRATCH_Y) + LENGTH (SCRATCH_Y))
                0x20041000                __StackOneBottom = (__StackOneTop - SIZEOF (.stack1_dummy))
                0x20041800                __StackBottom = (__StackTop - SIZEOF (.stack_dummy))
                0x20042000                PROVIDE (__stack = __StackTop)
                0x00000001                ASSERT ((__StackLimit >= __HeapLimit), region RAM overflowed)
                0x00000001                ASSERT (((__binary_info_header_end - __logical_binary_start) <= 0x100), Binary info must be in first 256 bytes of the binary)
LOAD CMakeFiles/src.dir/main.c.obj
LOAD CMakeFiles/src.dir/C_/VSARM/sdk/pico/pico-sdk/src/rp2_common/hardware_adc/adc.c.obj
LOAD CMakeFiles/src.dir/C_/VSARM/sdk/pico/pico-sdk/src/rp2_common/pico_platform/platform.c.obj
LOAD CMakeFiles/src.dir/C_/VSARM/sdk/pico/pico-sdk/src/rp2_common/hardware_claim/claim.c.obj
LOAD CMakeFiles/src.dir/C_/VSARM/sdk/pico/pico-sdk/src/rp2_common/hardware_sync/sync.c.obj
LOAD CMakeFiles/src.dir/C_/VSARM/sdk/pico/pico-sdk/src/rp2_common/hardware_gpio/gpio.c.obj
LOAD CMakeFiles/src.dir/C_/VSARM/sdk/pico/pico-sdk/src/rp2_common/hardware_irq/irq.c.obj
LOAD CMakeFiles/src.dir/C_/VSARM/sdk/pico/pico-sdk/src/rp2_common/hardware_irq/irq_handler_chain.S.obj
LOAD CMakeFiles/src.dir/C_/VSARM/sdk/pico/pico-sdk/src/common/pico_sync/sem.c.obj
LOAD CMakeFiles/src.dir/C_/VSARM/sdk/pico/pico-sdk/src/common/pico_sync/lock_core.c.obj
LOAD CMakeFiles/src.dir/C_/VSARM/sdk/pico/pico-sdk/src/common/pico_sync/mutex.c.obj
LOAD CMakeFiles/src.dir/C_/VSARM/sdk/pico/pico-sdk/src/common/pico_sync/critical_section.c.obj
LOAD CMakeFiles/src.dir/C_/VSARM/sdk/pico/pico-sdk/src/common/pico_time/time.c.obj
LOAD CMakeFiles/src.dir/C_/VSARM/sdk/pico/pico-sdk/src/common/pico_time/timeout_helper.c.obj
LOAD CMakeFiles/src.dir/C_/VSARM/sdk/pico/pico-sdk/src/rp2_common/hardware_timer/timer.c.obj
LOAD CMakeFiles/src.dir/C_/VSARM/sdk/pico/pico-sdk/src/common/pico_util/datetime.c.obj
LOAD CMakeFiles/src.dir/C_/VSARM/sdk/pico/pico-sdk/src/common/pico_util/pheap.c.obj
LOAD CMakeFiles/src.dir/C_/VSARM/sdk/pico/pico-sdk/src/common/pico_util/queue.c.obj
LOAD CMakeFiles/src.dir/C_/VSARM/sdk/pico/pico-sdk/src/rp2_common/hardware_dma/dma.c.obj
LOAD CMakeFiles/src.dir/C_/VSARM/sdk/pico/pico-sdk/src/rp2_common/hardware_i2c/i2c.c.obj
LOAD CMakeFiles/src.dir/C_/VSARM/sdk/pico/pico-sdk/src/rp2_common/hardware_clocks/clocks.c.obj
LOAD CMakeFiles/src.dir/C_/VSARM/sdk/pico/pico-sdk/src/rp2_common/hardware_pll/pll.c.obj
LOAD CMakeFiles/src.dir/C_/VSARM/sdk/pico/pico-sdk/src/rp2_common/hardware_vreg/vreg.c.obj
LOAD CMakeFiles/src.dir/C_/VSARM/sdk/pico/pico-sdk/src/rp2_common/hardware_watchdog/watchdog.c.obj
LOAD CMakeFiles/src.dir/C_/VSARM/sdk/pico/pico-sdk/src/rp2_common/hardware_xosc/xosc.c.obj
LOAD CMakeFiles/src.dir/C_/VSARM/sdk/pico/pico-sdk/src/rp2_common/hardware_pio/pio.c.obj
LOAD CMakeFiles/src.dir/C_/VSARM/sdk/pico/pico-sdk/src/rp2_common/hardware_spi/spi.c.obj
LOAD CMakeFiles/src.dir/C_/VSARM/sdk/pico/pico-sdk/src/rp2_common/hardware_uart/uart.c.obj
LOAD CMakeFiles/src.dir/C_/VSARM/sdk/pico/pico-sdk/src/rp2_common/pico_stdlib/stdlib.c.obj
LOAD CMakeFiles/src.dir/C_/VSARM/sdk/pico/pico-sdk/src/rp2_common/hardware_divider/divider.S.obj
LOAD CMakeFiles/src.dir/C_/VSARM/sdk/pico/pico-sdk/src/rp2_common/pico_runtime/runtime.c.obj
LOAD CMakeFiles/src.dir/C_/VSARM/sdk/pico/pico-sdk/src/rp2_common/pico_printf/printf.c.obj
LOAD CMakeFiles/src.dir/C_/VSARM/sdk/pico/pico-sdk/src/rp2_common/pico_bit_ops/bit_ops_aeabi.S.obj
LOAD CMakeFiles/src.dir/C_/VSARM/sdk/pico/pico-sdk/src/rp2_common/pico_bootrom/bootrom.c.obj
LOAD CMakeFiles/src.dir/C_/VSARM/sdk/pico/pico-sdk/src/rp2_common/pico_divider/divider.S.obj
LOAD CMakeFiles/src.dir/C_/VSARM/sdk/pico/pico-sdk/src/rp2_common/pico_double/double_aeabi.S.obj
LOAD CMakeFiles/src.dir/C_/VSARM/sdk/pico/pico-sdk/src/rp2_common/pico_double/double_init_rom.c.obj
LOAD CMakeFiles/src.dir/C_/VSARM/sdk/pico/pico-sdk/src/rp2_common/pico_double/double_math.c.obj
LOAD CMakeFiles/src.dir/C_/VSARM/sdk/pico/pico-sdk/src/rp2_common/pico_double/double_v1_rom_shim.S.obj
LOAD CMakeFiles/src.dir/C_/VSARM/sdk/pico/pico-sdk/src/rp2_common/pico_int64_ops/pico_int64_ops_aeabi.S.obj
LOAD CMakeFiles/src.dir/C_/VSARM/sdk/pico/pico-sdk/src/rp2_common/pico_float/float_aeabi.S.obj
LOAD CMakeFiles/src.dir/C_/VSARM/sdk/pico/pico-sdk/src/rp2_common/pico_float/float_init_rom.c.obj
LOAD CMakeFiles/src.dir/C_/VSARM/sdk/pico/pico-sdk/src/rp2_common/pico_float/float_math.c.obj
LOAD CMakeFiles/src.dir/C_/VSARM/sdk/pico/pico-sdk/src/rp2_common/pico_float/float_v1_rom_shim.S.obj
LOAD CMakeFiles/src.dir/C_/VSARM/sdk/pico/pico-sdk/src/rp2_common/pico_malloc/pico_malloc.c.obj
LOAD CMakeFiles/src.dir/C_/VSARM/sdk/pico/pico-sdk/src/rp2_common/pico_mem_ops/mem_ops_aeabi.S.obj
LOAD CMakeFiles/src.dir/C_/VSARM/sdk/pico/pico-sdk/src/rp2_common/pico_standard_link/crt0.S.obj
LOAD CMakeFiles/src.dir/C_/VSARM/sdk/pico/pico-sdk/src/rp2_common/pico_standard_link/new_delete.cpp.obj
LOAD CMakeFiles/src.dir/C_/VSARM/sdk/pico/pico-sdk/src/rp2_common/pico_standard_link/binary_info.c.obj
LOAD CMakeFiles/src.dir/C_/VSARM/sdk/pico/pico-sdk/src/rp2_common/pico_stdio/stdio.c.obj
LOAD CMakeFiles/src.dir/C_/VSARM/sdk/pico/pico-sdk/src/rp2_common/pico_stdio_uart/stdio_uart.c.obj
LOAD C:\Users\CRAIG~1.HEM\AppData\Local\Temp\cckatJTG.o
LOAD c:/vsarm/armcc/1142da~1.3re/bin/../lib/gcc/arm-none-eabi/11.3.1/thumb/v6-m/nofp\libstdc++.a
LOAD c:/vsarm/armcc/1142da~1.3re/bin/../lib/gcc/arm-none-eabi/11.3.1/thumb/v6-m/nofp\libm.a
START GROUP
LOAD c:/vsarm/armcc/1142da~1.3re/bin/../lib/gcc/arm-none-eabi/11.3.1/thumb/v6-m/nofp\libgcc.a
LOAD c:/vsarm/armcc/1142da~1.3re/bin/../lib/gcc/arm-none-eabi/11.3.1/thumb/v6-m/nofp\libg.a
LOAD c:/vsarm/armcc/1142da~1.3re/bin/../lib/gcc/arm-none-eabi/11.3.1/thumb/v6-m/nofp\libc.a
END GROUP
START GROUP
LOAD c:/vsarm/armcc/1142da~1.3re/bin/../lib/gcc/arm-none-eabi/11.3.1/thumb/v6-m/nofp\libgcc.a
LOAD c:/vsarm/armcc/1142da~1.3re/bin/../lib/gcc/arm-none-eabi/11.3.1/thumb/v6-m/nofp\libc.a
LOAD c:/vsarm/armcc/1142da~1.3re/bin/../lib/gcc/arm-none-eabi/11.3.1/thumb/v6-m/nofp\libnosys.a
END GROUP
LOAD c:/vsarm/armcc/1142da~1.3re/bin/../lib/gcc/arm-none-eabi/11.3.1/thumb/v6-m/nofp/crtend.o
LOAD c:/vsarm/armcc/1142da~1.3re/bin/../lib/gcc/arm-none-eabi/11.3.1/thumb/v6-m/nofp/crtn.o
OUTPUT(src.elf elf32-littlearm)
LOAD linker stubs

.ARM.attributes
                0x00000000       0x28
 .ARM.attributes
                0x00000000       0x1e c:/vsarm/armcc/1142da~1.3re/bin/../lib/gcc/arm-none-eabi/11.3.1/thumb/v6-m/nofp/crti.o
 .ARM.attributes
                0x0000001e       0x2c c:/vsarm/armcc/1142da~1.3re/bin/../lib/gcc/arm-none-eabi/11.3.1/thumb/v6-m/nofp/crtbegin.o
 .ARM.attributes
                0x0000004a       0x2c CMakeFiles/src.dir/main.c.obj
 .ARM.attributes
                0x00000076       0x2c CMakeFiles/src.dir/C_/VSARM/sdk/pico/pico-sdk/src/rp2_common/pico_platform/platform.c.obj
 .ARM.attributes
                0x000000a2       0x2c CMakeFiles/src.dir/C_/VSARM/sdk/pico/pico-sdk/src/rp2_common/hardware_claim/claim.c.obj
 .ARM.attributes
                0x000000ce       0x2c CMakeFiles/src.dir/C_/VSARM/sdk/pico/pico-sdk/src/rp2_common/hardware_sync/sync.c.obj
 .ARM.attributes
                0x000000fa       0x2c CMakeFiles/src.dir/C_/VSARM/sdk/pico/pico-sdk/src/rp2_common/hardware_gpio/gpio.c.obj
 .ARM.attributes
                0x00000126       0x2c CMakeFiles/src.dir/C_/VSARM/sdk/pico/pico-sdk/src/rp2_common/hardware_irq/irq.c.obj
 .ARM.attributes
                0x00000152       0x22 CMakeFiles/src.dir/C_/VSARM/sdk/pico/pico-sdk/src/rp2_common/hardware_irq/irq_handler_chain.S.obj
 .ARM.attributes
                0x00000174       0x2c CMakeFiles/src.dir/C_/VSARM/sdk/pico/pico-sdk/src/common/pico_sync/lock_core.c.obj
 .ARM.attributes
                0x000001a0       0x2c CMakeFiles/src.dir/C_/VSARM/sdk/pico/pico-sdk/src/common/pico_sync/mutex.c.obj
 .ARM.attributes
                0x000001cc       0x2c CMakeFiles/src.dir/C_/VSARM/sdk/pico/pico-sdk/src/common/pico_time/time.c.obj
 .ARM.attributes
                0x000001f8       0x2c CMakeFiles/src.dir/C_/VSARM/sdk/pico/pico-sdk/src/rp2_common/hardware_timer/timer.c.obj
 .ARM.attributes
                0x00000224       0x2c CMakeFiles/src.dir/C_/VSARM/sdk/pico/pico-sdk/src/common/pico_util/pheap.c.obj
 .ARM.attributes
                0x00000250       0x2c CMakeFiles/src.dir/C_/VSARM/sdk/pico/pico-sdk/src/rp2_common/hardware_i2c/i2c.c.obj
 .ARM.attributes
                0x0000027c       0x2c CMakeFiles/src.dir/C_/VSARM/sdk/pico/pico-sdk/src/rp2_common/hardware_clocks/clocks.c.obj
 .ARM.attributes
                0x000002a8       0x2c CMakeFiles/src.dir/C_/VSARM/sdk/pico/pico-sdk/src/rp2_common/hardware_pll/pll.c.obj
 .ARM.attributes
                0x000002d4       0x2c CMakeFiles/src.dir/C_/VSARM/sdk/pico/pico-sdk/src/rp2_common/hardware_watchdog/watchdog.c.obj
 .ARM.attributes
                0x00000300       0x2c CMakeFiles/src.dir/C_/VSARM/sdk/pico/pico-sdk/src/rp2_common/hardware_xosc/xosc.c.obj
 .ARM.attributes
                0x0000032c       0x2c CMakeFiles/src.dir/C_/VSARM/sdk/pico/pico-sdk/src/rp2_common/hardware_uart/uart.c.obj
 .ARM.attributes
                0x00000358       0x2c CMakeFiles/src.dir/C_/VSARM/sdk/pico/pico-sdk/src/rp2_common/pico_runtime/runtime.c.obj
 .ARM.attributes
                0x00000384       0x2c CMakeFiles/src.dir/C_/VSARM/sdk/pico/pico-sdk/src/rp2_common/pico_printf/printf.c.obj
 .ARM.attributes
                0x000003b0       0x22 CMakeFiles/src.dir/C_/VSARM/sdk/pico/pico-sdk/src/rp2_common/pico_bit_ops/bit_ops_aeabi.S.obj
 .ARM.attributes
                0x000003d2       0x2c CMakeFiles/src.dir/C_/VSARM/sdk/pico/pico-sdk/src/rp2_common/pico_bootrom/bootrom.c.obj
 .ARM.attributes
                0x000003fe       0x22 CMakeFiles/src.dir/C_/VSARM/sdk/pico/pico-sdk/src/rp2_common/pico_divider/divider.S.obj
 .ARM.attributes
                0x00000420       0x22 CMakeFiles/src.dir/C_/VSARM/sdk/pico/pico-sdk/src/rp2_common/pico_double/double_aeabi.S.obj
 .ARM.attributes
                0x00000442       0x2c CMakeFiles/src.dir/C_/VSARM/sdk/pico/pico-sdk/src/rp2_common/pico_double/double_init_rom.c.obj
 .ARM.attributes
                0x0000046e       0x22 CMakeFiles/src.dir/C_/VSARM/sdk/pico/pico-sdk/src/rp2_common/pico_double/double_v1_rom_shim.S.obj
 .ARM.attributes
                0x00000490       0x22 CMakeFiles/src.dir/C_/VSARM/sdk/pico/pico-sdk/src/rp2_common/pico_int64_ops/pico_int64_ops_aeabi.S.obj
 .ARM.attributes
                0x000004b2       0x22 CMakeFiles/src.dir/C_/VSARM/sdk/pico/pico-sdk/src/rp2_common/pico_float/float_aeabi.S.obj
 .ARM.attributes
                0x000004d4       0x2c CMakeFiles/src.dir/C_/VSARM/sdk/pico/pico-sdk/src/rp2_common/pico_float/float_init_rom.c.obj
 .ARM.attributes
                0x00000500       0x22 CMakeFiles/src.dir/C_/VSARM/sdk/pico/pico-sdk/src/rp2_common/pico_float/float_v1_rom_shim.S.obj
 .ARM.attributes
                0x00000522       0x22 CMakeFiles/src.dir/C_/VSARM/sdk/pico/pico-sdk/src/rp2_common/pico_mem_ops/mem_ops_aeabi.S.obj
 .ARM.attributes
                0x00000544       0x22 CMakeFiles/src.dir/C_/VSARM/sdk/pico/pico-sdk/src/rp2_common/pico_standard_link/crt0.S.obj
 .ARM.attributes
                0x00000566       0x2c CMakeFiles/src.dir/C_/VSARM/sdk/pico/pico-sdk/src/rp2_common/pico_standard_link/binary_info.c.obj
 .ARM.attributes
                0x00000592       0x2c CMakeFiles/src.dir/C_/VSARM/sdk/pico/pico-sdk/src/rp2_common/pico_stdio/stdio.c.obj
 .ARM.attributes
                0x000005be       0x2c CMakeFiles/src.dir/C_/VSARM/sdk/pico/pico-sdk/src/rp2_common/pico_stdio_uart/stdio_uart.c.obj
 .ARM.attributes
                0x000005ea       0x22 C:\Users\CRAIG~1.HEM\AppData\Local\Temp\cckatJTG.o
 .ARM.attributes
                0x0000060c       0x1e c:/vsarm/armcc/1142da~1.3re/bin/../lib/gcc/arm-none-eabi/11.3.1/thumb/v6-m/nofp\libgcc.a(_dvmd_tls.o)
 .ARM.attributes
                0x0000062a       0x2c c:/vsarm/armcc/1142da~1.3re/bin/../lib/gcc/arm-none-eabi/11.3.1/thumb/v6-m/nofp\libg.a(libc_a-strlen-stub.o)
 .ARM.attributes
                0x00000656       0x2c c:/vsarm/armcc/1142da~1.3re/bin/../lib/gcc/arm-none-eabi/11.3.1/thumb/v6-m/nofp/crtend.o

.comment        0x00000000       0x33
 .comment       0x00000000       0x33 c:/vsarm/armcc/1142da~1.3re/bin/../lib/gcc/arm-none-eabi/11.3.1/thumb/v6-m/nofp/crtbegin.o
                                 0x34 (size before relaxing)
 .comment       0x00000033       0x34 CMakeFiles/src.dir/main.c.obj
 .comment       0x00000033       0x34 CMakeFiles/src.dir/C_/VSARM/sdk/pico/pico-sdk/src/rp2_common/pico_platform/platform.c.obj
 .comment       0x00000033       0x34 CMakeFiles/src.dir/C_/VSARM/sdk/pico/pico-sdk/src/rp2_common/hardware_claim/claim.c.obj
 .comment       0x00000033       0x34 CMakeFiles/src.dir/C_/VSARM/sdk/pico/pico-sdk/src/rp2_common/hardware_sync/sync.c.obj
 .comment       0x00000033       0x34 CMakeFiles/src.dir/C_/VSARM/sdk/pico/pico-sdk/src/rp2_common/hardware_gpio/gpio.c.obj
 .comment       0x00000033       0x34 CMakeFiles/src.dir/C_/VSARM/sdk/pico/pico-sdk/src/rp2_common/hardware_irq/irq.c.obj
 .comment       0x00000033       0x34 CMakeFiles/src.dir/C_/VSARM/sdk/pico/pico-sdk/src/common/pico_sync/lock_core.c.obj
 .comment       0x00000033       0x34 CMakeFiles/src.dir/C_/VSARM/sdk/pico/pico-sdk/src/common/pico_sync/mutex.c.obj
 .comment       0x00000033       0x34 CMakeFiles/src.dir/C_/VSARM/sdk/pico/pico-sdk/src/common/pico_time/time.c.obj
 .comment       0x00000033       0x34 CMakeFiles/src.dir/C_/VSARM/sdk/pico/pico-sdk/src/rp2_common/hardware_timer/timer.c.obj
 .comment       0x00000033       0x34 CMakeFiles/src.dir/C_/VSARM/sdk/pico/pico-sdk/src/common/pico_util/pheap.c.obj
 .comment       0x00000033       0x34 CMakeFiles/src.dir/C_/VSARM/sdk/pico/pico-sdk/src/rp2_common/hardware_i2c/i2c.c.obj
 .comment       0x00000033       0x34 CMakeFiles/src.dir/C_/VSARM/sdk/pico/pico-sdk/src/rp2_common/hardware_clocks/clocks.c.obj
 .comment       0x00000033       0x34 CMakeFiles/src.dir/C_/VSARM/sdk/pico/pico-sdk/src/rp2_common/hardware_pll/pll.c.obj
 .comment       0x00000033       0x34 CMakeFiles/src.dir/C_/VSARM/sdk/pico/pico-sdk/src/rp2_common/hardware_watchdog/watchdog.c.obj
 .comment       0x00000033       0x34 CMakeFiles/src.dir/C_/VSARM/sdk/pico/pico-sdk/src/rp2_common/hardware_xosc/xosc.c.obj
 .comment       0x00000033       0x34 CMakeFiles/src.dir/C_/VSARM/sdk/pico/pico-sdk/src/rp2_common/hardware_uart/uart.c.obj
 .comment       0x00000033       0x34 CMakeFiles/src.dir/C_/VSARM/sdk/pico/pico-sdk/src/rp2_common/pico_runtime/runtime.c.obj
 .comment       0x00000033       0x34 CMakeFiles/src.dir/C_/VSARM/sdk/pico/pico-sdk/src/rp2_common/pico_printf/printf.c.obj
 .comment       0x00000033       0x34 CMakeFiles/src.dir/C_/VSARM/sdk/pico/pico-sdk/src/rp2_common/pico_bootrom/bootrom.c.obj
 .comment       0x00000033       0x34 CMakeFiles/src.dir/C_/VSARM/sdk/pico/pico-sdk/src/rp2_common/pico_double/double_init_rom.c.obj
 .comment       0x00000033       0x34 CMakeFiles/src.dir/C_/VSARM/sdk/pico/pico-sdk/src/rp2_common/pico_float/float_init_rom.c.obj
 .comment       0x00000033       0x34 CMakeFiles/src.dir/C_/VSARM/sdk/pico/pico-sdk/src/rp2_common/pico_standard_link/binary_info.c.obj
 .comment       0x00000033       0x34 CMakeFiles/src.dir/C_/VSARM/sdk/pico/pico-sdk/src/rp2_common/pico_stdio/stdio.c.obj
 .comment       0x00000033       0x34 CMakeFiles/src.dir/C_/VSARM/sdk/pico/pico-sdk/src/rp2_common/pico_stdio_uart/stdio_uart.c.obj
 .comment       0x00000033       0x34 c:/vsarm/armcc/1142da~1.3re/bin/../lib/gcc/arm-none-eabi/11.3.1/thumb/v6-m/nofp\libg.a(libc_a-strlen-stub.o)
 .comment       0x00000033       0x34 c:/vsarm/armcc/1142da~1.3re/bin/../lib/gcc/arm-none-eabi/11.3.1/thumb/v6-m/nofp/crtend.o

.debug_info     0x00000000    0x18f45
 .debug_info    0x00000000     0x27d4 CMakeFiles/src.dir/main.c.obj
 .debug_info    0x000027d4      0x1fb CMakeFiles/src.dir/C_/VSARM/sdk/pico/pico-sdk/src/rp2_common/pico_platform/platform.c.obj
 .debug_info    0x000029cf      0x696 CMakeFiles/src.dir/C_/VSARM/sdk/pico/pico-sdk/src/rp2_common/hardware_claim/claim.c.obj
 .debug_info    0x00003065      0x5db CMakeFiles/src.dir/C_/VSARM/sdk/pico/pico-sdk/src/rp2_common/hardware_sync/sync.c.obj
 .debug_info    0x00003640     0x1671 CMakeFiles/src.dir/C_/VSARM/sdk/pico/pico-sdk/src/rp2_common/hardware_gpio/gpio.c.obj
 .debug_info    0x00004cb1     0x1c71 CMakeFiles/src.dir/C_/VSARM/sdk/pico/pico-sdk/src/rp2_common/hardware_irq/irq.c.obj
 .debug_info    0x00006922      0x1a3 CMakeFiles/src.dir/C_/VSARM/sdk/pico/pico-sdk/src/common/pico_sync/lock_core.c.obj
 .debug_info    0x00006ac5     0x20ef CMakeFiles/src.dir/C_/VSARM/sdk/pico/pico-sdk/src/common/pico_sync/mutex.c.obj
 .debug_info    0x00008bb4     0x4143 CMakeFiles/src.dir/C_/VSARM/sdk/pico/pico-sdk/src/common/pico_time/time.c.obj
 .debug_info    0x0000ccf7     0x141f CMakeFiles/src.dir/C_/VSARM/sdk/pico/pico-sdk/src/rp2_common/hardware_timer/timer.c.obj
 .debug_info    0x0000e116     0x1252 CMakeFiles/src.dir/C_/VSARM/sdk/pico/pico-sdk/src/common/pico_util/pheap.c.obj
 .debug_info    0x0000f368     0x15a6 CMakeFiles/src.dir/C_/VSARM/sdk/pico/pico-sdk/src/rp2_common/hardware_i2c/i2c.c.obj
 .debug_info    0x0001090e      0xfa6 CMakeFiles/src.dir/C_/VSARM/sdk/pico/pico-sdk/src/rp2_common/hardware_clocks/clocks.c.obj
 .debug_info    0x000118b4      0x505 CMakeFiles/src.dir/C_/VSARM/sdk/pico/pico-sdk/src/rp2_common/hardware_pll/pll.c.obj
 .debug_info    0x00011db9      0x4c5 CMakeFiles/src.dir/C_/VSARM/sdk/pico/pico-sdk/src/rp2_common/hardware_watchdog/watchdog.c.obj
 .debug_info    0x0001227e      0x1c7 CMakeFiles/src.dir/C_/VSARM/sdk/pico/pico-sdk/src/rp2_common/hardware_xosc/xosc.c.obj
 .debug_info    0x00012445      0xb20 CMakeFiles/src.dir/C_/VSARM/sdk/pico/pico-sdk/src/rp2_common/hardware_uart/uart.c.obj
 .debug_info    0x00012f65      0xfdc CMakeFiles/src.dir/C_/VSARM/sdk/pico/pico-sdk/src/rp2_common/pico_runtime/runtime.c.obj
 .debug_info    0x00013f41     0x19b1 CMakeFiles/src.dir/C_/VSARM/sdk/pico/pico-sdk/src/rp2_common/pico_printf/printf.c.obj
 .debug_info    0x000158f2       0x23 CMakeFiles/src.dir/C_/VSARM/sdk/pico/pico-sdk/src/rp2_common/pico_bit_ops/bit_ops_aeabi.S.obj
 .debug_info    0x00015915      0x26d CMakeFiles/src.dir/C_/VSARM/sdk/pico/pico-sdk/src/rp2_common/pico_bootrom/bootrom.c.obj
 .debug_info    0x00015b82       0x23 CMakeFiles/src.dir/C_/VSARM/sdk/pico/pico-sdk/src/rp2_common/pico_divider/divider.S.obj
 .debug_info    0x00015ba5       0x23 CMakeFiles/src.dir/C_/VSARM/sdk/pico/pico-sdk/src/rp2_common/pico_double/double_aeabi.S.obj
 .debug_info    0x00015bc8      0x33f CMakeFiles/src.dir/C_/VSARM/sdk/pico/pico-sdk/src/rp2_common/pico_double/double_init_rom.c.obj
 .debug_info    0x00015f07       0x23 CMakeFiles/src.dir/C_/VSARM/sdk/pico/pico-sdk/src/rp2_common/pico_double/double_v1_rom_shim.S.obj
 .debug_info    0x00015f2a       0x24 CMakeFiles/src.dir/C_/VSARM/sdk/pico/pico-sdk/src/rp2_common/pico_int64_ops/pico_int64_ops_aeabi.S.obj
 .debug_info    0x00015f4e       0x23 CMakeFiles/src.dir/C_/VSARM/sdk/pico/pico-sdk/src/rp2_common/pico_float/float_aeabi.S.obj
 .debug_info    0x00015f71      0x34f CMakeFiles/src.dir/C_/VSARM/sdk/pico/pico-sdk/src/rp2_common/pico_float/float_init_rom.c.obj
 .debug_info    0x000162c0       0x23 CMakeFiles/src.dir/C_/VSARM/sdk/pico/pico-sdk/src/rp2_common/pico_float/float_v1_rom_shim.S.obj
 .debug_info    0x000162e3       0x23 CMakeFiles/src.dir/C_/VSARM/sdk/pico/pico-sdk/src/rp2_common/pico_mem_ops/mem_ops_aeabi.S.obj
 .debug_info    0x00016306       0x23 CMakeFiles/src.dir/C_/VSARM/sdk/pico/pico-sdk/src/rp2_common/pico_standard_link/crt0.S.obj
 .debug_info    0x00016329      0x2b3 CMakeFiles/src.dir/C_/VSARM/sdk/pico/pico-sdk/src/rp2_common/pico_standard_link/binary_info.c.obj
 .debug_info    0x000165dc     0x180b CMakeFiles/src.dir/C_/VSARM/sdk/pico/pico-sdk/src/rp2_common/pico_stdio/stdio.c.obj
 .debug_info    0x00017de7     0x104f CMakeFiles/src.dir/C_/VSARM/sdk/pico/pico-sdk/src/rp2_common/pico_stdio_uart/stdio_uart.c.obj
 .debug_info    0x00018e36       0x24 c:/vsarm/armcc/1142da~1.3re/bin/../lib/gcc/arm-none-eabi/11.3.1/thumb/v6-m/nofp\libgcc.a(_dvmd_tls.o)
 .debug_info    0x00018e5a       0xeb c:/vsarm/armcc/1142da~1.3re/bin/../lib/gcc/arm-none-eabi/11.3.1/thumb/v6-m/nofp\libg.a(libc_a-strlen-stub.o)

.debug_abbrev   0x00000000     0x4d9d
 .debug_abbrev  0x00000000      0x49c CMakeFiles/src.dir/main.c.obj
 .debug_abbrev  0x0000049c       0xf8 CMakeFiles/src.dir/C_/VSARM/sdk/pico/pico-sdk/src/rp2_common/pico_platform/platform.c.obj
 .debug_abbrev  0x00000594      0x2d1 CMakeFiles/src.dir/C_/VSARM/sdk/pico/pico-sdk/src/rp2_common/hardware_claim/claim.c.obj
 .debug_abbrev  0x00000865      0x249 CMakeFiles/src.dir/C_/VSARM/sdk/pico/pico-sdk/src/rp2_common/hardware_sync/sync.c.obj
 .debug_abbrev  0x00000aae      0x361 CMakeFiles/src.dir/C_/VSARM/sdk/pico/pico-sdk/src/rp2_common/hardware_gpio/gpio.c.obj
 .debug_abbrev  0x00000e0f      0x52b CMakeFiles/src.dir/C_/VSARM/sdk/pico/pico-sdk/src/rp2_common/hardware_irq/irq.c.obj
 .debug_abbrev  0x0000133a      0x116 CMakeFiles/src.dir/C_/VSARM/sdk/pico/pico-sdk/src/common/pico_sync/lock_core.c.obj
 .debug_abbrev  0x00001450      0x3ee CMakeFiles/src.dir/C_/VSARM/sdk/pico/pico-sdk/src/common/pico_sync/mutex.c.obj
 .debug_abbrev  0x0000183e      0x609 CMakeFiles/src.dir/C_/VSARM/sdk/pico/pico-sdk/src/common/pico_time/time.c.obj
 .debug_abbrev  0x00001e47      0x3d9 CMakeFiles/src.dir/C_/VSARM/sdk/pico/pico-sdk/src/rp2_common/hardware_timer/timer.c.obj
 .debug_abbrev  0x00002220      0x2c9 CMakeFiles/src.dir/C_/VSARM/sdk/pico/pico-sdk/src/common/pico_util/pheap.c.obj
 .debug_abbrev  0x000024e9      0x4a8 CMakeFiles/src.dir/C_/VSARM/sdk/pico/pico-sdk/src/rp2_common/hardware_i2c/i2c.c.obj
 .debug_abbrev  0x00002991      0x412 CMakeFiles/src.dir/C_/VSARM/sdk/pico/pico-sdk/src/rp2_common/hardware_clocks/clocks.c.obj
 .debug_abbrev  0x00002da3      0x1e7 CMakeFiles/src.dir/C_/VSARM/sdk/pico/pico-sdk/src/rp2_common/hardware_pll/pll.c.obj
 .debug_abbrev  0x00002f8a      0x1a8 CMakeFiles/src.dir/C_/VSARM/sdk/pico/pico-sdk/src/rp2_common/hardware_watchdog/watchdog.c.obj
 .debug_abbrev  0x00003132      0x10c CMakeFiles/src.dir/C_/VSARM/sdk/pico/pico-sdk/src/rp2_common/hardware_xosc/xosc.c.obj
 .debug_abbrev  0x0000323e      0x2e3 CMakeFiles/src.dir/C_/VSARM/sdk/pico/pico-sdk/src/rp2_common/hardware_uart/uart.c.obj
 .debug_abbrev  0x00003521      0x50f CMakeFiles/src.dir/C_/VSARM/sdk/pico/pico-sdk/src/rp2_common/pico_runtime/runtime.c.obj
 .debug_abbrev  0x00003a30      0x38a CMakeFiles/src.dir/C_/VSARM/sdk/pico/pico-sdk/src/rp2_common/pico_printf/printf.c.obj
 .debug_abbrev  0x00003dba       0x12 CMakeFiles/src.dir/C_/VSARM/sdk/pico/pico-sdk/src/rp2_common/pico_bit_ops/bit_ops_aeabi.S.obj
 .debug_abbrev  0x00003dcc      0x139 CMakeFiles/src.dir/C_/VSARM/sdk/pico/pico-sdk/src/rp2_common/pico_bootrom/bootrom.c.obj
 .debug_abbrev  0x00003f05       0x12 CMakeFiles/src.dir/C_/VSARM/sdk/pico/pico-sdk/src/rp2_common/pico_divider/divider.S.obj
 .debug_abbrev  0x00003f17       0x12 CMakeFiles/src.dir/C_/VSARM/sdk/pico/pico-sdk/src/rp2_common/pico_double/double_aeabi.S.obj
 .debug_abbrev  0x00003f29      0x1ba CMakeFiles/src.dir/C_/VSARM/sdk/pico/pico-sdk/src/rp2_common/pico_double/double_init_rom.c.obj
 .debug_abbrev  0x000040e3       0x12 CMakeFiles/src.dir/C_/VSARM/sdk/pico/pico-sdk/src/rp2_common/pico_double/double_v1_rom_shim.S.obj
 .debug_abbrev  0x000040f5       0x14 CMakeFiles/src.dir/C_/VSARM/sdk/pico/pico-sdk/src/rp2_common/pico_int64_ops/pico_int64_ops_aeabi.S.obj
 .debug_abbrev  0x00004109       0x12 CMakeFiles/src.dir/C_/VSARM/sdk/pico/pico-sdk/src/rp2_common/pico_float/float_aeabi.S.obj
 .debug_abbrev  0x0000411b      0x1c6 CMakeFiles/src.dir/C_/VSARM/sdk/pico/pico-sdk/src/rp2_common/pico_float/float_init_rom.c.obj
 .debug_abbrev  0x000042e1       0x12 CMakeFiles/src.dir/C_/VSARM/sdk/pico/pico-sdk/src/rp2_common/pico_float/float_v1_rom_shim.S.obj
 .debug_abbrev  0x000042f3       0x12 CMakeFiles/src.dir/C_/VSARM/sdk/pico/pico-sdk/src/rp2_common/pico_mem_ops/mem_ops_aeabi.S.obj
 .debug_abbrev  0x00004305       0x12 CMakeFiles/src.dir/C_/VSARM/sdk/pico/pico-sdk/src/rp2_common/pico_standard_link/crt0.S.obj
 .debug_abbrev  0x00004317       0xb8 CMakeFiles/src.dir/C_/VSARM/sdk/pico/pico-sdk/src/rp2_common/pico_standard_link/binary_info.c.obj
 .debug_abbrev  0x000043cf      0x51c CMakeFiles/src.dir/C_/VSARM/sdk/pico/pico-sdk/src/rp2_common/pico_stdio/stdio.c.obj
 .debug_abbrev  0x000048eb      0x40e CMakeFiles/src.dir/C_/VSARM/sdk/pico/pico-sdk/src/rp2_common/pico_stdio_uart/stdio_uart.c.obj
 .debug_abbrev  0x00004cf9       0x14 c:/vsarm/armcc/1142da~1.3re/bin/../lib/gcc/arm-none-eabi/11.3.1/thumb/v6-m/nofp\libgcc.a(_dvmd_tls.o)
 .debug_abbrev  0x00004d0d       0x90 c:/vsarm/armcc/1142da~1.3re/bin/../lib/gcc/arm-none-eabi/11.3.1/thumb/v6-m/nofp\libg.a(libc_a-strlen-stub.o)

.debug_loclists
                0x00000000     0xa00e
 .debug_loclists
                0x00000000      0x672 CMakeFiles/src.dir/main.c.obj
 .debug_loclists
                0x00000672       0x9f CMakeFiles/src.dir/C_/VSARM/sdk/pico/pico-sdk/src/rp2_common/pico_platform/platform.c.obj
 .debug_loclists
                0x00000711      0x27b CMakeFiles/src.dir/C_/VSARM/sdk/pico/pico-sdk/src/rp2_common/hardware_claim/claim.c.obj
 .debug_loclists
                0x0000098c      0x157 CMakeFiles/src.dir/C_/VSARM/sdk/pico/pico-sdk/src/rp2_common/hardware_sync/sync.c.obj
 .debug_loclists
                0x00000ae3      0x968 CMakeFiles/src.dir/C_/VSARM/sdk/pico/pico-sdk/src/rp2_common/hardware_gpio/gpio.c.obj
 .debug_loclists
                0x0000144b      0xc8e CMakeFiles/src.dir/C_/VSARM/sdk/pico/pico-sdk/src/rp2_common/hardware_irq/irq.c.obj
 .debug_loclists
                0x000020d9       0x4a CMakeFiles/src.dir/C_/VSARM/sdk/pico/pico-sdk/src/common/pico_sync/lock_core.c.obj
 .debug_loclists
                0x00002123      0xcaa CMakeFiles/src.dir/C_/VSARM/sdk/pico/pico-sdk/src/common/pico_sync/mutex.c.obj
 .debug_loclists
                0x00002dcd     0x1ec8 CMakeFiles/src.dir/C_/VSARM/sdk/pico/pico-sdk/src/common/pico_time/time.c.obj
 .debug_loclists
                0x00004c95      0x660 CMakeFiles/src.dir/C_/VSARM/sdk/pico/pico-sdk/src/rp2_common/hardware_timer/timer.c.obj
 .debug_loclists
                0x000052f5      0xc2a CMakeFiles/src.dir/C_/VSARM/sdk/pico/pico-sdk/src/common/pico_util/pheap.c.obj
 .debug_loclists
                0x00005f1f      0xbde CMakeFiles/src.dir/C_/VSARM/sdk/pico/pico-sdk/src/rp2_common/hardware_i2c/i2c.c.obj
 .debug_loclists
                0x00006afd      0x4f6 CMakeFiles/src.dir/C_/VSARM/sdk/pico/pico-sdk/src/rp2_common/hardware_clocks/clocks.c.obj
 .debug_loclists
                0x00006ff3      0x1e1 CMakeFiles/src.dir/C_/VSARM/sdk/pico/pico-sdk/src/rp2_common/hardware_pll/pll.c.obj
 .debug_loclists
                0x000071d4      0x1ce CMakeFiles/src.dir/C_/VSARM/sdk/pico/pico-sdk/src/rp2_common/hardware_watchdog/watchdog.c.obj
 .debug_loclists
                0x000073a2       0x48 CMakeFiles/src.dir/C_/VSARM/sdk/pico/pico-sdk/src/rp2_common/hardware_xosc/xosc.c.obj
 .debug_loclists
                0x000073ea      0x2f8 CMakeFiles/src.dir/C_/VSARM/sdk/pico/pico-sdk/src/rp2_common/hardware_uart/uart.c.obj
 .debug_loclists
                0x000076e2      0x40e CMakeFiles/src.dir/C_/VSARM/sdk/pico/pico-sdk/src/rp2_common/pico_runtime/runtime.c.obj
 .debug_loclists
                0x00007af0     0x1590 CMakeFiles/src.dir/C_/VSARM/sdk/pico/pico-sdk/src/rp2_common/pico_printf/printf.c.obj
 .debug_loclists
                0x00009080       0xff CMakeFiles/src.dir/C_/VSARM/sdk/pico/pico-sdk/src/rp2_common/pico_bootrom/bootrom.c.obj
 .debug_loclists
                0x0000917f       0x41 CMakeFiles/src.dir/C_/VSARM/sdk/pico/pico-sdk/src/rp2_common/pico_double/double_init_rom.c.obj
 .debug_loclists