Archive member included to satisfy reference by file (symbol)

c:/vsarm/armcc/1142da~1.3re/bin/../lib/gcc/arm-none-eabi/11.3.1/thumb/v6-m/nofp\libgcc.a(_dvmd_tls.o)
                              CMakeFiles/src.dir/C_/VSARM/sdk/pico/pico-sdk/src/rp2_common/pico_divider/divider.S.obj (__aeabi_idiv0)
c:/vsarm/armcc/1142da~1.3re/bin/../lib/gcc/arm-none-eabi/11.3.1/thumb/v6-m/nofp\libg.a(libc_a-calloc.o)
                              CMakeFiles/src.dir/C_/VSARM/sdk/pico/pico-sdk/src/rp2_common/pico_malloc/pico_malloc.c.obj (calloc)
c:/vsarm/armcc/1142da~1.3re/bin/../lib/gcc/arm-none-eabi/11.3.1/thumb/v6-m/nofp\libg.a(libc_a-callocr.o)
                              c:/vsarm/armcc/1142da~1.3re/bin/../lib/gcc/arm-none-eabi/11.3.1/thumb/v6-m/nofp\libg.a(libc_a-calloc.o) (_calloc_r)
c:/vsarm/armcc/1142da~1.3re/bin/../lib/gcc/arm-none-eabi/11.3.1/thumb/v6-m/nofp\libg.a(libc_a-malloc.o)
                              CMakeFiles/src.dir/C_/VSARM/sdk/pico/pico-sdk/src/rp2_common/pico_malloc/pico_malloc.c.obj (malloc)
c:/vsarm/armcc/1142da~1.3re/bin/../lib/gcc/arm-none-eabi/11.3.1/thumb/v6-m/nofp\libg.a(libc_a-mallocr.o)
                              c:/vsarm/armcc/1142da~1.3re/bin/../lib/gcc/arm-none-eabi/11.3.1/thumb/v6-m/nofp\libg.a(libc_a-callocr.o) (_malloc_r)
c:/vsarm/armcc/1142da~1.3re/bin/../lib/gcc/arm-none-eabi/11.3.1/thumb/v6-m/nofp\libg.a(libc_a-mlock.o)
                              c:/vsarm/armcc/1142da~1.3re/bin/../lib/gcc/arm-none-eabi/11.3.1/thumb/v6-m/nofp\libg.a(libc_a-mallocr.o) (__malloc_lock)
c:/vsarm/armcc/1142da~1.3re/bin/../lib/gcc/arm-none-eabi/11.3.1/thumb/v6-m/nofp\libg.a(libc_a-realloc.o)
                              CMakeFiles/src.dir/C_/VSARM/sdk/pico/pico-sdk/src/rp2_common/pico_malloc/pico_malloc.c.obj (realloc)
c:/vsarm/armcc/1142da~1.3re/bin/../lib/gcc/arm-none-eabi/11.3.1/thumb/v6-m/nofp\libg.a(libc_a-reallocr.o)
                              c:/vsarm/armcc/1142da~1.3re/bin/../lib/gcc/arm-none-eabi/11.3.1/thumb/v6-m/nofp\libg.a(libc_a-realloc.o) (_realloc_r)
c:/vsarm/armcc/1142da~1.3re/bin/../lib/gcc/arm-none-eabi/11.3.1/thumb/v6-m/nofp\libg.a(libc_a-memmove.o)
                              c:/vsarm/armcc/1142da~1.3re/bin/../lib/gcc/arm-none-eabi/11.3.1/thumb/v6-m/nofp\libg.a(libc_a-reallocr.o) (memmove)
c:/vsarm/armcc/1142da~1.3re/bin/../lib/gcc/arm-none-eabi/11.3.1/thumb/v6-m/nofp\libg.a(libc_a-impure.o)
                              c:/vsarm/armcc/1142da~1.3re/bin/../lib/gcc/arm-none-eabi/11.3.1/thumb/v6-m/nofp\libg.a(libc_a-calloc.o) (_impure_ptr)
c:/vsarm/armcc/1142da~1.3re/bin/../lib/gcc/arm-none-eabi/11.3.1/thumb/v6-m/nofp\libg.a(libc_a-sbrkr.o)
                              c:/vsarm/armcc/1142da~1.3re/bin/../lib/gcc/arm-none-eabi/11.3.1/thumb/v6-m/nofp\libg.a(libc_a-mallocr.o) (_sbrk_r)
c:/vsarm/armcc/1142da~1.3re/bin/../lib/gcc/arm-none-eabi/11.3.1/thumb/v6-m/nofp\libg.a(libc_a-errno.o)
                              c:/vsarm/armcc/1142da~1.3re/bin/../lib/gcc/arm-none-eabi/11.3.1/thumb/v6-m/nofp\libg.a(libc_a-callocr.o) (__errno)
c:/vsarm/armcc/1142da~1.3re/bin/../lib/gcc/arm-none-eabi/11.3.1/thumb/v6-m/nofp\libg.a(libc_a-init.o)
                              c:/vsarm/armcc/1142da~1.3re/bin/../lib/gcc/arm-none-eabi/11.3.1/thumb/v6-m/nofp/crt0.o (__libc_init_array)
c:/vsarm/armcc/1142da~1.3re/bin/../lib/gcc/arm-none-eabi/11.3.1/thumb/v6-m/nofp\libg.a(libc_a-lock.o)
                              c:/vsarm/armcc/1142da~1.3re/bin/../lib/gcc/arm-none-eabi/11.3.1/thumb/v6-m/nofp\libg.a(libc_a-mlock.o) (__retarget_lock_acquire_recursive)
c:/vsarm/armcc/1142da~1.3re/bin/../lib/gcc/arm-none-eabi/11.3.1/thumb/v6-m/nofp\libg.a(libc_a-strlen-stub.o)
                              CMakeFiles/src.dir/C_/VSARM/sdk/pico/pico-sdk/src/rp2_common/pico_stdio/stdio.c.obj (strlen)
c:/vsarm/armcc/1142da~1.3re/bin/../lib/gcc/arm-none-eabi/11.3.1/thumb/v6-m/nofp\libg.a(libc_a-freer.o)
                              c:/vsarm/armcc/1142da~1.3re/bin/../lib/gcc/arm-none-eabi/11.3.1/thumb/v6-m/nofp\libg.a(libc_a-malloc.o) (_free_r)
c:/vsarm/armcc/1142da~1.3re/bin/../lib/gcc/arm-none-eabi/11.3.1/thumb/v6-m/nofp\libg.a(libc_a-findfp.o)
                              c:/vsarm/armcc/1142da~1.3re/bin/../lib/gcc/arm-none-eabi/11.3.1/thumb/v6-m/nofp\libg.a(libc_a-impure.o) (__sf)
c:/vsarm/armcc/1142da~1.3re/bin/../lib/gcc/arm-none-eabi/11.3.1/thumb/v6-m/nofp\libg.a(libc_a-fwalk.o)
                              c:/vsarm/armcc/1142da~1.3re/bin/../lib/gcc/arm-none-eabi/11.3.1/thumb/v6-m/nofp\libg.a(libc_a-findfp.o) (_fwalk_sglue)
c:/vsarm/armcc/1142da~1.3re/bin/../lib/gcc/arm-none-eabi/11.3.1/thumb/v6-m/nofp\libg.a(libc_a-stdio.o)
                              c:/vsarm/armcc/1142da~1.3re/bin/../lib/gcc/arm-none-eabi/11.3.1/thumb/v6-m/nofp\libg.a(libc_a-findfp.o) (__sread)
c:/vsarm/armcc/1142da~1.3re/bin/../lib/gcc/arm-none-eabi/11.3.1/thumb/v6-m/nofp\libg.a(libc_a-closer.o)
                              c:/vsarm/armcc/1142da~1.3re/bin/../lib/gcc/arm-none-eabi/11.3.1/thumb/v6-m/nofp\libg.a(libc_a-stdio.o) (_close_r)
[...]
Memory Configuration

Name             Origin             Length             Attributes
FLASH            0x10000000         0x00200000         xr
RAM              0x20000000         0x00040000         xrw
SCRATCH_X        0x20040000         0x00001000         xrw
SCRATCH_Y        0x20041000         0x00001000         xrw
*default*        0x00000000         0xffffffff

Linker script and memory map

LOAD c:/vsarm/armcc/1142da~1.3re/bin/../lib/gcc/arm-none-eabi/11.3.1/thumb/v6-m/nofp/crti.o
LOAD c:/vsarm/armcc/1142da~1.3re/bin/../lib/gcc/arm-none-eabi/11.3.1/thumb/v6-m/nofp/crtbegin.o
LOAD c:/vsarm/armcc/1142da~1.3re/bin/../lib/gcc/arm-none-eabi/11.3.1/thumb/v6-m/nofp/crt0.o

.flash_begin    0x10000000        0x0
                0x10000000                __flash_binary_start = .

.boot2          0x10000000      0x100
                0x10000000                __boot2_start__ = .
 *(.boot2)
 .boot2         0x10000000      0x100 C:\Users\CRAIG~1.HEM\AppData\Local\Temp\ccSjX9p4.o
                0x10000100                __boot2_end__ = .
                0x00000001                ASSERT (((__boot2_end__ - __boot2_start__) == 0x100), ERROR: Pico second stage bootloader must be 256 bytes in size)

.text           0x10000100     0x4cc0
                0x10000100                __logical_binary_start = .
 *(.vectors)
 .vectors       0x10000100       0xd4 CMakeFiles/src.dir/C_/VSARM/sdk/pico/pico-sdk/src/rp2_common/pico_standard_link/crt0.S.obj
                0x10000100                __VECTOR_TABLE
                0x10000100                __vectors
                0x100001c0                isr_invalid
                0x100001c0                __default_isrs_start
                0x100001c2                isr_nmi
                0x100001c4                isr_hardfault
                0x100001c6                isr_svcall
                0x100001c8                isr_pendsv
                0x100001ca                isr_systick
                0x100001cc                isr_irq23
                0x100001cc                isr_irq18
                0x100001cc                isr_irq11
                0x100001cc                isr_irq28
                0x100001cc                isr_irq19
                0x100001cc                isr_irq0
                0x100001cc                isr_irq6
                0x100001cc                isr_irq5
                0x100001cc                isr_irq12
                0x100001cc                isr_irq22
                0x100001cc                isr_irq31
                0x100001cc                isr_irq17
                0x100001cc                isr_irq27
                0x100001cc                isr_irq30
                0x100001cc                isr_irq2
                0x100001cc                isr_irq10
                0x100001cc                isr_irq8
                0x100001cc                isr_irq24
                0x100001cc                isr_irq1
                0x100001cc                isr_irq7
                0x100001cc                isr_irq21
                0x100001cc                isr_irq20
                0x100001cc                isr_irq15
                0x100001cc                isr_irq25
                0x100001cc                isr_irq13
                0x100001cc                __unhandled_user_irq
                0x100001cc                isr_irq4
                0x100001cc                isr_irq16
                0x100001cc                isr_irq29
                0x100001cc                isr_irq26
                0x100001cc                __default_isrs_end
                0x100001cc                isr_irq3
                0x100001cc                isr_irq14
                0x100001cc                isr_irq9
                0x100001d2                unhandled_user_irq_num_in_r0
 *(.binary_info_header)
 .binary_info_header
                0x100001d4       0x14 CMakeFiles/src.dir/C_/VSARM/sdk/pico/pico-sdk/src/rp2_common/pico_standard_link/crt0.S.obj
                0x100001e8                __binary_info_header_end = .
 *(.reset)
 .reset         0x100001e8       0xa0 CMakeFiles/src.dir/C_/VSARM/sdk/pico/pico-sdk/src/rp2_common/pico_standard_link/crt0.S.obj
                0x100001e8                _entry_point
 .reset         0x10000288       0x30 CMakeFiles/src.dir/C_/VSARM/sdk/pico/pico-sdk/src/rp2_common/pico_standard_link/binary_info.c.obj
 *(.init)
 .init          0x100002b8        0x4 c:/vsarm/armcc/1142da~1.3re/bin/../lib/gcc/arm-none-eabi/11.3.1/thumb/v6-m/nofp/crti.o
                0x100002b8                _init
 *(EXCLUDE_FILE(*libm.a: *libc.a:*lib_a-mem*.o *libgcc.a:) .text*)
 .text.register_tm_clones
                0x100002bc       0x28 c:/vsarm/armcc/1142da~1.3re/bin/../lib/gcc/arm-none-eabi/11.3.1/thumb/v6-m/nofp/crtbegin.o
 .text.frame_dummy
                0x100002e4       0x24 c:/vsarm/armcc/1142da~1.3re/bin/../lib/gcc/arm-none-eabi/11.3.1/thumb/v6-m/nofp/crtbegin.o
 .text.timer_millisec_isr
                0x10000308       0x14 CMakeFiles/src.dir/main.c.obj
 .text.LED_OnTime
                0x1000031c       0x50 CMakeFiles/src.dir/main.c.obj
                0x1000031c                LED_OnTime
 .text.LED_SetCurrent
                0x1000036c       0x1e CMakeFiles/src.dir/main.c.obj
                0x1000036c                LED_SetCurrent
 .text.Measurement_SetTime
                0x1000038a       0x14 CMakeFiles/src.dir/main.c.obj
                0x1000038a                Measurement_SetTime
 *fill*         0x1000039e        0x2 
 .text.Sensor_GetData
                0x100003a0       0x68 CMakeFiles/src.dir/main.c.obj
                0x100003a0                Sensor_GetData
 .text.Sensor_Init
                0x10000408       0xa8 CMakeFiles/src.dir/main.c.obj
                0x10000408                Sensor_Init
 .text.Sensor_SoftReset
                0x100004b0       0x24 CMakeFiles/src.dir/main.c.obj
                0x100004b0                Sensor_SoftReset
 .text.Sensor_StartMeasurement
                0x100004d4       0x28 CMakeFiles/src.dir/main.c.obj
                0x100004d4                Sensor_StartMeasurement
 .text.main     0x100004fc      0x124 CMakeFiles/src.dir/main.c.obj
                0x100004fc                main
 .text.running_on_fpga
                0x10000620       0x14 CMakeFiles/src.dir/C_/VSARM/sdk/pico/pico-sdk/src/rp2_common/pico_platform/platform.c.obj
                0x10000620                running_on_fpga
 .text.hw_claim_lock
                0x10000634       0x18 CMakeFiles/src.dir/C_/VSARM/sdk/pico/pico-sdk/src/rp2_common/hardware_claim/claim.c.obj
                0x10000634                hw_claim_lock
 .text.hw_claim_unlock
                0x1000064c       0x14 CMakeFiles/src.dir/C_/VSARM/sdk/pico/pico-sdk/src/rp2_common/hardware_claim/claim.c.obj
                0x1000064c                hw_claim_unlock
 .text.hw_claim_or_assert
                0x10000660       0x32 CMakeFiles/src.dir/C_/VSARM/sdk/pico/pico-sdk/src/rp2_common/hardware_claim/claim.c.obj
                0x10000660                hw_claim_or_assert
 *fill*         0x10000692        0x2 
 .text.spin_locks_reset
                0x10000694       0x20 CMakeFiles/src.dir/C_/VSARM/sdk/pico/pico-sdk/src/rp2_common/hardware_sync/sync.c.obj
                0x10000694                spin_locks_reset
 .text.next_striped_spin_lock_num
                0x100006b4       0x1c CMakeFiles/src.dir/C_/VSARM/sdk/pico/pico-sdk/src/rp2_common/hardware_sync/sync.c.obj
                0x100006b4                next_striped_spin_lock_num
 .text.gpio_set_function
                0x100006d0       0x30 CMakeFiles/src.dir/C_/VSARM/sdk/pico/pico-sdk/src/rp2_common/hardware_gpio/gpio.c.obj
                0x100006d0                gpio_set_function
 .text.gpio_set_pulls
                0x10000700       0x34 CMakeFiles/src.dir/C_/VSARM/sdk/pico/pico-sdk/src/rp2_common/hardware_gpio/gpio.c.obj
                0x10000700                gpio_set_pulls
 .text.gpio_init
                0x10000734       0x16 CMakeFiles/src.dir/C_/VSARM/sdk/pico/pico-sdk/src/rp2_common/hardware_gpio/gpio.c.obj
                0x10000734                gpio_init
 *fill*         0x1000074a        0x2 
 .text.set_raw_irq_handler_and_unlock
                0x1000074c       0x28 CMakeFiles/src.dir/C_/VSARM/sdk/pico/pico-sdk/src/rp2_common/hardware_irq/irq.c.obj
 .text.make_branch
                0x10000774       0x48 CMakeFiles/src.dir/C_/VSARM/sdk/pico/pico-sdk/src/rp2_common/hardware_irq/irq.c.obj
 .text.insert_branch_and_link
                0x100007bc       0x40 CMakeFiles/src.dir/C_/VSARM/sdk/pico/pico-sdk/src/rp2_common/hardware_irq/irq.c.obj
 .text.irq_is_enabled
                0x100007fc       0x18 CMakeFiles/src.dir/C_/VSARM/sdk/pico/pico-sdk/src/rp2_common/hardware_irq/irq.c.obj
                0x100007fc                irq_is_enabled
 .text.irq_set_mask_enabled
                0x10000814       0x20 CMakeFiles/src.dir/C_/VSARM/sdk/pico/pico-sdk/src/rp2_common/hardware_irq/irq.c.obj
                0x10000814                irq_set_mask_enabled
 .text.irq_set_enabled
                0x10000834        0xe CMakeFiles/src.dir/C_/VSARM/sdk/pico/pico-sdk/src/rp2_common/hardware_irq/irq.c.obj
                0x10000834                irq_set_enabled
 *fill*         0x10000842        0x2 
 .text.irq_get_vtable_handler
                0x10000844       0x10 CMakeFiles/src.dir/C_/VSARM/sdk/pico/pico-sdk/src/rp2_common/hardware_irq/irq.c.obj
                0x10000844                irq_get_vtable_handler
 .text.irq_set_exclusive_handler
                0x10000854       0x54 CMakeFiles/src.dir/C_/VSARM/sdk/pico/pico-sdk/src/rp2_common/hardware_irq/irq.c.obj
                0x10000854                irq_set_exclusive_handler
 .text.irq_remove_handler
                0x100008a8      0x1a8 CMakeFiles/src.dir/C_/VSARM/sdk/pico/pico-sdk/src/rp2_common/hardware_irq/irq.c.obj
                0x100008a8                irq_remove_handler
 .text.irq_add_tail_to_free_list
                0x10000a50       0xf0 CMakeFiles/src.dir/C_/VSARM/sdk/pico/pico-sdk/src/rp2_common/hardware_irq/irq.c.obj
                0x10000a50                irq_add_tail_to_free_list
 .text.irq_init_priorities
                0x10000b40       0x1c CMakeFiles/src.dir/C_/VSARM/sdk/pico/pico-sdk/src/rp2_common/hardware_irq/irq.c.obj
                0x10000b40                irq_init_priorities
 .text.lock_init
                0x10000b5c       0x10 CMakeFiles/src.dir/C_/VSARM/sdk/pico/pico-sdk/src/common/pico_sync/lock_core.c.obj
                0x10000b5c                lock_init
 .text.mutex_init
                0x10000b6c       0x1a CMakeFiles/src.dir/C_/VSARM/sdk/pico/pico-sdk/src/common/pico_sync/mutex.c.obj
                0x10000b6c                mutex_init
 .text.recursive_mutex_init
                0x10000b86       0x1e CMakeFiles/src.dir/C_/VSARM/sdk/pico/pico-sdk/src/common/pico_sync/mutex.c.obj
                0x10000b86                recursive_mutex_init
 .text.repeating_timer_callback
                0x10000ba4       0x40 CMakeFiles/src.dir/C_/VSARM/sdk/pico/pico-sdk/src/common/pico_time/time.c.obj
 .text.alarm_pool_post_alloc_init
                0x10000be4       0x40 CMakeFiles/src.dir/C_/VSARM/sdk/pico/pico-sdk/src/common/pico_time/time.c.obj
 .text.sleep_until_callback
                0x10000c24       0x30 CMakeFiles/src.dir/C_/VSARM/sdk/pico/pico-sdk/src/common/pico_time/time.c.obj
 .text.timer_pool_entry_comparator
                0x10000c54       0x78 CMakeFiles/src.dir/C_/VSARM/sdk/pico/pico-sdk/src/common/pico_time/time.c.obj
                0x10000c54                timer_pool_entry_comparator
 .text.ph_add_child_node
                0x10000ccc       0xa0 CMakeFiles/src.dir/C_/VSARM/sdk/pico/pico-sdk/src/common/pico_time/time.c.obj
 .text.ph_merge_nodes
                0x10000d6c       0x3e CMakeFiles/src.dir/C_/VSARM/sdk/pico/pico-sdk/src/common/pico_time/time.c.obj
 *fill*         0x10000daa        0x2 
 .text.add_alarm_under_lock
                0x10000dac      0x16c CMakeFiles/src.dir/C_/VSARM/sdk/pico/pico-sdk/src/common/pico_time/time.c.obj
 .text.alarm_pool_alarm_callback
                0x10000f18      0x33c CMakeFiles/src.dir/C_/VSARM/sdk/pico/pico-sdk/src/common/pico_time/time.c.obj
 .text.alarm_pool_init_default
                0x10001254       0x40 CMakeFiles/src.dir/C_/VSARM/sdk/pico/pico-sdk/src/common/pico_time/time.c.obj
                0x10001254                alarm_pool_init_default
 .text.alarm_pool_get_default
                0x10001294       0x2c CMakeFiles/src.dir/C_/VSARM/sdk/pico/pico-sdk/src/common/pico_time/time.c.obj
                0x10001294                alarm_pool_get_default
 .text.alarm_pool_add_alarm_at
                0x100012c0      0x16c CMakeFiles/src.dir/C_/VSARM/sdk/pico/pico-sdk/src/common/pico_time/time.c.obj
                0x100012c0                alarm_pool_add_alarm_at
 .text.alarm_pool_cancel_alarm
                0x1000142c       0xec CMakeFiles/src.dir/C_/VSARM/sdk/pico/pico-sdk/src/common/pico_time/time.c.obj
                0x1000142c                alarm_pool_cancel_alarm
 .text.alarm_pool_add_repeating_timer_us
                0x10001518       0x94 CMakeFiles/src.dir/C_/VSARM/sdk/pico/pico-sdk/src/common/pico_time/time.c.obj
                0x10001518                alarm_pool_add_repeating_timer_us
 .text.sleep_until
                0x100015ac       0xfc CMakeFiles/src.dir/C_/VSARM/sdk/pico/pico-sdk/src/common/pico_time/time.c.obj
                0x100015ac                sleep_until
 .text.sleep_us
                0x100016a8       0x58 CMakeFiles/src.dir/C_/VSARM/sdk/pico/pico-sdk/src/common/pico_time/time.c.obj
                0x100016a8                sleep_us
 .text.sleep_ms
                0x10001700       0x14 CMakeFiles/src.dir/C_/VSARM/sdk/pico/pico-sdk/src/common/pico_time/time.c.obj
                0x10001700                sleep_ms
 .text.best_effort_wfe_or_timeout
                0x10001714       0xac CMakeFiles/src.dir/C_/VSARM/sdk/pico/pico-sdk/src/common/pico_time/time.c.obj
                0x10001714                best_effort_wfe_or_timeout
 .text.hardware_alarm_irq_handler
                0x100017c0       0x8c CMakeFiles/src.dir/C_/VSARM/sdk/pico/pico-sdk/src/rp2_common/hardware_timer/timer.c.obj
 .text.hardware_alarm_claim
                0x1000184c       0x18 CMakeFiles/src.dir/C_/VSARM/sdk/pico/pico-sdk/src/rp2_common/hardware_timer/timer.c.obj
                0x1000184c                hardware_alarm_claim
 .text.time_us_64
                0x10001864       0x18 CMakeFiles/src.dir/C_/VSARM/sdk/pico/pico-sdk/src/rp2_common/hardware_timer/timer.c.obj
                0x10001864                time_us_64
 .text.busy_wait_until
                0x1000187c       0x28 CMakeFiles/src.dir/C_/VSARM/sdk/pico/pico-sdk/src/rp2_common/hardware_timer/timer.c.obj
                0x1000187c                busy_wait_until
 .text.hardware_alarm_set_callback
                0x100018a4       0x90 CMakeFiles/src.dir/C_/VSARM/sdk/pico/pico-sdk/src/rp2_common/hardware_timer/timer.c.obj
                0x100018a4                hardware_alarm_set_callback
 .text.hardware_alarm_set_target
                0x10001934       0xe8 CMakeFiles/src.dir/C_/VSARM/sdk/pico/pico-sdk/src/rp2_common/hardware_timer/timer.c.obj
                0x10001934                hardware_alarm_set_target
 .text.hardware_alarm_cancel
                0x10001a1c       0x40 CMakeFiles/src.dir/C_/VSARM/sdk/pico/pico-sdk/src/rp2_common/hardware_timer/timer.c.obj
                0x10001a1c                hardware_alarm_cancel
 .text.ph_add_child_node
                0x10001a5c       0xa0 CMakeFiles/src.dir/C_/VSARM/sdk/pico/pico-sdk/src/common/pico_util/pheap.c.obj
 .text.ph_merge_nodes
                0x10001afc       0x3e CMakeFiles/src.dir/C_/VSARM/sdk/pico/pico-sdk/src/common/pico_util/pheap.c.obj
 *fill*         0x10001b3a        0x2 
 .text.ph_clear
                0x10001b3c       0x70 CMakeFiles/src.dir/C_/VSARM/sdk/pico/pico-sdk/src/common/pico_util/pheap.c.obj
                0x10001b3c                ph_clear
 .text.ph_post_alloc_init
                0x10001bac        0xe CMakeFiles/src.dir/C_/VSARM/sdk/pico/pico-sdk/src/common/pico_util/pheap.c.obj
                0x10001bac                ph_post_alloc_init
 *fill*         0x10001bba        0x2 
 .text.ph_merge_two_pass
                0x10001bbc       0xa4 CMakeFiles/src.dir/C_/VSARM/sdk/pico/pico-sdk/src/common/pico_util/pheap.c.obj
                0x10001bbc                ph_merge_two_pass
 .text.ph_remove_any_head
                0x10001c60      0x120 CMakeFiles/src.dir/C_/VSARM/sdk/pico/pico-sdk/src/common/pico_util/pheap.c.obj
 .text.ph_remove_head
                0x10001d80       0x14 CMakeFiles/src.dir/C_/VSARM/sdk/pico/pico-sdk/src/common/pico_util/pheap.c.obj
                0x10001d80                ph_remove_head
 .text.ph_remove_and_free_node
                0x10001d94       0xf8 CMakeFiles/src.dir/C_/VSARM/sdk/pico/pico-sdk/src/common/pico_util/pheap.c.obj
                0x10001d94                ph_remove_and_free_node
 .text.clock_configure
                0x10001e8c      0x104 CMakeFiles/src.dir/C_/VSARM/sdk/pico/pico-sdk/src/rp2_common/hardware_clocks/clocks.c.obj
                0x10001e8c                clock_configure
 .text.clocks_init
                0x10001f90      0x100 CMakeFiles/src.dir/C_/VSARM/sdk/pico/pico-sdk/src/rp2_common/hardware_clocks/clocks.c.obj
                0x10001f90                clocks_init
 .text.clock_get_hz
                0x10002090        0xc CMakeFiles/src.dir/C_/VSARM/sdk/pico/pico-sdk/src/rp2_common/hardware_clocks/clocks.c.obj
                0x10002090                clock_get_hz
 .text.pll_init
                0x1000209c      0x12c CMakeFiles/src.dir/C_/VSARM/sdk/pico/pico-sdk/src/rp2_common/hardware_pll/pll.c.obj
                0x1000209c                pll_init
 .text.watchdog_start_tick
                0x100021c8       0x10 CMakeFiles/src.dir/C_/VSARM/sdk/pico/pico-sdk/src/rp2_common/hardware_watchdog/watchdog.c.obj
                0x100021c8                watchdog_start_tick
 .text.xosc_init
                0x100021d8       0x28 CMakeFiles/src.dir/C_/VSARM/sdk/pico/pico-sdk/src/rp2_common/hardware_xosc/xosc.c.obj
                0x100021d8                xosc_init
 .text.i2c_write_blocking_internal
                0x10002200      0x140 CMakeFiles/src.dir/C_/VSARM/sdk/pico/pico-sdk/src/rp2_common/hardware_i2c/i2c.c.obj
 .text.i2c_read_blocking_internal
                0x10002340       0xea CMakeFiles/src.dir/C_/VSARM/sdk/pico/pico-sdk/src/rp2_common/hardware_i2c/i2c.c.obj
 *fill*         0x1000242a        0x2 
 .text.i2c_set_baudrate
                0x1000242c       0xf0 CMakeFiles/src.dir/C_/VSARM/sdk/pico/pico-sdk/src/rp2_common/hardware_i2c/i2c.c.obj
                0x1000242c                i2c_set_baudrate
 .text.i2c_init
                0x1000251c       0x58 CMakeFiles/src.dir/C_/VSARM/sdk/pico/pico-sdk/src/rp2_common/hardware_i2c/i2c.c.obj
                0x1000251c                i2c_init
 .text.i2c_write_blocking
                0x10002574       0x18 CMakeFiles/src.dir/C_/VSARM/sdk/pico/pico-sdk/src/rp2_common/hardware_i2c/i2c.c.obj
                0x10002574                i2c_write_blocking
 .text.i2c_read_blocking
                0x1000258c       0x18 CMakeFiles/src.dir/C_/VSARM/sdk/pico/pico-sdk/src/rp2_common/hardware_i2c/i2c.c.obj
                0x1000258c                i2c_read_blocking
 .text.uart_set_baudrate
                0x100025a4       0x5c CMakeFiles/src.dir/C_/VSARM/sdk/pico/pico-sdk/src/rp2_common/hardware_uart/uart.c.obj
                0x100025a4                uart_set_baudrate
 .text.uart_set_translate_crlf
                0x10002600       0x28 CMakeFiles/src.dir/C_/VSARM/sdk/pico/pico-sdk/src/rp2_common/hardware_uart/uart.c.obj
                0x10002600                uart_set_translate_crlf
 .text.uart_init
                0x10002628       0x80 CMakeFiles/src.dir/C_/VSARM/sdk/pico/pico-sdk/src/rp2_common/hardware_uart/uart.c.obj
                0x10002628                uart_init
 .text._exit    0x100026a8        0x4 CMakeFiles/src.dir/C_/VSARM/sdk/pico/pico-sdk/src/rp2_common/pico_runtime/runtime.c.obj
                0x100026a8                _exit
 .text.exit     0x100026ac        0x6 CMakeFiles/src.dir/C_/VSARM/sdk/pico/pico-sdk/src/rp2_common/pico_runtime/runtime.c.obj
                0x100026ac                exit
 *fill*         0x100026b2        0x2 
 .text.__assert_func
                0x100026b4       0x3c CMakeFiles/src.dir/C_/VSARM/sdk/pico/pico-sdk/src/rp2_common/pico_runtime/runtime.c.obj
                0x100026b4                __assert_func
 .text.runtime_init
                0x100026f0       0xf8 CMakeFiles/src.dir/C_/VSARM/sdk/pico/pico-sdk/src/rp2_common/pico_runtime/runtime.c.obj
                0x100026f0                runtime_init
 .text.panic    0x100027e8       0x30 CMakeFiles/src.dir/C_/VSARM/sdk/pico/pico-sdk/src/rp2_common/pico_runtime/runtime.c.obj
                0x100027e8                panic
 .text._out_null
                0x10002818        0x2 CMakeFiles/src.dir/C_/VSARM/sdk/pico/pico-sdk/src/rp2_common/pico_printf/printf.c.obj
 .text._out_fct
                0x1000281a        0xe CMakeFiles/src.dir/C_/VSARM/sdk/pico/pico-sdk/src/rp2_common/pico_printf/printf.c.obj
 .text._atoi    0x10002828       0x24 CMakeFiles/src.dir/C_/VSARM/sdk/pico/pico-sdk/src/rp2_common/pico_printf/printf.c.obj
 .text._out_rev
                0x1000284c       0xae CMakeFiles/src.dir/C_/VSARM/sdk/pico/pico-sdk/src/rp2_common/pico_printf/printf.c.obj
 .text._ntoa_format
                0x100028fa      0x112 CMakeFiles/src.dir/C_/VSARM/sdk/pico/pico-sdk/src/rp2_common/pico_printf/printf.c.obj
 .text._ntoa_long
                0x10002a0c       0xbc CMakeFiles/src.dir/C_/VSARM/sdk/pico/pico-sdk/src/rp2_common/pico_printf/printf.c.obj
 .text._ntoa_long_long
                0x10002ac8       0xe2 CMakeFiles/src.dir/C_/VSARM/sdk/pico/pico-sdk/src/rp2_common/pico_printf/printf.c.obj
 *fill*         0x10002baa        0x2 
 .text._etoa    0x10002bac      0x414 CMakeFiles/src.dir/C_/VSARM/sdk/pico/pico-sdk/src/rp2_common/pico_printf/printf.c.obj
 .text._ftoa    0x10002fc0      0x354 CMakeFiles/src.dir/C_/VSARM/sdk/pico/pico-sdk/src/rp2_common/pico_printf/printf.c.obj
 .text._vsnprintf
                0x10003314      0x650 CMakeFiles/src.dir/C_/VSARM/sdk/pico/pico-sdk/src/rp2_common/pico_printf/printf.c.obj
 .text.vfctprintf
                0x10003964       0x20 CMakeFiles/src.dir/C_/VSARM/sdk/pico/pico-sdk/src/rp2_common/pico_printf/printf.c.obj
                0x10003964                vfctprintf
 .text          0x10003984       0x10 CMakeFiles/src.dir/C_/VSARM/sdk/pico/pico-sdk/src/rp2_common/pico_bit_ops/bit_ops_aeabi.S.obj
 .text.rom_func_lookup
                0x10003994       0x10 CMakeFiles/src.dir/C_/VSARM/sdk/pico/pico-sdk/src/rp2_common/pico_bootrom/bootrom.c.obj
                0x10003994                rom_func_lookup
 .text.rom_data_lookup
                0x100039a4       0x10 CMakeFiles/src.dir/C_/VSARM/sdk/pico/pico-sdk/src/rp2_common/pico_bootrom/bootrom.c.obj
                0x100039a4                rom_data_lookup
 .text.rom_funcs_lookup
                0x100039b4       0x36 CMakeFiles/src.dir/C_/VSARM/sdk/pico/pico-sdk/src/rp2_common/pico_bootrom/bootrom.c.obj
                0x100039b4                rom_funcs_lookup
 *fill*         0x100039ea        0x2 
 .text.__wrap___aeabi_idiv
                0x100039ec       0x50 CMakeFiles/src.dir/C_/VSARM/sdk/pico/pico-sdk/src/rp2_common/pico_divider/divider.S.obj
                0x100039ec                __wrap___aeabi_idivmod
                0x100039ec                divmod_s32s32
                0x100039ec                div_s32s32
                0x100039ec                __wrap___aeabi_idiv
                0x100039f4                divmod_s32s32_unsafe
                0x10003a20                divmod_s32s32_savestate
 .text.__wrap___aeabi_uidiv
                0x10003a3c       0x4c CMakeFiles/src.dir/C_/VSARM/sdk/pico/pico-sdk/src/rp2_common/pico_divider/divider.S.obj
                0x10003a3c                __wrap___aeabi_uidiv
                0x10003a3c                __wrap___aeabi_uidivmod
                0x10003a3c                div_u32u32
                0x10003a3c                divmod_u32u32
                0x10003a44                divmod_u32u32_unsafe
                0x10003a6c                divmod_u32u32_savestate
 .text.__wrap___aeabi_ldiv
                0x10003a88      0x424 CMakeFiles/src.dir/C_/VSARM/sdk/pico/pico-sdk/src/rp2_common/pico_divider/divider.S.obj
                0x10003a88                div_s64s64
                0x10003a88                divmod_s64s64
                0x10003a88                __wrap___aeabi_ldivmod
                0x10003ab8                divmod_u64u64
                0x10003ab8                div_u64u64
                0x10003ab8                __wrap___aeabi_uldivmod
                0x10003ac8                divmod_u64u64_savestate
                0x10003ae8                divmod_s64s64_unsafe
                0x10003b70                divmod_u64u64_unsafe
 .text.__wrap___aeabi_darithmetic
                0x10003eac       0x80 CMakeFiles/src.dir/C_/VSARM/sdk/pico/pico-sdk/src/rp2_common/pico_double/double_aeabi.S.obj
                0x10003eac                __wrap___aeabi_drsub
                0x10003eb2                __wrap___aeabi_dsub
                0x10003ec4                __wrap___aeabi_dadd
                0x10003ed6                __wrap___aeabi_ddiv
                0x10003f12                __wrap___aeabi_dmul
 .text.__wrap___aeabi_cdcmple
                0x10003f2c       0x6c CMakeFiles/src.dir/C_/VSARM/sdk/pico/pico-sdk/src/rp2_common/pico_double/double_aeabi.S.obj
                0x10003f2c                __wrap___aeabi_cdrcmple
                0x10003f3c                __wrap___aeabi_cdcmpeq
                0x10003f3c                __wrap___aeabi_cdcmple
 .text.__wrap___aeabi_dcmplt
                0x10003f98        0xc CMakeFiles/src.dir/C_/VSARM/sdk/pico/pico-sdk/src/rp2_common/pico_double/double_aeabi.S.obj
                0x10003f98                __wrap___aeabi_dcmplt
 .text.__wrap___aeabi_dcmple
                0x10003fa4       0x10 CMakeFiles/src.dir/C_/VSARM/sdk/pico/pico-sdk/src/rp2_common/pico_double/double_aeabi.S.obj
                0x10003fa4                __wrap___aeabi_dcmple
 .text.__wrap___aeabi_dcmpge
                0x10003fb4       0x10 CMakeFiles/src.dir/C_/VSARM/sdk/pico/pico-sdk/src/rp2_common/pico_double/double_aeabi.S.obj
                0x10003fb4                __wrap___aeabi_dcmpge
 .text.__wrap___aeabi_dcmpgt
                0x10003fc4        0xa CMakeFiles/src.dir/C_/VSARM/sdk/pico/pico-sdk/src/rp2_common/pico_double/double_aeabi.S.obj
                0x10003fc4                __wrap___aeabi_dcmpgt
 .text.__wrap___aeabi_dcmpun
                0x10003fce       0x1c CMakeFiles/src.dir/C_/VSARM/sdk/pico/pico-sdk/src/rp2_common/pico_double/double_aeabi.S.obj
                0x10003fce                __wrap___aeabi_dcmpun
 *fill*         0x10003fea        0x2 
 .text.__wrap___aeabi_i2d
                0x10003fec       0x38 CMakeFiles/src.dir/C_/VSARM/sdk/pico/pico-sdk/src/rp2_common/pico_double/double_aeabi.S.obj
                0x10003fec                __wrap___aeabi_ui2d
                0x10003ff4                __wrap___aeabi_i2d
 .text.__wrap___aeabi_d2iz
                0x10004024       0x48 CMakeFiles/src.dir/C_/VSARM/sdk/pico/pico-sdk/src/rp2_common/pico_double/double_aeabi.S.obj
                0x10004024                double2int_z
                0x10004024                __wrap___aeabi_d2iz
 .text.__wrap___aeabi_d2uiz
                0x1000406c       0x18 CMakeFiles/src.dir/C_/VSARM/sdk/pico/pico-sdk/src/rp2_common/pico_double/double_aeabi.S.obj
                0x1000406c                __wrap___aeabi_d2uiz
                0x1000406c                double2uint
 .text.__aeabi_double_init
                0x10004084       0xc8 CMakeFiles/src.dir/C_/VSARM/sdk/pico/pico-sdk/src/rp2_common/pico_double/double_init_rom.c.obj
                0x10004084                __aeabi_double_init
 .text.double_table_shim_on_use_helper
                0x1000414c       0x34 CMakeFiles/src.dir/C_/VSARM/sdk/pico/pico-sdk/src/rp2_common/pico_double/double_v1_rom_shim.S.obj
                0x1000414c                double_table_shim_on_use_helper
 .text.__wrap___aeabi_dsub
                0x10004180       0x10 CMakeFiles/src.dir/C_/VSARM/sdk/pico/pico-sdk/src/rp2_common/pico_double/double_v1_rom_shim.S.obj
                0x10004180                drsub_shim
                0x10004186                dsub_shim
 .text.dadd_shim
                0x10004190      0x15c CMakeFiles/src.dir/C_/VSARM/sdk/pico/pico-sdk/src/rp2_common/pico_double/double_v1_rom_shim.S.obj
                0x10004190                dadd_shim
 .text.dmul_shim
                0x100042ec      0x15c CMakeFiles/src.dir/C_/VSARM/sdk/pico/pico-sdk/src/rp2_common/pico_double/double_v1_rom_shim.S.obj
                0x100042ec                dmul_shim
 .text.ddiv_shim
                0x10004448      0x1b0 CMakeFiles/src.dir/C_/VSARM/sdk/pico/pico-sdk/src/rp2_common/pico_double/double_v1_rom_shim.S.obj
                0x10004448                ddiv_shim
 .text.double2uint_shim
                0x100045f8        0xe CMakeFiles/src.dir/C_/VSARM/sdk/pico/pico-sdk/src/rp2_common/pico_double/double_v1_rom_shim.S.obj
                0x100045f8                double2uint_shim
                0x100045fa                double2ufix_shim
 *fill*         0x10004606        0x2 
 .text.double2uint64_shim
                0x10004608       0x70 CMakeFiles/src.dir/C_/VSARM/sdk/pico/pico-sdk/src/rp2_common/pico_double/double_v1_rom_shim.S.obj
                0x10004608                double2uint64_shim
                0x1000460a                double2ufix64_shim
                0x1000462a                d2fix_a
 .text.dunpacks
                0x10004678       0x3c CMakeFiles/src.dir/C_/VSARM/sdk/pico/pico-sdk/src/rp2_common/pico_double/double_v1_rom_shim.S.obj
                0x10004678                dunpacks
 .text.__aeabi_lmul
                0x100046b4       0x32 CMakeFiles/src.dir/C_/VSARM/sdk/pico/pico-sdk/src/rp2_common/pico_int64_ops/pico_int64_ops_aeabi.S.obj
                0x100046b4                __wrap___aeabi_lmul
 *fill*         0x100046e6        0x2 
 .text.__aeabi_float_init
                0x100046e8       0xfc CMakeFiles/src.dir/C_/VSARM/sdk/pico/pico-sdk/src/rp2_common/pico_float/float_init_rom.c.obj
                0x100046e8                __aeabi_float_init
 .text.float_table_shim_on_use_helper
                0x100047e4       0x34 CMakeFiles/src.dir/C_/VSARM/sdk/pico/pico-sdk/src/rp2_common/pico_float/float_v1_rom_shim.S.obj
                0x100047e4                float_table_shim_on_use_helper
 .text          0x10004818       0x10 CMakeFiles/src.dir/C_/VSARM/sdk/pico/pico-sdk/src/rp2_common/pico_mem_ops/mem_ops_aeabi.S.obj
                0x10004818                __aeabi_mem_init
 .text.memset   0x10004828        0xc CMakeFiles/src.dir/C_/VSARM/sdk/pico/pico-sdk/src/rp2_common/pico_mem_ops/mem_ops_aeabi.S.obj
                0x10004828                __wrap_memset
 .text.memcpy   0x10004834        0xc CMakeFiles/src.dir/C_/VSARM/sdk/pico/pico-sdk/src/rp2_common/pico_mem_ops/mem_ops_aeabi.S.obj
                0x10004834                __wrap_memcpy
                0x10004834                __wrap___aeabi_memcpy
 .text.stdio_out_chars_no_crlf
                0x10004840        0xe CMakeFiles/src.dir/C_/VSARM/sdk/pico/pico-sdk/src/rp2_common/pico_stdio/stdio.c.obj
 *fill*         0x1000484e        0x2 
 .text.stdio_out_chars_crlf
                0x10004850       0x80 CMakeFiles/src.dir/C_/VSARM/sdk/pico/pico-sdk/src/rp2_common/pico_stdio/stdio.c.obj
 .text.stdio_stack_buffer_flush
                0x100048d0       0x44 CMakeFiles/src.dir/C_/VSARM/sdk/pico/pico-sdk/src/rp2_common/pico_stdio/stdio.c.obj
 .text.stdio_buffered_printer
                0x10004914       0x20 CMakeFiles/src.dir/C_/VSARM/sdk/pico/pico-sdk/src/rp2_common/pico_stdio/stdio.c.obj
 .text.stdout_serialize_begin
                0x10004934       0x5c CMakeFiles/src.dir/C_/VSARM/sdk/pico/pico-sdk/src/rp2_common/pico_stdio/stdio.c.obj
                0x10004934                stdout_serialize_begin
 .text.stdout_serialize_end
                0x10004990       0x10 CMakeFiles/src.dir/C_/VSARM/sdk/pico/pico-sdk/src/rp2_common/pico_stdio/stdio.c.obj
                0x10004990                stdout_serialize_end
 .text.stdio_put_string
                0x100049a0       0x98 CMakeFiles/src.dir/C_/VSARM/sdk/pico/pico-sdk/src/rp2_common/pico_stdio/stdio.c.obj
 .text.stdio_set_driver_enabled
                0x10004a38       0x2c CMakeFiles/src.dir/C_/VSARM/sdk/pico/pico-sdk/src/rp2_common/pico_stdio/stdio.c.obj
                0x10004a38                stdio_set_driver_enabled
 .text.stdio_flush
                0x10004a64       0x20 CMakeFiles/src.dir/C_/VSARM/sdk/pico/pico-sdk/src/rp2_common/pico_stdio/stdio.c.obj
                0x10004a64                stdio_flush
 .text.__wrap_puts
                0x10004a84       0x1e CMakeFiles/src.dir/C_/VSARM/sdk/pico/pico-sdk/src/rp2_common/pico_stdio/stdio.c.obj
                0x10004a84                __wrap_puts
 *fill*         0x10004aa2        0x2 
 .text.__wrap_vprintf
                0x10004aa4       0x40 CMakeFiles/src.dir/C_/VSARM/sdk/pico/pico-sdk/src/rp2_common/pico_stdio/stdio.c.obj
                0x10004aa4                __wrap_vprintf
 .text.__wrap_printf
                0x10004ae4       0x18 CMakeFiles/src.dir/C_/VSARM/sdk/pico/pico-sdk/src/rp2_common/pico_stdio/stdio.c.obj
                0x10004ae4                __wrap_printf
 .text.stdio_init_all
                0x10004afc        0xa CMakeFiles/src.dir/C_/VSARM/sdk/pico/pico-sdk/src/rp2_common/pico_stdio/stdio.c.obj
                0x10004afc                stdio_init_all
 *fill*         0x10004b06        0x2 
 .text.stdio_uart_out_chars
                0x10004b08       0x74 CMakeFiles/src.dir/C_/VSARM/sdk/pico/pico-sdk/src/rp2_common/pico_stdio_uart/stdio_uart.c.obj
 .text.stdio_uart_in_chars
                0x10004b7c       0x80 CMakeFiles/src.dir/C_/VSARM/sdk/pico/pico-sdk/src/rp2_common/pico_stdio_uart/stdio_uart.c.obj
                0x10004b7c                stdio_uart_in_chars
 .text.on_uart_rx
                0x10004bfc       0x28 CMakeFiles/src.dir/C_/VSARM/sdk/pico/pico-sdk/src/rp2_common/pico_stdio_uart/stdio_uart.c.obj
 .text.stdio_uart_set_chars_available_callback
                0x10004c24       0x8c CMakeFiles/src.dir/C_/VSARM/sdk/pico/pico-sdk/src/rp2_common/pico_stdio_uart/stdio_uart.c.obj
 .text.stdio_uart_init_full
                0x10004cb0       0x44 CMakeFiles/src.dir/C_/VSARM/sdk/pico/pico-sdk/src/rp2_common/pico_stdio_uart/stdio_uart.c.obj
                0x10004cb0                stdio_uart_init_full
 .text.stdio_uart_init
                0x10004cf4       0x28 CMakeFiles/src.dir/C_/VSARM/sdk/pico/pico-sdk/src/rp2_common/pico_stdio_uart/stdio_uart.c.obj
                0x10004cf4                stdio_uart_init
 .text.strlen   0x10004d1c       0x5c c:/vsarm/armcc/1142da~1.3re/bin/../lib/gcc/arm-none-eabi/11.3.1/thumb/v6-m/nofp\libg.a(libc_a-strlen-stub.o)
                0x10004d1c                strlen
 *(.fini)
 .fini          0x10004d78        0x4 c:/vsarm/armcc/1142da~1.3re/bin/../lib/gcc/arm-none-eabi/11.3.1/thumb/v6-m/nofp/crti.o
                0x10004d78                _fini
 *fill*         0x10004d7c        0x4 
 .fini.__stub   0x10004d80       0x40 linker stubs
 *crtbegin.o(.ctors)
 *crtbegin?.o(.ctors)
 *(EXCLUDE_FILE(*crtend.o *crtend?.o) .ctors)
 *(SORT_BY_NAME(.ctors.*))
 *(.ctors)
 *crtbegin.o(.dtors)
 *crtbegin?.o(.dtors)
 *(EXCLUDE_FILE(*crtend.o *crtend?.o) .dtors)
 *(SORT_BY_NAME(.dtors.*))
 *(.dtors)
 *(.eh_frame*)
 .eh_frame      0x10004dc0        0x0 c:/vsarm/armcc/1142da~1.3re/bin/../lib/gcc/arm-none-eabi/11.3.1/thumb/v6-m/nofp/crtbegin.o
                0x10004dc0                . = ALIGN (0x4)

.glue_7         0x10004dc0        0x0
 .glue_7        0x10004dc0        0x0 linker stubs

.glue_7t        0x10004dc0        0x0
 .glue_7t       0x10004dc0        0x0 linker stubs

.vfp11_veneer   0x10004dc0        0x0
 .vfp11_veneer  0x10004dc0        0x0 linker stubs

.v4_bx          0x10004dc0        0x0
 .v4_bx         0x10004dc0        0x0 linker stubs

.iplt           0x10004dc0        0x0
 .iplt          0x10004dc0        0x0 c:/vsarm/armcc/1142da~1.3re/bin/../lib/gcc/arm-none-eabi/11.3.1/thumb/v6-m/nofp/crtbegin.o

.rodata         0x10004dc0      0xfb4
 *(EXCLUDE_FILE(*libm.a: *libc.a:*lib_a-mem*.o *libgcc.a:) .rodata*)
 .rodata.main.str1.4
                0x10004dc0       0x16 CMakeFiles/src.dir/main.c.obj
 *fill*         0x10004dd6        0x2 
 .rodata.str1.4
                0x10004dd8        0xf CMakeFiles/src.dir/main.c.obj
 *fill*         0x10004de7        0x1 
 .rodata        0x10004de8        0x6 CMakeFiles/src.dir/main.c.obj
 .rodata.IR1L   0x10004dee        0x1 CMakeFiles/src.dir/main.c.obj
                0x10004dee                IR1L
 *fill*         0x10004def        0x1 
 .rodata.__bi_80.0
                0x10004df0        0xc CMakeFiles/src.dir/main.c.obj
 .rodata.make_branch.str1.4
                0x10004dfc       0x6d CMakeFiles/src.dir/C_/VSARM/sdk/pico/pico-sdk/src/rp2_common/hardware_irq/irq.c.obj
 *fill*         0x10004e69        0x3 
 .rodata.insert_branch_and_link.str1.4
                0x10004e6c       0x10 CMakeFiles/src.dir/C_/VSARM/sdk/pico/pico-sdk/src/rp2_common/hardware_irq/irq.c.obj
 .rodata.irq_set_exclusive_handler.str1.4
                0x10004e7c       0x36 CMakeFiles/src.dir/C_/VSARM/sdk/pico/pico-sdk/src/rp2_common/hardware_irq/irq.c.obj
 *fill*         0x10004eb2        0x2 
 .rodata.irq_add_shared_handler.str1.4
                0x10004eb4       0xd9 CMakeFiles/src.dir/C_/VSARM/sdk/pico/pico-sdk/src/rp2_common/hardware_irq/irq.c.obj
 *fill*         0x10004f8d        0x3 
 .rodata.irq_remove_handler.str1.4
                0x10004f90       0x3a CMakeFiles/src.dir/C_/VSARM/sdk/pico/pico-sdk/src/rp2_common/hardware_irq/irq.c.obj
 *fill*         0x10004fca        0x2 
 .rodata.irq_add_tail_to_free_list.str1.4
                0x10004fcc       0x3a CMakeFiles/src.dir/C_/VSARM/sdk/pico/pico-sdk/src/rp2_common/hardware_irq/irq.c.obj
 *fill*         0x10005006        0x2 
 .rodata.__func__.0
                0x10005008       0x1a CMakeFiles/src.dir/C_/VSARM/sdk/pico/pico-sdk/src/rp2_common/hardware_irq/irq.c.obj
 *fill*         0x10005022        0x2 
 .rodata.__func__.1
                0x10005024       0x17 CMakeFiles/src.dir/C_/VSARM/sdk/pico/pico-sdk/src/rp2_common/hardware_irq/irq.c.obj
 *fill*         0x1000503b        0x1 
 .rodata.__func__.2
                0x1000503c       0x13 CMakeFiles/src.dir/C_/VSARM/sdk/pico/pico-sdk/src/rp2_common/hardware_irq/irq.c.obj
 *fill*         0x1000504f        0x1 
 .rodata.__func__.3
                0x10005050        0xc CMakeFiles/src.dir/C_/VSARM/sdk/pico/pico-sdk/src/rp2_common/hardware_irq/irq.c.obj
 .rodata.__func__.4
                0x1000505c        0xf CMakeFiles/src.dir/C_/VSARM/sdk/pico/pico-sdk/src/rp2_common/hardware_irq/irq.c.obj
 *fill*         0x1000506b        0x1 
 .rodata.__func__.6
                0x1000506c       0x1a CMakeFiles/src.dir/C_/VSARM/sdk/pico/pico-sdk/src/rp2_common/hardware_irq/irq.c.obj
 *fill*         0x10005086        0x2 
 .rodata.str1.4
                0x10005088       0xed CMakeFiles/src.dir/C_/VSARM/sdk/pico/pico-sdk/src/common/pico_sync/mutex.c.obj
 *fill*         0x10005175        0x3 
 .rodata.__func__.1
                0x10005178        0xb CMakeFiles/src.dir/C_/VSARM/sdk/pico/pico-sdk/src/common/pico_sync/mutex.c.obj
 *fill*         0x10005183        0x1 
 .rodata.__func__.3
                0x10005184       0x18 CMakeFiles/src.dir/C_/VSARM/sdk/pico/pico-sdk/src/common/pico_sync/mutex.c.obj
 .rodata.repeating_timer_callback.str1.4
                0x1000519c       0x4b CMakeFiles/src.dir/C_/VSARM/sdk/pico/pico-sdk/src/common/pico_time/time.c.obj
 *fill*         0x100051e7        0x1 
 .rodata.timer_pool_entry_comparator.str1.4
                0x100051e8       0x22 CMakeFiles/src.dir/C_/VSARM/sdk/pico/pico-sdk/src/common/pico_time/time.c.obj
 *fill*         0x1000520a        0x2 
 .rodata.ph_add_child_node.str1.4
                0x1000520c       0x96 CMakeFiles/src.dir/C_/VSARM/sdk/pico/pico-sdk/src/common/pico_time/time.c.obj
 *fill*         0x100052a2        0x2 
 .rodata.add_alarm_under_lock.str1.4
                0x100052a4       0x28 CMakeFiles/src.dir/C_/VSARM/sdk/pico/pico-sdk/src/common/pico_time/time.c.obj
                                 0x2b (size before relaxing)
 .rodata.alarm_pool_alarm_callback.str1.4
                0x100052cc       0x98 CMakeFiles/src.dir/C_/VSARM/sdk/pico/pico-sdk/src/common/pico_time/time.c.obj
                                 0xfc (size before relaxing)
 .rodata.alarm_pool_get_default.str1.4
                0x10005364       0x21 CMakeFiles/src.dir/C_/VSARM/sdk/pico/pico-sdk/src/common/pico_time/time.c.obj
 *fill*         0x10005385        0x3 
 .rodata.alarm_pool_cancel_alarm.str1.4
                0x10005388       0x27 CMakeFiles/src.dir/C_/VSARM/sdk/pico/pico-sdk/src/common/pico_time/time.c.obj
 *fill*         0x100053af        0x1 
 .rodata.sleep_until.str1.4
                0x100053b0       0x4d CMakeFiles/src.dir/C_/VSARM/sdk/pico/pico-sdk/src/common/pico_time/time.c.obj
 *fill*         0x100053fd        0x3 
 .rodata.__func__.0
                0x10005400       0x19 CMakeFiles/src.dir/C_/VSARM/sdk/pico/pico-sdk/src/common/pico_time/time.c.obj
 *fill*         0x10005419        0x3 
 .rodata.__func__.1
                0x1000541c       0x18 CMakeFiles/src.dir/C_/VSARM/sdk/pico/pico-sdk/src/common/pico_time/time.c.obj
 .rodata.__func__.10
                0x10005434       0x15 CMakeFiles/src.dir/C_/VSARM/sdk/pico/pico-sdk/src/common/pico_time/time.c.obj
 *fill*         0x10005449        0x3 
 .rodata.__func__.11
                0x1000544c       0x1a CMakeFiles/src.dir/C_/VSARM/sdk/pico/pico-sdk/src/common/pico_time/time.c.obj
 *fill*         0x10005466        0x2 
 .rodata.__func__.12
                0x10005468        0xa CMakeFiles/src.dir/C_/VSARM/sdk/pico/pico-sdk/src/common/pico_time/time.c.obj
 *fill*         0x10005472        0x2 
 .rodata.__func__.3
                0x10005474       0x17 CMakeFiles/src.dir/C_/VSARM/sdk/pico/pico-sdk/src/common/pico_time/time.c.obj
 *fill*         0x1000548b        0x1 
 .rodata.__func__.4
                0x1000548c       0x12 CMakeFiles/src.dir/C_/VSARM/sdk/pico/pico-sdk/src/common/pico_time/time.c.obj
 *fill*         0x1000549e        0x2 
 .rodata.__func__.5
                0x100054a0        0xd CMakeFiles/src.dir/C_/VSARM/sdk/pico/pico-sdk/src/common/pico_time/time.c.obj
 *fill*         0x100054ad        0x3 
 .rodata.__func__.6
                0x100054b0       0x12 CMakeFiles/src.dir/C_/VSARM/sdk/pico/pico-sdk/src/common/pico_time/time.c.obj
 *fill*         0x100054c2        0x2 
 .rodata.__func__.7
                0x100054c4        0xf CMakeFiles/src.dir/C_/VSARM/sdk/pico/pico-sdk/src/common/pico_time/time.c.obj
 *fill*         0x100054d3        0x1 
 .rodata.__func__.8
                0x100054d4        0xc CMakeFiles/src.dir/C_/VSARM/sdk/pico/pico-sdk/src/common/pico_time/time.c.obj
 .rodata.__func__.9
                0x100054e0       0x15 CMakeFiles/src.dir/C_/VSARM/sdk/pico/pico-sdk/src/common/pico_time/time.c.obj
 *fill*         0x100054f5        0x3 
 .rodata.hardware_alarm_claim.str1.4
                0x100054f8       0x22 CMakeFiles/src.dir/C_/VSARM/sdk/pico/pico-sdk/src/rp2_common/hardware_timer/timer.c.obj
 *fill*         0x1000551a        0x2 
 .rodata.hardware_alarm_set_target.str1.4
                0x1000551c       0x65 CMakeFiles/src.dir/C_/VSARM/sdk/pico/pico-sdk/src/rp2_common/hardware_timer/timer.c.obj
 *fill*         0x10005581        0x3 
 .rodata.__func__.0
                0x10005584       0x1a CMakeFiles/src.dir/C_/VSARM/sdk/pico/pico-sdk/src/rp2_common/hardware_timer/timer.c.obj
 .rodata.ph_add_child_node.str1.4
                0x1000559e       0x96 CMakeFiles/src.dir/C_/VSARM/sdk/pico/pico-sdk/src/common/pico_util/pheap.c.obj
 *fill*         0x1000559e        0x2 
 .rodata.ph_remove_any_head.str1.4
                0x100055a0       0x8c CMakeFiles/src.dir/C_/VSARM/sdk/pico/pico-sdk/src/common/pico_util/pheap.c.obj
                                 0xa0 (size before relaxing)
 .rodata.ph_remove_and_free_node.str1.4
                0x1000562c       0x1e CMakeFiles/src.dir/C_/VSARM/sdk/pico/pico-sdk/src/common/pico_util/pheap.c.obj
                                 0x26 (size before relaxing)
 *fill*         0x1000564a        0x2 
 .rodata.__func__.0
                0x1000564c       0x18 CMakeFiles/src.dir/C_/VSARM/sdk/pico/pico-sdk/src/common/pico_util/pheap.c.obj
 .rodata.__func__.1
                0x10005664       0x13 CMakeFiles/src.dir/C_/VSARM/sdk/pico/pico-sdk/src/common/pico_util/pheap.c.obj
 *fill*         0x10005677        0x1 
 .rodata.__func__.2
                0x10005678       0x12 CMakeFiles/src.dir/C_/VSARM/sdk/pico/pico-sdk/src/common/pico_util/pheap.c.obj
 *fill*         0x1000568a        0x2 
 .rodata.__func__.3
                0x1000568c        0xc CMakeFiles/src.dir/C_/VSARM/sdk/pico/pico-sdk/src/common/pico_util/pheap.c.obj
 .rodata.clock_configure.str1.4
                0x10005698       0x57 CMakeFiles/src.dir/C_/VSARM/sdk/pico/pico-sdk/src/rp2_common/hardware_clocks/clocks.c.obj
 *fill*         0x100056ef        0x1 
 .rodata.__func__.1
                0x100056f0       0x10 CMakeFiles/src.dir/C_/VSARM/sdk/pico/pico-sdk/src/rp2_common/hardware_clocks/clocks.c.obj
 .rodata.pll_init.str1.4
                0x10005700      0x123 CMakeFiles/src.dir/C_/VSARM/sdk/pico/pico-sdk/src/rp2_common/hardware_pll/pll.c.obj
 *fill*         0x10005823        0x1 
 .rodata.__func__.0
                0x10005824        0x9 CMakeFiles/src.dir/C_/VSARM/sdk/pico/pico-sdk/src/rp2_common/hardware_pll/pll.c.obj
 *fill*         0x1000582d        0x3 
 .rodata.i2c_set_baudrate.str1.4
                0x10005830       0x5d CMakeFiles/src.dir/C_/VSARM/sdk/pico/pico-sdk/src/rp2_common/hardware_i2c/i2c.c.obj
 *fill*         0x1000588d        0x3 
 .rodata.__func__.0
                0x10005890       0x11 CMakeFiles/src.dir/C_/VSARM/sdk/pico/pico-sdk/src/rp2_common/hardware_i2c/i2c.c.obj
 *fill*         0x100058a1        0x3 
 .rodata.__assert_func.str1.4
                0x100058a4       0x3f CMakeFiles/src.dir/C_/VSARM/sdk/pico/pico-sdk/src/rp2_common/pico_runtime/runtime.c.obj
                                 0x43 (size before relaxing)
 *fill*         0x100058e3        0x1 
 .rodata.runtime_init.str1.4
                0x100058e4       0x61 CMakeFiles/src.dir/C_/VSARM/sdk/pico/pico-sdk/src/rp2_common/pico_runtime/runtime.c.obj
 *fill*         0x10005945        0x3 
 .rodata.panic.str1.4
                0x10005948       0x10 CMakeFiles/src.dir/C_/VSARM/sdk/pico/pico-sdk/src/rp2_common/pico_runtime/runtime.c.obj
                                 0x12 (size before relaxing)
 .rodata.__func__.2
                0x10005958        0xd CMakeFiles/src.dir/C_/VSARM/sdk/pico/pico-sdk/src/rp2_common/pico_runtime/runtime.c.obj
 *fill*         0x10005965        0x3 
 .rodata._ftoa.str1.4
                0x10005968       0x15 CMakeFiles/src.dir/C_/VSARM/sdk/pico/pico-sdk/src/rp2_common/pico_printf/printf.c.obj
 *fill*         0x1000597d        0x3 
 .rodata._vsnprintf
                0x10005980      0x19c CMakeFiles/src.dir/C_/VSARM/sdk/pico/pico-sdk/src/rp2_common/pico_printf/printf.c.obj
 *fill*         0x10005b1c        0x4 
 .rodata.pow10.0
                0x10005b20       0x50 CMakeFiles/src.dir/C_/VSARM/sdk/pico/pico-sdk/src/rp2_common/pico_printf/printf.c.obj
 .rodata.__aeabi_double_init.str1.4
                0x10005b70       0xa8 CMakeFiles/src.dir/C_/VSARM/sdk/pico/pico-sdk/src/rp2_common/pico_double/double_init_rom.c.obj
 .rodata.__func__.0
                0x10005c18       0x14 CMakeFiles/src.dir/C_/VSARM/sdk/pico/pico-sdk/src/rp2_common/pico_double/double_init_rom.c.obj
 .rodata.__aeabi_float_init.str1.4
                0x10005c2c       0x7a CMakeFiles/src.dir/C_/VSARM/sdk/pico/pico-sdk/src/rp2_common/pico_float/float_init_rom.c.obj
                                 0x7e (size before relaxing)
 *fill*         0x10005ca6        0x2 
 .rodata.__func__.0
                0x10005ca8       0x13 CMakeFiles/src.dir/C_/VSARM/sdk/pico/pico-sdk/src/rp2_common/pico_float/float_init_rom.c.obj
 *fill*         0x10005cbb        0x1 
 .rodata.str1.4
                0x10005cbc       0x38 CMakeFiles/src.dir/C_/VSARM/sdk/pico/pico-sdk/src/rp2_common/pico_standard_link/binary_info.c.obj
 .rodata.__bi_44
                0x10005cf4        0xc CMakeFiles/src.dir/C_/VSARM/sdk/pico/pico-sdk/src/rp2_common/pico_standard_link/binary_info.c.obj
 .rodata.__bi_75
                0x10005d00        0xc CMakeFiles/src.dir/C_/VSARM/sdk/pico/pico-sdk/src/rp2_common/pico_standard_link/binary_info.c.obj
 .rodata.__bi_81
                0x10005d0c        0xc CMakeFiles/src.dir/C_/VSARM/sdk/pico/pico-sdk/src/rp2_common/pico_standard_link/binary_info.c.obj
 .rodata.stdout_serialize_begin.str1.4
                0x10005d18       0x61 CMakeFiles/src.dir/C_/VSARM/sdk/pico/pico-sdk/src/rp2_common/pico_stdio/stdio.c.obj
 .rodata.__func__.3
                0x10005d18       0x15 CMakeFiles/src.dir/C_/VSARM/sdk/pico/pico-sdk/src/rp2_common/pico_stdio/stdio.c.obj
 *fill*         0x10005d2d        0x3 
 .rodata.crlf_str.2
                0x10005d30        0x2 CMakeFiles/src.dir/C_/VSARM/sdk/pico/pico-sdk/src/rp2_common/pico_stdio/stdio.c.obj
 *fill*         0x10005d32        0x2 
 .rodata.str1.4
                0x10005d34       0x2c CMakeFiles/src.dir/C_/VSARM/sdk/pico/pico-sdk/src/rp2_common/pico_stdio_uart/stdio_uart.c.obj
 .rodata.__bi_33.4
                0x10005d60        0xc CMakeFiles/src.dir/C_/VSARM/sdk/pico/pico-sdk/src/rp2_common/pico_stdio_uart/stdio_uart.c.obj
 .rodata.__bi_34.5
                0x10005d6c        0x8 CMakeFiles/src.dir/C_/VSARM/sdk/pico/pico-sdk/src/rp2_common/pico_stdio_uart/stdio_uart.c.obj
                0x10005d74                . = ALIGN (0x4)
 *(SORT_BY_ALIGNMENT(SORT_BY_NAME(.flashdata*)))
                0x10005d74                . = ALIGN (0x4)

.rel.dyn        0x10005d74        0x0
 .rel.iplt      0x10005d74        0x0 c:/vsarm/armcc/1142da~1.3re/bin/../lib/gcc/arm-none-eabi/11.3.1/thumb/v6-m/nofp/crtbegin.o

.ARM.extab
 *(.ARM.extab* .gnu.linkonce.armextab.*)
                0x10005d74                __exidx_start = .

.ARM.exidx
 *(.ARM.exidx* .gnu.linkonce.armexidx.*)
                0x10005d74                __exidx_end = .
                0x10005d74                . = ALIGN (0x4)
                0x10005d74                __binary_info_start = .

.binary_info    0x10005d74       0x28
 *(.binary_info.keep.*)
 .binary_info.keep.__bi_ptr80
                0x10005d74        0x4 CMakeFiles/src.dir/main.c.obj
 .binary_info.keep.__bi_ptr22
                0x10005d78        0x4 CMakeFiles/src.dir/C_/VSARM/sdk/pico/pico-sdk/src/rp2_common/pico_standard_link/binary_info.c.obj
 .binary_info.keep.__bi_ptr30
                0x10005d7c        0x4 CMakeFiles/src.dir/C_/VSARM/sdk/pico/pico-sdk/src/rp2_common/pico_standard_link/binary_info.c.obj
 .binary_info.keep.__bi_ptr38
                0x10005d80        0x4 CMakeFiles/src.dir/C_/VSARM/sdk/pico/pico-sdk/src/rp2_common/pico_standard_link/binary_info.c.obj
 .binary_info.keep.__bi_ptr44
                0x10005d84        0x4 CMakeFiles/src.dir/C_/VSARM/sdk/pico/pico-sdk/src/rp2_common/pico_standard_link/binary_info.c.obj
 .binary_info.keep.__bi_ptr50
                0x10005d88        0x4 CMakeFiles/src.dir/C_/VSARM/sdk/pico/pico-sdk/src/rp2_common/pico_standard_link/binary_info.c.obj
 .binary_info.keep.__bi_ptr75
                0x10005d8c        0x4 CMakeFiles/src.dir/C_/VSARM/sdk/pico/pico-sdk/src/rp2_common/pico_standard_link/binary_info.c.obj
 .binary_info.keep.__bi_ptr81
                0x10005d90        0x4 CMakeFiles/src.dir/C_/VSARM/sdk/pico/pico-sdk/src/rp2_common/pico_standard_link/binary_info.c.obj
 *(.binary_info.*)
 .binary_info.__bi_ptr33
                0x10005d94        0x4 CMakeFiles/src.dir/C_/VSARM/sdk/pico/pico-sdk/src/rp2_common/pico_stdio_uart/stdio_uart.c.obj
 .binary_info.__bi_ptr34
                0x10005d98        0x4 CMakeFiles/src.dir/C_/VSARM/sdk/pico/pico-sdk/src/rp2_common/pico_stdio_uart/stdio_uart.c.obj
                0x10005d9c                __binary_info_end = .
                0x10005d9c                . = ALIGN (0x4)
                0x10005d9c                __etext = .

.ram_vector_table
                0x20000000       0xc0
 *(.ram_vector_table)
 .ram_vector_table
                0x20000000       0xc0 CMakeFiles/src.dir/C_/VSARM/sdk/pico/pico-sdk/src/rp2_common/pico_runtime/runtime.c.obj
                0x20000000                ram_vector_table

.data           0x200000c0      0x254 load address 0x10005d9c
                0x200000c0                __data_start__ = .
 *(vtable)
 *(.time_critical*)
 .time_critical.mutex_try_enter
                0x200000c0       0x46 CMakeFiles/src.dir/C_/VSARM/sdk/pico/pico-sdk/src/common/pico_sync/mutex.c.obj
                0x200000c0                mutex_try_enter
 *fill*         0x20000106        0x2 
 .time_critical.mutex_enter_block_until
                0x20000108       0x8c CMakeFiles/src.dir/C_/VSARM/sdk/pico/pico-sdk/src/common/pico_sync/mutex.c.obj
                0x20000108                mutex_enter_block_until
 .time_critical.mutex_try_enter_block_until
                0x20000194       0x34 CMakeFiles/src.dir/C_/VSARM/sdk/pico/pico-sdk/src/common/pico_sync/mutex.c.obj
                0x20000194                mutex_try_enter_block_until
 .time_critical.mutex_exit
                0x200001c8       0x4c CMakeFiles/src.dir/C_/VSARM/sdk/pico/pico-sdk/src/common/pico_sync/mutex.c.obj
                0x200001c8                mutex_exit
 *(.text*)
 .text          0x20000214        0x4 c:/vsarm/armcc/1142da~1.3re/bin/../lib/gcc/arm-none-eabi/11.3.1/thumb/v6-m/nofp\libgcc.a(_dvmd_tls.o)
                0x20000214                __aeabi_idiv0
                0x20000214                __aeabi_ldiv0
 .text.__stub   0x20000218       0x20 linker stubs
                0x20000238                . = ALIGN (0x4)
 *(.rodata*)
                0x20000238                . = ALIGN (0x4)
 *(.data*)
 .data.striped_spin_lock_num
                0x20000238        0x1 CMakeFiles/src.dir/C_/VSARM/sdk/pico/pico-sdk/src/rp2_common/hardware_sync/sync.c.obj
 *fill*         0x20000239        0x3 
 .data          0x2000023c       0x48 CMakeFiles/src.dir/C_/VSARM/sdk/pico/pico-sdk/src/rp2_common/hardware_irq/irq_handler_chain.S.obj
                0x2000023c                irq_handler_chain_slots
                0x2000026c                irq_handler_chain_first_slot
                0x20000276                irq_handler_chain_remove_tail
 .data.default_alarm_pool
                0x20000284       0x18 CMakeFiles/src.dir/C_/VSARM/sdk/pico/pico-sdk/src/common/pico_time/time.c.obj
 .data.default_alarm_pool_heap
                0x2000029c       0x10 CMakeFiles/src.dir/C_/VSARM/sdk/pico/pico-sdk/src/common/pico_time/time.c.obj
 .data.i2c0_inst
                0x200002ac        0x8 CMakeFiles/src.dir/C_/VSARM/sdk/pico/pico-sdk/src/rp2_common/hardware_i2c/i2c.c.obj
                0x200002ac                i2c0_inst
 .data.i2c1_inst
                0x200002b4        0x8 CMakeFiles/src.dir/C_/VSARM/sdk/pico/pico-sdk/src/rp2_common/hardware_i2c/i2c.c.obj
                0x200002b4                i2c1_inst
 *fill*         0x200002bc        0x4 
 .data.aeabi_bits_funcs
                0x200002c0       0x10 CMakeFiles/src.dir/C_/VSARM/sdk/pico/pico-sdk/src/rp2_common/pico_bit_ops/bit_ops_aeabi.S.obj
                0x200002c0                aeabi_bits_funcs
                0x200002d0                aeabi_bits_funcs_end
 .data.aeabi_mem_funcs
                0x200002d0       0x10 CMakeFiles/src.dir/C_/VSARM/sdk/pico/pico-sdk/src/rp2_common/pico_mem_ops/mem_ops_aeabi.S.obj
                0x200002d0                aeabi_mem_funcs
                0x200002e0                aeabi_mem_funcs_end
 .data.stdio_uart
                0x200002e0       0x18 CMakeFiles/src.dir/C_/VSARM/sdk/pico/pico-sdk/src/rp2_common/pico_stdio_uart/stdio_uart.c.obj
                0x200002e0                stdio_uart
                0x200002f8                . = ALIGN (0x4)
 *(.after_data.*)
                0x200002f8                . = ALIGN (0x4)
                0x200002f8                PROVIDE (__mutex_array_start = .)
 *(SORT_BY_NAME(.mutex_array.*))
 *(.mutex_array)
 .mutex_array   0x200002f8        0x8 CMakeFiles/src.dir/C_/VSARM/sdk/pico/pico-sdk/src/rp2_common/pico_stdio/stdio.c.obj
                0x20000300                PROVIDE (__mutex_array_end = .)
                0x20000300                . = ALIGN (0x4)
                0x20000300                PROVIDE (__preinit_array_start = .)
 *(SORT_BY_NAME(.preinit_array.*))
 .preinit_array.00001
                0x20000300        0x4 CMakeFiles/src.dir/C_/VSARM/sdk/pico/pico-sdk/src/rp2_common/pico_mem_ops/mem_ops_aeabi.S.obj
 .preinit_array.00010
                0x20000304        0x4 CMakeFiles/src.dir/C_/VSARM/sdk/pico/pico-sdk/src/rp2_common/pico_bit_ops/bit_ops_aeabi.S.obj
 .preinit_array.00020
                0x20000308        0x4 CMakeFiles/src.dir/C_/VSARM/sdk/pico/pico-sdk/src/rp2_common/pico_double/double_aeabi.S.obj
 .preinit_array.00020
                0x2000030c        0x4 CMakeFiles/src.dir/C_/VSARM/sdk/pico/pico-sdk/src/rp2_common/pico_float/float_aeabi.S.obj
 *(.preinit_array)
                0x20000310                PROVIDE (__preinit_array_end = .)
                0x20000310                . = ALIGN (0x4)
                0x20000310                PROVIDE (__init_array_start = .)
 *(SORT_BY_NAME(.init_array.*))
 *(.init_array)
 .init_array    0x20000310        0x4 c:/vsarm/armcc/1142da~1.3re/bin/../lib/gcc/arm-none-eabi/11.3.1/thumb/v6-m/nofp/crtbegin.o
                0x20000314                PROVIDE (__init_array_end = .)
                0x20000314                . = ALIGN (0x4)
                [!provide]                PROVIDE (__fini_array_start = .)
 *(SORT_BY_NAME(.fini_array.*))
 *(.fini_array)
                [!provide]                PROVIDE (__fini_array_end = .)
 *(.jcr)
                0x20000314                . = ALIGN (0x4)
                0x20000314                __data_end__ = .

.tm_clone_table
                0x20000314        0x0 load address 0x10005ff0
 .tm_clone_table
                0x20000314        0x0 c:/vsarm/armcc/1142da~1.3re/bin/../lib/gcc/arm-none-eabi/11.3.1/thumb/v6-m/nofp/crtbegin.o
 .tm_clone_table
                0x20000314        0x0 c:/vsarm/armcc/1142da~1.3re/bin/../lib/gcc/arm-none-eabi/11.3.1/thumb/v6-m/nofp/crtend.o

.igot.plt       0x20000314        0x0 load address 0x10005ff0
 .igot.plt      0x20000314        0x0 c:/vsarm/armcc/1142da~1.3re/bin/../lib/gcc/arm-none-eabi/11.3.1/thumb/v6-m/nofp/crtbegin.o

.uninitialized_data
                0x20000314        0x0 load address 0x10005ff0
                0x20000314                . = ALIGN (0x4)
 *(.uninitialized_data*)

.scratch_x      0x20040000        0x0 load address 0x10005ff0
                0x20040000                __scratch_x_start__ = .
 *(.scratch_x.*)
                0x20040000                . = ALIGN (0x4)
                0x20040000                __scratch_x_end__ = .
                0x10005ff0                __scratch_x_source__ = LOADADDR (.scratch_x)

.scratch_y      0x20041000        0x0 load address 0x10005ff0
                0x20041000                __scratch_y_start__ = .
 *(.scratch_y.*)
                0x20041000                . = ALIGN (0x4)
                0x20041000                __scratch_y_end__ = .
                0x10005ff0                __scratch_y_source__ = LOADADDR (.scratch_y)

.bss            0x20000318      0x400
                0x20000318                . = ALIGN (0x4)
                0x20000318                __bss_start__ = .
 *(SORT_BY_ALIGNMENT(SORT_BY_NAME(.bss*)))
 .bss.default_alarm_pool_entries
                0x20000318      0x100 CMakeFiles/src.dir/C_/VSARM/sdk/pico/pico-sdk/src/common/pico_time/time.c.obj
 .bss.timer_millisec
                0x20000418       0x18 CMakeFiles/src.dir/main.c.obj
                0x20000418                timer_millisec
 .bss.Sensor    0x20000430       0x10 CMakeFiles/src.dir/main.c.obj
                0x20000430                Sensor
 .bss.alarm_callbacks
                0x20000440       0x10 CMakeFiles/src.dir/C_/VSARM/sdk/pico/pico-sdk/src/rp2_common/hardware_timer/timer.c.obj
 .bss.chars_available_callback
                0x20000450        0x4 CMakeFiles/src.dir/C_/VSARM/sdk/pico/pico-sdk/src/rp2_common/pico_stdio_uart/stdio_uart.c.obj
 .bss.chars_available_param
                0x20000454        0x4 CMakeFiles/src.dir/C_/VSARM/sdk/pico/pico-sdk/src/rp2_common/pico_stdio_uart/stdio_uart.c.obj
 .bss.configured_freq
                0x20000458       0x28 CMakeFiles/src.dir/C_/VSARM/sdk/pico/pico-sdk/src/rp2_common/hardware_clocks/clocks.c.obj
 .bss.default_alarm_pool_entry_ids_high
                0x20000480       0x10 CMakeFiles/src.dir/C_/VSARM/sdk/pico/pico-sdk/src/common/pico_time/time.c.obj
 .bss.default_alarm_pool_heap_nodes
                0x20000490       0x30 CMakeFiles/src.dir/C_/VSARM/sdk/pico/pico-sdk/src/common/pico_time/time.c.obj
 .bss.drivers   0x200004c0        0x4 CMakeFiles/src.dir/C_/VSARM/sdk/pico/pico-sdk/src/rp2_common/pico_stdio/stdio.c.obj
 .bss.filter    0x200004c4        0x4 CMakeFiles/src.dir/C_/VSARM/sdk/pico/pico-sdk/src/rp2_common/pico_stdio/stdio.c.obj
 .bss.object.0  0x200004c8       0x18 c:/vsarm/armcc/1142da~1.3re/bin/../lib/gcc/arm-none-eabi/11.3.1/thumb/v6-m/nofp/crtbegin.o
 .bss.pools     0x200004e0       0x10 CMakeFiles/src.dir/C_/VSARM/sdk/pico/pico-sdk/src/common/pico_time/time.c.obj
 .bss.sd_table  0x200004f0      0x100 CMakeFiles/src.dir/C_/VSARM/sdk/pico/pico-sdk/src/rp2_common/pico_double/double_init_rom.c.obj
                0x200004f0                sd_table
 .bss.sf_clz_func
                0x200005f0        0x4 CMakeFiles/src.dir/C_/VSARM/sdk/pico/pico-sdk/src/rp2_common/pico_double/double_init_rom.c.obj
                0x200005f0                sf_clz_func
 .bss.sf_table  0x200005f4      0x100 CMakeFiles/src.dir/C_/VSARM/sdk/pico/pico-sdk/src/rp2_common/pico_float/float_init_rom.c.obj
                0x200005f4                sf_table
 .bss.sleep_notifier
                0x200006f4        0x4 CMakeFiles/src.dir/C_/VSARM/sdk/pico/pico-sdk/src/common/pico_time/time.c.obj
 .bss.target_hi
                0x200006f8       0x10 CMakeFiles/src.dir/C_/VSARM/sdk/pico/pico-sdk/src/rp2_common/hardware_timer/timer.c.obj
 .bss.uart_char_to_line_feed
                0x20000708        0x4 CMakeFiles/src.dir/C_/VSARM/sdk/pico/pico-sdk/src/rp2_common/hardware_uart/uart.c.obj
                0x20000708                uart_char_to_line_feed
 .bss.uart_instance
                0x2000070c        0x4 CMakeFiles/src.dir/C_/VSARM/sdk/pico/pico-sdk/src/rp2_common/pico_stdio_uart/stdio_uart.c.obj
 .bss.Timeout   0x20000710        0x2 CMakeFiles/src.dir/main.c.obj
                0x20000710                Timeout
 .bss.claimed   0x20000712        0x1 CMakeFiles/src.dir/C_/VSARM/sdk/pico/pico-sdk/src/rp2_common/hardware_timer/timer.c.obj
 .bss.irq_hander_chain_free_slot_head
                0x20000713        0x1 CMakeFiles/src.dir/C_/VSARM/sdk/pico/pico-sdk/src/rp2_common/hardware_irq/irq.c.obj
 .bss.timer_callbacks_pending
                0x20000714        0x1 CMakeFiles/src.dir/C_/VSARM/sdk/pico/pico-sdk/src/rp2_common/hardware_timer/timer.c.obj
 *(COMMON)
                0x20000718                . = ALIGN (0x4)
 *fill*         0x20000715        0x3 
                0x20000718                __bss_end__ = .

.heap           0x20000718      0x800
                0x20000718                __end__ = .
                0x20000718                end = __end__
 *(.heap*)
 .heap          0x20000718      0x800 CMakeFiles/src.dir/C_/VSARM/sdk/pico/pico-sdk/src/rp2_common/pico_standard_link/crt0.S.obj
                0x20000f18                __HeapLimit = .

.stack1_dummy   0x20040000        0x0
 *(.stack1*)

.stack_dummy    0x20041000      0x800
 *(.stack*)
 .stack         0x20041000      0x800 CMakeFiles/src.dir/C_/VSARM/sdk/pico/pico-sdk/src/rp2_common/pico_standard_link/crt0.S.obj

.flash_end      0x10005ff0        0x0
                0x10005ff0                __flash_binary_end = .
                0x20040000                __StackLimit = (ORIGIN (RAM) + LENGTH (RAM))
                0x20041000                __StackOneTop = (ORIGIN (SCRATCH_X) + LENGTH (SCRATCH_X))
                0x20042000                __StackTop = (ORIGIN (SCRATCH_Y) + LENGTH (SCRATCH_Y))
                0x20041000                __StackOneBottom = (__StackOneTop - SIZEOF (.stack1_dummy))
                0x20041800                __StackBottom = (__StackTop - SIZEOF (.stack_dummy))
                0x20042000                PROVIDE (__stack = __StackTop)
                0x00000001                ASSERT ((__StackLimit >= __HeapLimit), region RAM overflowed)
                0x00000001                ASSERT (((__binary_info_header_end - __logical_binary_start) <= 0x100), Binary info must be in first 256 bytes of the binary)
LOAD CMakeFiles/src.dir/main.c.obj
LOAD CMakeFiles/src.dir/bme280.c.obj
LOAD CMakeFiles/src.dir/C_/VSARM/sdk/pico/pico-sdk/src/rp2_common/hardware_adc/adc.c.obj
LOAD CMakeFiles/src.dir/C_/VSARM/sdk/pico/pico-sdk/src/rp2_common/pico_platform/platform.c.obj
LOAD CMakeFiles/src.dir/C_/VSARM/sdk/pico/pico-sdk/src/rp2_common/hardware_claim/claim.c.obj
LOAD CMakeFiles/src.dir/C_/VSARM/sdk/pico/pico-sdk/src/rp2_common/hardware_sync/sync.c.obj
LOAD CMakeFiles/src.dir/C_/VSARM/sdk/pico/pico-sdk/src/rp2_common/hardware_gpio/gpio.c.obj
LOAD CMakeFiles/src.dir/C_/VSARM/sdk/pico/pico-sdk/src/rp2_common/hardware_irq/irq.c.obj
LOAD CMakeFiles/src.dir/C_/VSARM/sdk/pico/pico-sdk/src/rp2_common/hardware_irq/irq_handler_chain.S.obj
LOAD CMakeFiles/src.dir/C_/VSARM/sdk/pico/pico-sdk/src/common/pico_sync/sem.c.obj
LOAD CMakeFiles/src.dir/C_/VSARM/sdk/pico/pico-sdk/src/common/pico_sync/lock_core.c.obj
LOAD CMakeFiles/src.dir/C_/VSARM/sdk/pico/pico-sdk/src/common/pico_sync/mutex.c.obj
LOAD CMakeFiles/src.dir/C_/VSARM/sdk/pico/pico-sdk/src/common/pico_sync/critical_section.c.obj
LOAD CMakeFiles/src.dir/C_/VSARM/sdk/pico/pico-sdk/src/common/pico_time/time.c.obj
LOAD CMakeFiles/src.dir/C_/VSARM/sdk/pico/pico-sdk/src/common/pico_time/timeout_helper.c.obj
LOAD CMakeFiles/src.dir/C_/VSARM/sdk/pico/pico-sdk/src/rp2_common/hardware_timer/timer.c.obj
LOAD CMakeFiles/src.dir/C_/VSARM/sdk/pico/pico-sdk/src/common/pico_util/datetime.c.obj
LOAD CMakeFiles/src.dir/C_/VSARM/sdk/pico/pico-sdk/src/common/pico_util/pheap.c.obj
LOAD CMakeFiles/src.dir/C_/VSARM/sdk/pico/pico-sdk/src/common/pico_util/queue.c.obj
LOAD CMakeFiles/src.dir/C_/VSARM/sdk/pico/pico-sdk/src/rp2_common/hardware_clocks/clocks.c.obj
LOAD CMakeFiles/src.dir/C_/VSARM/sdk/pico/pico-sdk/src/rp2_common/hardware_pll/pll.c.obj
LOAD CMakeFiles/src.dir/C_/VSARM/sdk/pico/pico-sdk/src/rp2_common/hardware_vreg/vreg.c.obj
LOAD CMakeFiles/src.dir/C_/VSARM/sdk/pico/pico-sdk/src/rp2_common/hardware_watchdog/watchdog.c.obj
LOAD CMakeFiles/src.dir/C_/VSARM/sdk/pico/pico-sdk/src/rp2_common/hardware_xosc/xosc.c.obj
LOAD CMakeFiles/src.dir/C_/VSARM/sdk/pico/pico-sdk/src/rp2_common/hardware_dma/dma.c.obj
LOAD CMakeFiles/src.dir/C_/VSARM/sdk/pico/pico-sdk/src/rp2_common/hardware_i2c/i2c.c.obj
LOAD CMakeFiles/src.dir/C_/VSARM/sdk/pico/pico-sdk/src/rp2_common/hardware_pio/pio.c.obj
LOAD CMakeFiles/src.dir/C_/VSARM/sdk/pico/pico-sdk/src/rp2_common/hardware_spi/spi.c.obj
LOAD CMakeFiles/src.dir/C_/VSARM/sdk/pico/pico-sdk/src/rp2_common/hardware_uart/uart.c.obj
LOAD CMakeFiles/src.dir/C_/VSARM/sdk/pico/pico-sdk/src/rp2_common/pico_stdlib/stdlib.c.obj
LOAD CMakeFiles/src.dir/C_/VSARM/sdk/pico/pico-sdk/src/rp2_common/hardware_divider/divider.S.obj
LOAD CMakeFiles/src.dir/C_/VSARM/sdk/pico/pico-sdk/src/rp2_common/pico_runtime/runtime.c.obj
LOAD CMakeFiles/src.dir/C_/VSARM/sdk/pico/pico-sdk/src/rp2_common/pico_printf/printf.c.obj
LOAD CMakeFiles/src.dir/C_/VSARM/sdk/pico/pico-sdk/src/rp2_common/pico_bit_ops/bit_ops_aeabi.S.obj
LOAD CMakeFiles/src.dir/C_/VSARM/sdk/pico/pico-sdk/src/rp2_common/pico_bootrom/bootrom.c.obj
LOAD CMakeFiles/src.dir/C_/VSARM/sdk/pico/pico-sdk/src/rp2_common/pico_divider/divider.S.obj
LOAD CMakeFiles/src.dir/C_/VSARM/sdk/pico/pico-sdk/src/rp2_common/pico_double/double_aeabi.S.obj
LOAD CMakeFiles/src.dir/C_/VSARM/sdk/pico/pico-sdk/src/rp2_common/pico_double/double_init_rom.c.obj
LOAD CMakeFiles/src.dir/C_/VSARM/sdk/pico/pico-sdk/src/rp2_common/pico_double/double_math.c.obj
LOAD CMakeFiles/src.dir/C_/VSARM/sdk/pico/pico-sdk/src/rp2_common/pico_double/double_v1_rom_shim.S.obj
LOAD CMakeFiles/src.dir/C_/VSARM/sdk/pico/pico-sdk/src/rp2_common/pico_int64_ops/pico_int64_ops_aeabi.S.obj
LOAD CMakeFiles/src.dir/C_/VSARM/sdk/pico/pico-sdk/src/rp2_common/pico_float/float_aeabi.S.obj
LOAD CMakeFiles/src.dir/C_/VSARM/sdk/pico/pico-sdk/src/rp2_common/pico_float/float_init_rom.c.obj
LOAD CMakeFiles/src.dir/C_/VSARM/sdk/pico/pico-sdk/src/rp2_common/pico_float/float_math.c.obj
LOAD CMakeFiles/src.dir/C_/VSARM/sdk/pico/pico-sdk/src/rp2_common/pico_float/float_v1_rom_shim.S.obj
LOAD CMakeFiles/src.dir/C_/VSARM/sdk/pico/pico-sdk/src/rp2_common/pico_malloc/pico_malloc.c.obj
LOAD CMakeFiles/src.dir/C_/VSARM/sdk/pico/pico-sdk/src/rp2_common/pico_mem_ops/mem_ops_aeabi.S.obj
LOAD CMakeFiles/src.dir/C_/VSARM/sdk/pico/pico-sdk/src/rp2_common/pico_standard_link/crt0.S.obj
LOAD CMakeFiles/src.dir/C_/VSARM/sdk/pico/pico-sdk/src/rp2_common/pico_standard_link/new_delete.cpp.obj
LOAD CMakeFiles/src.dir/C_/VSARM/sdk/pico/pico-sdk/src/rp2_common/pico_standard_link/binary_info.c.obj
LOAD CMakeFiles/src.dir/C_/VSARM/sdk/pico/pico-sdk/src/rp2_common/pico_stdio/stdio.c.obj
LOAD CMakeFiles/src.dir/C_/VSARM/sdk/pico/pico-sdk/src/rp2_common/pico_stdio_uart/stdio_uart.c.obj
LOAD C:\Users\CRAIG~1.HEM\AppData\Local\Temp\ccSjX9p4.o
LOAD c:/vsarm/armcc/1142da~1.3re/bin/../lib/gcc/arm-none-eabi/11.3.1/thumb/v6-m/nofp\libstdc++.a
LOAD c:/vsarm/armcc/1142da~1.3re/bin/../lib/gcc/arm-none-eabi/11.3.1/thumb/v6-m/nofp\libm.a
START GROUP
LOAD c:/vsarm/armcc/1142da~1.3re/bin/../lib/gcc/arm-none-eabi/11.3.1/thumb/v6-m/nofp\libgcc.a
LOAD c:/vsarm/armcc/1142da~1.3re/bin/../lib/gcc/arm-none-eabi/11.3.1/thumb/v6-m/nofp\libg.a
LOAD c:/vsarm/armcc/1142da~1.3re/bin/../lib/gcc/arm-none-eabi/11.3.1/thumb/v6-m/nofp\libc.a
END GROUP
START GROUP
LOAD c:/vsarm/armcc/1142da~1.3re/bin/../lib/gcc/arm-none-eabi/11.3.1/thumb/v6-m/nofp\libgcc.a
LOAD c:/vsarm/armcc/1142da~1.3re/bin/../lib/gcc/arm-none-eabi/11.3.1/thumb/v6-m/nofp\libc.a
LOAD c:/vsarm/armcc/1142da~1.3re/bin/../lib/gcc/arm-none-eabi/11.3.1/thumb/v6-m/nofp\libnosys.a
END GROUP
LOAD c:/vsarm/armcc/1142da~1.3re/bin/../lib/gcc/arm-none-eabi/11.3.1/thumb/v6-m/nofp/crtend.o
LOAD c:/vsarm/armcc/1142da~1.3re/bin/../lib/gcc/arm-none-eabi/11.3.1/thumb/v6-m/nofp/crtn.o
OUTPUT(src.elf elf32-littlearm)
LOAD linker stubs

.ARM.attributes
                0x00000000       0x28
 .ARM.attributes
                0x00000000       0x1e c:/vsarm/armcc/1142da~1.3re/bin/../lib/gcc/arm-none-eabi/11.3.1/thumb/v6-m/nofp/crti.o
 .ARM.attributes
                0x0000001e       0x2c c:/vsarm/armcc/1142da~1.3re/bin/../lib/gcc/arm-none-eabi/11.3.1/thumb/v6-m/nofp/crtbegin.o
 .ARM.attributes
                0x0000004a       0x2c CMakeFiles/src.dir/main.c.obj
 .ARM.attributes
                0x00000076       0x2c CMakeFiles/src.dir/C_/VSARM/sdk/pico/pico-sdk/src/rp2_common/pico_platform/platform.c.obj
 .ARM.attributes
                0x000000a2       0x2c CMakeFiles/src.dir/C_/VSARM/sdk/pico/pico-sdk/src/rp2_common/hardware_claim/claim.c.obj
 .ARM.attributes
                0x000000ce       0x2c CMakeFiles/src.dir/C_/VSARM/sdk/pico/pico-sdk/src/rp2_common/hardware_sync/sync.c.obj
 .ARM.attributes
                0x000000fa       0x2c CMakeFiles/src.dir/C_/VSARM/sdk/pico/pico-sdk/src/rp2_common/hardware_gpio/gpio.c.obj
 .ARM.attributes
                0x00000126       0x2c CMakeFiles/src.dir/C_/VSARM/sdk/pico/pico-sdk/src/rp2_common/hardware_irq/irq.c.obj
 .ARM.attributes
                0x00000152       0x22 CMakeFiles/src.dir/C_/VSARM/sdk/pico/pico-sdk/src/rp2_common/hardware_irq/irq_handler_chain.S.obj
 .ARM.attributes
                0x00000174       0x2c CMakeFiles/src.dir/C_/VSARM/sdk/pico/pico-sdk/src/common/pico_sync/lock_core.c.obj
 .ARM.attributes
                0x000001a0       0x2c CMakeFiles/src.dir/C_/VSARM/sdk/pico/pico-sdk/src/common/pico_sync/mutex.c.obj
 .ARM.attributes
                0x000001cc       0x2c CMakeFiles/src.dir/C_/VSARM/sdk/pico/pico-sdk/src/common/pico_time/time.c.obj
 .ARM.attributes
                0x000001f8       0x2c CMakeFiles/src.dir/C_/VSARM/sdk/pico/pico-sdk/src/rp2_common/hardware_timer/timer.c.obj
 .ARM.attributes
                0x00000224       0x2c CMakeFiles/src.dir/C_/VSARM/sdk/pico/pico-sdk/src/common/pico_util/pheap.c.obj
 .ARM.attributes
                0x00000250       0x2c CMakeFiles/src.dir/C_/VSARM/sdk/pico/pico-sdk/src/rp2_common/hardware_clocks/clocks.c.obj
 .ARM.attributes
                0x0000027c       0x2c CMakeFiles/src.dir/C_/VSARM/sdk/pico/pico-sdk/src/rp2_common/hardware_pll/pll.c.obj
 .ARM.attributes
                0x000002a8       0x2c CMakeFiles/src.dir/C_/VSARM/sdk/pico/pico-sdk/src/rp2_common/hardware_watchdog/watchdog.c.obj
 .ARM.attributes
                0x000002d4       0x2c CMakeFiles/src.dir/C_/VSARM/sdk/pico/pico-sdk/src/rp2_common/hardware_xosc/xosc.c.obj
 .ARM.attributes
                0x00000300       0x2c CMakeFiles/src.dir/C_/VSARM/sdk/pico/pico-sdk/src/rp2_common/hardware_i2c/i2c.c.obj
 .ARM.attributes
                0x0000032c       0x2c CMakeFiles/src.dir/C_/VSARM/sdk/pico/pico-sdk/src/rp2_common/hardware_uart/uart.c.obj
 .ARM.attributes
                0x00000358       0x2c CMakeFiles/src.dir/C_/VSARM/sdk/pico/pico-sdk/src/rp2_common/pico_runtime/runtime.c.obj
 .ARM.attributes
                0x00000384       0x2c CMakeFiles/src.dir/C_/VSARM/sdk/pico/pico-sdk/src/rp2_common/pico_printf/printf.c.obj
 .ARM.attributes
                0x000003b0       0x22 CMakeFiles/src.dir/C_/VSARM/sdk/pico/pico-sdk/src/rp2_common/pico_bit_ops/bit_ops_aeabi.S.obj
 .ARM.attributes
                0x000003d2       0x2c CMakeFiles/src.dir/C_/VSARM/sdk/pico/pico-sdk/src/rp2_common/pico_bootrom/bootrom.c.obj
 .ARM.attributes
                0x000003fe       0x22 CMakeFiles/src.dir/C_/VSARM/sdk/pico/pico-sdk/src/rp2_common/pico_divider/divider.S.obj
 .ARM.attributes
                0x00000420       0x22 CMakeFiles/src.dir/C_/VSARM/sdk/pico/pico-sdk/src/rp2_common/pico_double/double_aeabi.S.obj
 .ARM.attributes
                0x00000442       0x2c CMakeFiles/src.dir/C_/VSARM/sdk/pico/pico-sdk/src/rp2_common/pico_double/double_init_rom.c.obj
 .ARM.attributes
                0x0000046e       0x22 CMakeFiles/src.dir/C_/VSARM/sdk/pico/pico-sdk/src/rp2_common/pico_double/double_v1_rom_shim.S.obj
 .ARM.attributes
                0x00000490       0x22 CMakeFiles/src.dir/C_/VSARM/sdk/pico/pico-sdk/src/rp2_common/pico_int64_ops/pico_int64_ops_aeabi.S.obj
 .ARM.attributes
                0x000004b2       0x22 CMakeFiles/src.dir/C_/VSARM/sdk/pico/pico-sdk/src/rp2_common/pico_float/float_aeabi.S.obj
 .ARM.attributes
                0x000004d4       0x2c CMakeFiles/src.dir/C_/VSARM/sdk/pico/pico-sdk/src/rp2_common/pico_float/float_init_rom.c.obj
 .ARM.attributes
                0x00000500       0x22 CMakeFiles/src.dir/C_/VSARM/sdk/pico/pico-sdk/src/rp2_common/pico_float/float_v1_rom_shim.S.obj
 .ARM.attributes
                0x00000522       0x22 CMakeFiles/src.dir/C_/VSARM/sdk/pico/pico-sdk/src/rp2_common/pico_mem_ops/mem_ops_aeabi.S.obj
 .ARM.attributes
                0x00000544       0x22 CMakeFiles/src.dir/C_/VSARM/sdk/pico/pico-sdk/src/rp2_common/pico_standard_link/crt0.S.obj
 .ARM.attributes
                0x00000566       0x2c CMakeFiles/src.dir/C_/VSARM/sdk/pico/pico-sdk/src/rp2_common/pico_standard_link/binary_info.c.obj
 .ARM.attributes
                0x00000592       0x2c CMakeFiles/src.dir/C_/VSARM/sdk/pico/pico-sdk/src/rp2_common/pico_stdio/stdio.c.obj
 .ARM.attributes
                0x000005be       0x2c CMakeFiles/src.dir/C_/VSARM/sdk/pico/pico-sdk/src/rp2_common/pico_stdio_uart/stdio_uart.c.obj
 .ARM.attributes
                0x000005ea       0x22 C:\Users\CRAIG~1.HEM\AppData\Local\Temp\ccSjX9p4.o
 .ARM.attributes
                0x0000060c       0x1e c:/vsarm/armcc/1142da~1.3re/bin/../lib/gcc/arm-none-eabi/11.3.1/thumb/v6-m/nofp\libgcc.a(_dvmd_tls.o)
 .ARM.attributes
                0x0000062a       0x2c c:/vsarm/armcc/1142da~1.3re/bin/../lib/gcc/arm-none-eabi/11.3.1/thumb/v6-m/nofp\libg.a(libc_a-strlen-stub.o)
 .ARM.attributes
                0x00000656       0x2c c:/vsarm/armcc/1142da~1.3re/bin/../lib/gcc/arm-none-eabi/11.3.1/thumb/v6-m/nofp/crtend.o

.comment        0x00000000       0x33
 .comment       0x00000000       0x33 c:/vsarm/armcc/1142da~1.3re/bin/../lib/gcc/arm-none-eabi/11.3.1/thumb/v6-m/nofp/crtbegin.o
                                 0x34 (size before relaxing)
 .comment       0x00000033       0x34 CMakeFiles/src.dir/main.c.obj
 .comment       0x00000033       0x34 CMakeFiles/src.dir/C_/VSARM/sdk/pico/pico-sdk/src/rp2_common/pico_platform/platform.c.obj
 .comment       0x00000033       0x34 CMakeFiles/src.dir/C_/VSARM/sdk/pico/pico-sdk/src/rp2_common/hardware_claim/claim.c.obj
 .comment       0x00000033       0x34 CMakeFiles/src.dir/C_/VSARM/sdk/pico/pico-sdk/src/rp2_common/hardware_sync/sync.c.obj
 .comment       0x00000033       0x34 CMakeFiles/src.dir/C_/VSARM/sdk/pico/pico-sdk/src/rp2_common/hardware_gpio/gpio.c.obj
 .comment       0x00000033       0x34 CMakeFiles/src.dir/C_/VSARM/sdk/pico/pico-sdk/src/rp2_common/hardware_irq/irq.c.obj
 .comment       0x00000033       0x34 CMakeFiles/src.dir/C_/VSARM/sdk/pico/pico-sdk/src/common/pico_sync/lock_core.c.obj
 .comment       0x00000033       0x34 CMakeFiles/src.dir/C_/VSARM/sdk/pico/pico-sdk/src/common/pico_sync/mutex.c.obj
 .comment       0x00000033       0x34 CMakeFiles/src.dir/C_/VSARM/sdk/pico/pico-sdk/src/common/pico_time/time.c.obj
 .comment       0x00000033       0x34 CMakeFiles/src.dir/C_/VSARM/sdk/pico/pico-sdk/src/rp2_common/hardware_timer/timer.c.obj
 .comment       0x00000033       0x34 CMakeFiles/src.dir/C_/VSARM/sdk/pico/pico-sdk/src/common/pico_util/pheap.c.obj
 .comment       0x00000033       0x34 CMakeFiles/src.dir/C_/VSARM/sdk/pico/pico-sdk/src/rp2_common/hardware_clocks/clocks.c.obj
 .comment       0x00000033       0x34 CMakeFiles/src.dir/C_/VSARM/sdk/pico/pico-sdk/src/rp2_common/hardware_pll/pll.c.obj
 .comment       0x00000033       0x34 CMakeFiles/src.dir/C_/VSARM/sdk/pico/pico-sdk/src/rp2_common/hardware_watchdog/watchdog.c.obj
 .comment       0x00000033       0x34 CMakeFiles/src.dir/C_/VSARM/sdk/pico/pico-sdk/src/rp2_common/hardware_xosc/xosc.c.obj
 .comment       0x00000033       0x34 CMakeFiles/src.dir/C_/VSARM/sdk/pico/pico-sdk/src/rp2_common/hardware_i2c/i2c.c.obj
 .comment       0x00000033       0x34 CMakeFiles/src.dir/C_/VSARM/sdk/pico/pico-sdk/src/rp2_common/hardware_uart/uart.c.obj
 .comment       0x00000033       0x34 CMakeFiles/src.dir/C_/VSARM/sdk/pico/pico-sdk/src/rp2_common/pico_runtime/runtime.c.obj
 .comment       0x00000033       0x34 CMakeFiles/src.dir/C_/VSARM/sdk/pico/pico-sdk/src/rp2_common/pico_printf/printf.c.obj
 .comment       0x00000033       0x34 CMakeFiles/src.dir/C_/VSARM/sdk/pico/pico-sdk/src/rp2_common/pico_bootrom/bootrom.c.obj
 .comment       0x00000033       0x34 CMakeFiles/src.dir/C_/VSARM/sdk/pico/pico-sdk/src/rp2_common/pico_double/double_init_rom.c.obj
 .comment       0x00000033       0x34 CMakeFiles/src.dir/C_/VSARM/sdk/pico/pico-sdk/src/rp2_common/pico_float/float_init_rom.c.obj
 .comment       0x00000033       0x34 CMakeFiles/src.dir/C_/VSARM/sdk/pico/pico-sdk/src/rp2_common/pico_standard_link/binary_info.c.obj
 .comment       0x00000033       0x34 CMakeFiles/src.dir/C_/VSARM/sdk/pico/pico-sdk/src/rp2_common/pico_stdio/stdio.c.obj
 .comment       0x00000033       0x34 CMakeFiles/src.dir/C_/VSARM/sdk/pico/pico-sdk/src/rp2_common/pico_stdio_uart/stdio_uart.c.obj
 .comment       0x00000033       0x34 c:/vsarm/armcc/1142da~1.3re/bin/../lib/gcc/arm-none-eabi/11.3.1/thumb/v6-m/nofp\libg.a(libc_a-strlen-stub.o)
 .comment       0x00000033       0x34 c:/vsarm/armcc/1142da~1.3re/bin/../lib/gcc/arm-none-eabi/11.3.1/thumb/v6-m/nofp/crtend.o

.debug_info     0x00000000    0x184cc
 .debug_info    0x00000000     0x1d5b CMakeFiles/src.dir/main.c.obj
 .debug_info    0x00001d5b      0x1fb CMakeFiles/src.dir/C_/VSARM/sdk/pico/pico-sdk/src/rp2_common/pico_platform/platform.c.obj
 .debug_info    0x00001f56      0x696 CMakeFiles/src.dir/C_/VSARM/sdk/pico/pico-sdk/src/rp2_common/hardware_claim/claim.c.obj
 .debug_info    0x000025ec      0x5db CMakeFiles/src.dir/C_/VSARM/sdk/pico/pico-sdk/src/rp2_common/hardware_sync/sync.c.obj
 .debug_info    0x00002bc7     0x1671 CMakeFiles/src.dir/C_/VSARM/sdk/pico/pico-sdk/src/rp2_common/hardware_gpio/gpio.c.obj
 .debug_info    0x00004238     0x1c71 CMakeFiles/src.dir/C_/VSARM/sdk/pico/pico-sdk/src/rp2_common/hardware_irq/irq.c.obj
 .debug_info    0x00005ea9      0x1a3 CMakeFiles/src.dir/C_/VSARM/sdk/pico/pico-sdk/src/common/pico_sync/lock_core.c.obj
 .debug_info    0x0000604c     0x20ef CMakeFiles/src.dir/C_/VSARM/sdk/pico/pico-sdk/src/common/pico_sync/mutex.c.obj
 .debug_info    0x0000813b     0x4143 CMakeFiles/src.dir/C_/VSARM/sdk/pico/pico-sdk/src/common/pico_time/time.c.obj
 .debug_info    0x0000c27e     0x141f CMakeFiles/src.dir/C_/VSARM/sdk/pico/pico-sdk/src/rp2_common/hardware_timer/timer.c.obj
 .debug_info    0x0000d69d     0x1252 CMakeFiles/src.dir/C_/VSARM/sdk/pico/pico-sdk/src/common/pico_util/pheap.c.obj
 .debug_info    0x0000e8ef      0xfa6 CMakeFiles/src.dir/C_/VSARM/sdk/pico/pico-sdk/src/rp2_common/hardware_clocks/clocks.c.obj
 .debug_info    0x0000f895      0x505 CMakeFiles/src.dir/C_/VSARM/sdk/pico/pico-sdk/src/rp2_common/hardware_pll/pll.c.obj
 .debug_info    0x0000fd9a      0x4c5 CMakeFiles/src.dir/C_/VSARM/sdk/pico/pico-sdk/src/rp2_common/hardware_watchdog/watchdog.c.obj
 .debug_info    0x0001025f      0x1c7 CMakeFiles/src.dir/C_/VSARM/sdk/pico/pico-sdk/src/rp2_common/hardware_xosc/xosc.c.obj
 .debug_info    0x00010426     0x15a6 CMakeFiles/src.dir/C_/VSARM/sdk/pico/pico-sdk/src/rp2_common/hardware_i2c/i2c.c.obj
 .debug_info    0x000119cc      0xb20 CMakeFiles/src.dir/C_/VSARM/sdk/pico/pico-sdk/src/rp2_common/hardware_uart/uart.c.obj
 .debug_info    0x000124ec      0xfdc CMakeFiles/src.dir/C_/VSARM/sdk/pico/pico-sdk/src/rp2_common/pico_runtime/runtime.c.obj
 .debug_info    0x000134c8     0x19b1 CMakeFiles/src.dir/C_/VSARM/sdk/pico/pico-sdk/src/rp2_common/pico_printf/printf.c.obj
 .debug_info    0x00014e79       0x23 CMakeFiles/src.dir/C_/VSARM/sdk/pico/pico-sdk/src/rp2_common/pico_bit_ops/bit_ops_aeabi.S.obj
 .debug_info    0x00014e9c      0x26d CMakeFiles/src.dir/C_/VSARM/sdk/pico/pico-sdk/src/rp2_common/pico_bootrom/bootrom.c.obj
 .debug_info    0x00015109       0x23 CMakeFiles/src.dir/C_/VSARM/sdk/pico/pico-sdk/src/rp2_common/pico_divider/divider.S.obj
 .debug_info    0x0001512c       0x23 CMakeFiles/src.dir/C_/VSARM/sdk/pico/pico-sdk/src/rp2_common/pico_double/double_aeabi.S.obj
 .debug_info    0x0001514f      0x33f CMakeFiles/src.dir/C_/VSARM/sdk/pico/pico-sdk/src/rp2_common/pico_double/double_init_rom.c.obj
 .debug_info    0x0001548e       0x23 CMakeFiles/src.dir/C_/VSARM/sdk/pico/pico-sdk/src/rp2_common/pico_double/double_v1_rom_shim.S.obj
 .debug_info    0x000154b1       0x24 CMakeFiles/src.dir/C_/VSARM/sdk/pico/pico-sdk/src/rp2_common/pico_int64_ops/pico_int64_ops_aeabi.S.obj
 .debug_info    0x000154d5       0x23 CMakeFiles/src.dir/C_/VSARM/sdk/pico/pico-sdk/src/rp2_common/pico_float/float_aeabi.S.obj
 .debug_info    0x000154f8      0x34f CMakeFiles/src.dir/C_/VSARM/sdk/pico/pico-sdk/src/rp2_common/pico_float/float_init_rom.c.obj
 .debug_info    0x00015847       0x23 CMakeFiles/src.dir/C_/VSARM/sdk/pico/pico-sdk/src/rp2_common/pico_float/float_v1_rom_shim.S.obj
 .debug_info    0x0001586a       0x23 CMakeFiles/src.dir/C_/VSARM/sdk/pico/pico-sdk/src/rp2_common/pico_mem_ops/mem_ops_aeabi.S.obj
 .debug_info    0x0001588d       0x23 CMakeFiles/src.dir/C_/VSARM/sdk/pico/pico-sdk/src/rp2_common/pico_standard_link/crt0.S.obj
 .debug_info    0x000158b0      0x2b3 CMakeFiles/src.dir/C_/VSARM/sdk/pico/pico-sdk/src/rp2_common/pico_standard_link/binary_info.c.obj
 .debug_info    0x00015b63     0x180b CMakeFiles/src.dir/C_/VSARM/sdk/pico/pico-sdk/src/rp2_common/pico_stdio/stdio.c.obj
 .debug_info    0x0001736e     0x104f CMakeFiles/src.dir/C_/VSARM/sdk/pico/pico-sdk/src/rp2_common/pico_stdio_uart/stdio_uart.c.obj
 .debug_info    0x000183bd       0x24 c:/vsarm/armcc/1142da~1.3re/bin/../lib/gcc/arm-none-eabi/11.3.1/thumb/v6-m/nofp\libgcc.a(_dvmd_tls.o)
 .debug_info    0x000183e1       0xeb c:/vsarm/armcc/1142da~1.3re/bin/../lib/gcc/arm-none-eabi/11.3.1/thumb/v6-m/nofp\libg.a(libc_a-strlen-stub.o)

.debug_abbrev   0x00000000     0x4d48
 .debug_abbrev  0x00000000      0x447 CMakeFiles/src.dir/main.c.obj
 .debug_abbrev  0x00000447       0xf8 CMakeFiles/src.dir/C_/VSARM/sdk/pico/pico-sdk/src/rp2_common/pico_platform/platform.c.obj
 .debug_abbrev  0x0000053f      0x2d1 CMakeFiles/src.dir/C_/VSARM/sdk/pico/pico-sdk/src/rp2_common/hardware_claim/claim.c.obj
 .debug_abbrev  0x00000810      0x249 CMakeFiles/src.dir/C_/VSARM/sdk/pico/pico-sdk/src/rp2_common/hardware_sync/sync.c.obj
 .debug_abbrev  0x00000a59      0x361 CMakeFiles/src.dir/C_/VSARM/sdk/pico/pico-sdk/src/rp2_common/hardware_gpio/gpio.c.obj
 .debug_abbrev  0x00000dba      0x52b CMakeFiles/src.dir/C_/VSARM/sdk/pico/pico-sdk/src/rp2_common/hardware_irq/irq.c.obj
 .debug_abbrev  0x000012e5      0x116 CMakeFiles/src.dir/C_/VSARM/sdk/pico/pico-sdk/src/common/pico_sync/lock_core.c.obj
 .debug_abbrev  0x000013fb      0x3ee CMakeFiles/src.dir/C_/VSARM/sdk/pico/pico-sdk/src/common/pico_sync/mutex.c.obj
 .debug_abbrev  0x000017e9      0x609 CMakeFiles/src.dir/C_/VSARM/sdk/pico/pico-sdk/src/common/pico_time/time.c.obj
 .debug_abbrev  0x00001df2      0x3d9 CMakeFiles/src.dir/C_/VSARM/sdk/pico/pico-sdk/src/rp2_common/hardware_timer/timer.c.obj
 .debug_abbrev  0x000021cb      0x2c9 CMakeFiles/src.dir/C_/VSARM/sdk/pico/pico-sdk/src/common/pico_util/pheap.c.obj
 .debug_abbrev  0x00002494      0x412 CMakeFiles/src.dir/C_/VSARM/sdk/pico/pico-sdk/src/rp2_common/hardware_clocks/clocks.c.obj
 .debug_abbrev  0x000028a6      0x1e7 CMakeFiles/src.dir/C_/VSARM/sdk/pico/pico-sdk/src/rp2_common/hardware_pll/pll.c.obj
 .debug_abbrev  0x00002a8d      0x1a8 CMakeFiles/src.dir/C_/VSARM/sdk/pico/pico-sdk/src/rp2_common/hardware_watchdog/watchdog.c.obj
 .debug_abbrev  0x00002c35      0x10c CMakeFiles/src.dir/C_/VSARM/sdk/pico/pico-sdk/src/rp2_common/hardware_xosc/xosc.c.obj
 .debug_abbrev  0x00002d41      0x4a8 CMakeFiles/src.dir/C_/VSARM/sdk/pico/pico-sdk/src/rp2_common/hardware_i2c/i2c.c.obj
 .debug_abbrev  0x000031e9      0x2e3 CMakeFiles/src.dir/C_/VSARM/sdk/pico/pico-sdk/src/rp2_common/hardware_uart/uart.c.obj
 .debug_abbrev  0x000034cc      0x50f CMakeFiles/src.dir/C_/VSARM/sdk/pico/pico-sdk/src/rp2_common/pico_runtime/runtime.c.obj
 .debug_abbrev  0x000039db      0x38a CMakeFiles/src.dir/C_/VSARM/sdk/pico/pico-sdk/src/rp2_common/pico_printf/printf.c.obj
 .debug_abbrev  0x00003d65       0x12 CMakeFiles/src.dir/C_/VSARM/sdk/pico/pico-sdk/src/rp2_common/pico_bit_ops/bit_ops_aeabi.S.obj
 .debug_abbrev  0x00003d77      0x139 CMakeFiles/src.dir/C_/VSARM/sdk/pico/pico-sdk/src/rp2_common/pico_bootrom/bootrom.c.obj
 .debug_abbrev  0x00003eb0       0x12 CMakeFiles/src.dir/C_/VSARM/sdk/pico/pico-sdk/src/rp2_common/pico_divider/divider.S.obj
 .debug_abbrev  0x00003ec2       0x12 CMakeFiles/src.dir/C_/VSARM/sdk/pico/pico-sdk/src/rp2_common/pico_double/double_aeabi.S.obj
 .debug_abbrev  0x00003ed4      0x1ba CMakeFiles/src.dir/C_/VSARM/sdk/pico/pico-sdk/src/rp2_common/pico_double/double_init_rom.c.obj
 .debug_abbrev  0x0000408e       0x12 CMakeFiles/src.dir/C_/VSARM/sdk/pico/pico-sdk/src/rp2_common/pico_double/double_v1_rom_shim.S.obj
 .debug_abbrev  0x000040a0       0x14 CMakeFiles/src.dir/C_/VSARM/sdk/pico/pico-sdk/src/rp2_common/pico_int64_ops/pico_int64_ops_aeabi.S.obj
 .debug_abbrev  0x000040b4       0x12 CMakeFiles/src.dir/C_/VSARM/sdk/pico/pico-sdk/src/rp2_common/pico_float/float_aeabi.S.obj
 .debug_abbrev  0x000040c6      0x1c6 CMakeFiles/src.dir/C_/VSARM/sdk/pico/pico-sdk/src/rp2_common/pico_float/float_init_rom.c.obj
 .debug_abbrev  0x0000428c       0x12 CMakeFiles/src.dir/C_/VSARM/sdk/pico/pico-sdk/src/rp2_common/pico_float/float_v1_rom_shim.S.obj
 .debug_abbrev  0x0000429e       0x12 CMakeFiles/src.dir/C_/VSARM/sdk/pico/pico-sdk/src/rp2_common/pico_mem_ops/mem_ops_aeabi.S.obj
 .debug_abbrev  0x000042b0       0x12 CMakeFiles/src.dir/C_/VSARM/sdk/pico/pico-sdk/src/rp2_common/pico_standard_link/crt0.S.obj
 .debug_abbrev  0x000042c2       0xb8 CMakeFiles/src.dir/C_/VSARM/sdk/pico/pico-sdk/src/rp2_common/pico_standard_link/binary_info.c.obj
 .debug_abbrev  0x0000437a      0x51c CMakeFiles/src.dir/C_/VSARM/sdk/pico/pico-sdk/src/rp2_common/pico_stdio/stdio.c.obj
 .debug_abbrev  0x00004896      0x40e CMakeFiles/src.dir/C_/VSARM/sdk/pico/pico-sdk/src/rp2_common/pico_stdio_uart/stdio_uart.c.obj
 .debug_abbrev  0x00004ca4       0x14 c:/vsarm/armcc/1142da~1.3re/bin/../lib/gcc/arm-none-eabi/11.3.1/thumb/v6-m/nofp\libgcc.a(_dvmd_tls.o)
 .debug_abbrev  0x00004cb8       0x90 c:/vsarm/armcc/1142da~1.3re/bin/../lib/gcc/arm-none-eabi/11.3.1/thumb/v6-m/nofp\libg.a(libc_a-strlen-stub.o)

.debug_loclists
                0x00000000     0x9d24
 .debug_loclists
                0x00000000      0x388 CMakeFiles/src.dir/main.c.obj
 .debug_loclists
                0x00000388       0x9f CMakeFiles/src.dir/C_/VSARM/sdk/pico/pico-sdk/src/rp2_common/pico_platform/platform.c.obj
 .debug_loclists
                0x00000427      0x27b CMakeFiles/src.dir/C_/VSARM/sdk/pico/pico-sdk/src/rp2_common/hardware_claim/claim.c.obj
 .debug_loclists
                0x000006a2      0x157 CMakeFiles/src.dir/C_/VSARM/sdk/pico/pico-sdk/src/rp2_common/hardware_sync/sync.c.obj
 .debug_loclists
                0x000007f9      0x968 CMakeFiles/src.dir/C_/VSARM/sdk/pico/pico-sdk/src/rp2_common/hardware_gpio/gpio.c.obj
 .debug_loclists
                0x00001161      0xc8e CMakeFiles/src.dir/C_/VSARM/sdk/pico/pico-sdk/src/rp2_common/hardware_irq/irq.c.obj
 .debug_loclists
                0x00001def       0x4a CMakeFiles/src.dir/C_/VSARM/sdk/pico/pico-sdk/src/common/pico_sync/lock_core.c.obj
 .debug_loclists
                0x00001e39      0xcaa CMakeFiles/src.dir/C_/VSARM/sdk/pico/pico-sdk/src/common/pico_sync/mutex.c.obj
 .debug_loclists
                0x00002ae3     0x1ec8 CMakeFiles/src.dir/C_/VSARM/sdk/pico/pico-sdk/src/common/pico_time/time.c.obj
 .debug_loclists
                0x000049ab      0x660 CMakeFiles/src.dir/C_/VSARM/sdk/pico/pico-sdk/src/rp2_common/hardware_timer/timer.c.obj
 .debug_loclists
                0x0000500b      0xc2a CMakeFiles/src.dir/C_/VSARM/sdk/pico/pico-sdk/src/common/pico_util/pheap.c.obj
 .debug_loclists
                0x00005c35      0x4f6 CMakeFiles/src.dir/C_/VSARM/sdk/pico/pico-sdk/src/rp2_common/hardware_clocks/clocks.c.obj
 .debug_loclists
                0x0000612b      0x1e1 CMakeFiles/src.dir/C_/VSARM/sdk/pico/pico-sdk/src/rp2_common/hardware_pll/pll.c.obj
 .debug_loclists
                0x0000630c      0x1ce CMakeFiles/src.dir/C_/VSARM/sdk/pico/pico-sdk/src/rp2_common/hardware_watchdog/watchdog.c.obj
 .debug_loclists
                0x000064da       0x48 CMakeFiles/src.dir/C_/VSARM/sdk/pico/pico-sdk/src/rp2_common/hardware_xosc/xosc.c.obj
 .debug_loclists
                0x00006522      0xbde CMakeFiles/src.dir/C_/VSARM/sdk/pico/pico-sdk/src/rp2_common/hardware_i2c/i2c.c.obj
 .debug_loclists
                0x00007100      0x2f8 CMakeFiles/src.dir/C_/VSARM/sdk/pico/pico-sdk/src/rp2_common/hardware_uart/uart.c.obj
 .debug_loclists
                0x000073f8      0x40e CMakeFiles/src.dir/C_/VSARM/sdk/pico/pico-sdk/src/rp2_common/pico_runtime/runtime.c.obj
 .debug_loclists
                0x00007806     0x1590 CMakeFiles/src.dir/C_/VSARM/sdk/pico/pico-sdk/src/rp2_common/pico_printf/printf.c.obj
 .debug_loclists
                0x00008d96       0xff CMakeFiles/src.dir/C_/VSARM/sdk/pico/pico-sdk/src/rp2_common/pico_bootrom/bootrom.c.obj
 .debug_loclists
                0x00008e95       0x41 CMakeFiles/src.dir/C_/VSARM/sdk/pico/pico-sdk/src/rp2_common/pico_double/double_init_rom.c.obj
 .debug_loclists
                0x00008ed6       0x4f CMakeFiles/src.dir/C_/VSARM/sdk/pico/pico-sdk/src/rp2_common/pico_float/float_init_rom.c.obj
 .debug_loclists
                0x00008f25      0x8ad CMakeFiles/src.dir/C_/VSARM/sdk/pico/pico-sdk/src/rp2_common/pico_stdio/stdio.c.obj
 .debug_loclists
                0x000097d2      0x4f4 CMakeFiles/src.dir/C_/VSARM/sdk/pico/pico-sdk/src/rp2_common/pico_stdio_uart/stdio_uart.c.obj
 .debug_loclists
                0x00009cc6       0x5e c:/vsarm/armcc/1142da~1.3re/bin/../lib/gcc/arm-none-eabi/11.3.1/thumb/v6-m/nofp\libg.a(libc_a-strlen-stub.o)

.debug_aranges  0x00000000      0xf60
 .debug_aranges
                0x00000000       0x78 CMakeFiles/src.dir/main.c.obj
 .debug_aranges
                0x00000078       0x28 CMakeFiles/src.dir/C_/VSARM/sdk/pico/pico-sdk/src/rp2_common/pico_platform/platform.c.obj
 .debug_aranges
                0x000000a0       0x48 CMakeFiles/src.dir/C_/VSARM/sdk/pico/pico-sdk/src/rp2_common/hardware_claim/claim.c.obj
 .debug_aranges
                0x000000e8       0x58 CMakeFiles/src.dir/C_/VSARM/sdk/pico/pico-sdk/src/rp2_common/hardware_sync/sync.c.obj
 .debug_aranges
                0x00000140      0x100 CMakeFiles/src.dir/C_/VSARM/sdk/pico/pico-sdk/src/rp2_common/hardware_gpio/gpio.c.obj
 .debug_aranges
                0x00000240       0xc8 CMakeFiles/src.dir/C_/VSARM/sdk/pico/pico-sdk/src/rp2_common/hardware_irq/irq.c.obj
 .debug_aranges
                0x00000308       0x20 CMakeFiles/src.dir/C_/VSARM/sdk/pico/pico-sdk/src/common/pico_sync/lock_core.c.obj
 .debug_aranges
                0x00000328       0x90 CMakeFiles/src.dir/C_/VSARM/sdk/pico/pico-sdk/src/common/pico_sync/mutex.c.obj
 .debug_aranges
                0x000003b8       0xe8 CMakeFiles/src.dir/C_/VSARM/sdk/pico/pico-sdk/src/common/pico_time/time.c.obj
 .debug_aranges
                0x000004a0       0x88 CMakeFiles/src.dir/C_/VSARM/sdk/pico/pico-sdk/src/rp2_common/hardware_timer/timer.c.obj
 .debug_aranges